ARM Linker, RVCT4.0 [Build 524] for uVision [Standard]

==============================================================================

Section Cross References

    main.o(i.App_TaskCreate) refers to soft.o(i.App_BlinkTaskCreate) for App_BlinkTaskCreate
    main.o(i.App_TaskStart) refers to misc.o(i.NVIC_PriorityGroupConfig) for NVIC_PriorityGroupConfig
    main.o(i.App_TaskStart) refers to main.o(i.GPIO_Configuration) for GPIO_Configuration
    main.o(i.App_TaskStart) refers to hd_prt3201.o(i.InitGpio) for InitGpio
    main.o(i.App_TaskStart) refers to os_cpu_c.o(i.OS_CPU_SysTickInit) for OS_CPU_SysTickInit
    main.o(i.App_TaskStart) refers to user.o(i.StepMotInit) for StepMotInit
    main.o(i.App_TaskStart) refers to hd_prt3201.o(i.Init_Tim3) for Init_Tim3
    main.o(i.App_TaskStart) refers to hd_prt3201.o(i.InitUSART1) for InitUSART1
    main.o(i.App_TaskStart) refers to os_core.o(i.OSStatInit) for OSStatInit
    main.o(i.App_TaskStart) refers to main.o(i.App_TaskCreate) for App_TaskCreate
    main.o(i.App_TaskStart) refers to os_time.o(i.OSTimeDlyHMSM) for OSTimeDlyHMSM
    main.o(i.main) refers to cpu_a.o(.text) for CPU_IntDis
    main.o(i.main) refers to os_core.o(i.OSInit) for OSInit
    main.o(i.main) refers to os_task.o(i.OSTaskCreateExt) for OSTaskCreateExt
    main.o(i.main) refers to os_task.o(i.OSTaskNameSet) for OSTaskNameSet
    main.o(i.main) refers to os_core.o(i.OSStart) for OSStart
    main.o(i.main) refers to main.o(.bss) for .bss
    main.o(i.main) refers to main.o(i.App_TaskStart) for App_TaskStart
    uart.o(i.GetOneFromUart1) refers to os_cpu_a.o(.text) for OS_CPU_SR_Save
    uart.o(i.GetOneFromUart1) refers to loopbuf.o(i.GetLoopbuf) for GetLoopbuf
    uart.o(i.GetOneFromUart1) refers to uart.o(.data) for Uart1RecvStruct
    uart.o(i.GetOneFromUart1) refers to uart.o(.bss) for Uart1RecvBuf
    uart.o(i.SendString_UART1) refers to uart.o(i.Uart1CharSend) for Uart1CharSend
    uart.o(i.SendText_UART1) refers to uart.o(i.Uart1CharSend) for Uart1CharSend
    uart.o(i.Uart1BufInit) refers to os_cpu_a.o(.text) for OS_CPU_SR_Save
    uart.o(i.Uart1BufInit) refers to loopbuf.o(i.ClearLoopBuf) for ClearLoopBuf
    uart.o(i.Uart1BufInit) refers to uart.o(.data) for Uart1Sending
    uart.o(i.Uart1CharSend) refers to os_time.o(i.OSTimeDly) for OSTimeDly
    uart.o(i.Uart1CharSend) refers to os_cpu_a.o(.text) for OS_CPU_SR_Save
    uart.o(i.Uart1CharSend) refers to loopbuf.o(i.AddLoopBuf) for AddLoopBuf
    uart.o(i.Uart1CharSend) refers to loopbuf.o(i.GetLoopbuf) for GetLoopbuf
    uart.o(i.Uart1CharSend) refers to stm32f10x_usart.o(i.USART_SendData) for USART_SendData
    uart.o(i.Uart1CharSend) refers to stm32f10x_usart.o(i.USART_ITConfig) for USART_ITConfig
    uart.o(i.Uart1CharSend) refers to uart.o(.data) for Uart1SendStruct
    uart.o(i.Uart1CharSend) refers to uart.o(.bss) for Uart1SendBuf
    nomal.o(i.GetCRC_Checksum1) refers to nomal.o(.constdata) for fcstab
    nomal.o(i.HexCharToAscString) refers to nomal.o(i.HexToAsc) for HexToAsc
    nomal.o(i.IsHexAsc) refers to nomal.o(i.IsNumberAsc) for IsNumberAsc
    nomal.o(i.MakeValAsc16) refers to nomal.o(i.PutString) for PutString
    nomal.o(i.MakeValAsc16) refers to nomal.o(i.HexToAsc) for HexToAsc
    nomal.o(i.MakeValAsc32) refers to nomal.o(i.PutString) for PutString
    nomal.o(i.MakeValAsc32) refers to nomal.o(i.HexToAsc) for HexToAsc
    nomal.o(i.MakeValHex16) refers to nomal.o(i.PutString) for PutString
    nomal.o(i.MakeValHex16) refers to nomal.o(i.HexToAsc) for HexToAsc
    nomal.o(i.NumberAscStringToInt16) refers to nomal.o(i.IsNumberAsc) for IsNumberAsc
    nomal.o(i.NumberAscStringToInt16) refers to nomal.o(i.AscToHex) for AscToHex
    loopbuf.o(i.SetLoopBuf_Non) refers to loopbuf.o(i.ClearLoopBuf) for ClearLoopBuf
    stm32f10x_it.o(i.SysTick_Handler) refers to os_cpu_a.o(.text) for OS_CPU_SR_Save
    stm32f10x_it.o(i.SysTick_Handler) refers to os_core.o(i.OSTimeTick) for OSTimeTick
    stm32f10x_it.o(i.SysTick_Handler) refers to os_core.o(i.OSIntExit) for OSIntExit
    stm32f10x_it.o(i.SysTick_Handler) refers to os_core.o(.data) for OSIntNesting
    stm32f10x_it.o(i.TIM3_IRQHandler) refers to stm32f10x_tim.o(i.TIM_GetITStatus) for TIM_GetITStatus
    stm32f10x_it.o(i.TIM3_IRQHandler) refers to stm32f10x_tim.o(i.TIM_ClearITPendingBit) for TIM_ClearITPendingBit
    stm32f10x_it.o(i.TIM3_IRQHandler) refers to stm32f10x_gpio.o(i.GPIO_SetBits) for GPIO_SetBits
    stm32f10x_it.o(i.TIM3_IRQHandler) refers to stm32f10x_gpio.o(i.GPIO_ResetBits) for GPIO_ResetBits
    stm32f10x_it.o(i.TIM3_IRQHandler) refers to user.o(.bss) for StepMot1
    stm32f10x_it.o(i.USART1_IRQHandler) refers to hd_prt3201.o(i.USART1_RxTxISRHandler) for USART1_RxTxISRHandler
    soft.o(i.App_BlinkTaskCreate) refers to os_task.o(i.OSTaskCreate) for OSTaskCreate
    soft.o(i.App_BlinkTaskCreate) refers to os_task.o(i.OSTaskNameSet) for OSTaskNameSet
    soft.o(i.App_BlinkTaskCreate) refers to os_sem.o(i.OSSemCreate) for OSSemCreate
[...]
    Removing os_flag.o(i.OSFlagCreate), (100 bytes).
    Removing os_flag.o(i.OSFlagDel), (232 bytes).
    Removing os_flag.o(i.OSFlagNameGet), (104 bytes).
    Removing os_flag.o(i.OSFlagNameSet), (84 bytes).
    Removing os_flag.o(i.OSFlagPend), (664 bytes).
    Removing os_flag.o(i.OSFlagPendGetFlagsRdy), (32 bytes).
    Removing os_flag.o(i.OSFlagPost), (352 bytes).
    Removing os_flag.o(i.OSFlagQuery), (58 bytes).
    Removing os_flag.o(i.OS_FlagBlock), (180 bytes).
    Removing os_flag.o(i.OS_FlagTaskRdy), (92 bytes).
    Removing os_flag.o(i.OS_FlagUnlink), (34 bytes).
    Removing os_mbox.o(i.OSMboxAccept), (44 bytes).
    Removing os_mbox.o(i.OSMboxCreate), (84 bytes).
    Removing os_mbox.o(i.OSMboxDel), (228 bytes).
    Removing os_mbox.o(i.OSMboxPend), (276 bytes).
    Removing os_mbox.o(i.OSMboxPendAbort), (136 bytes).
    Removing os_mbox.o(i.OSMboxPost), (92 bytes).
    Removing os_mbox.o(i.OSMboxPostOpt), (132 bytes).
    Removing os_mbox.o(i.OSMboxQuery), (88 bytes).
    Removing os_mem.o(i.OSMemCreate), (180 bytes).
    Removing os_mem.o(i.OSMemGet), (72 bytes).
    Removing os_mem.o(i.OSMemNameGet), (84 bytes).
    Removing os_mem.o(i.OSMemNameSet), (68 bytes).
    Removing os_mem.o(i.OSMemPut), (66 bytes).
    Removing os_mem.o(i.OSMemQuery), (64 bytes).
    Removing os_mutex.o(i.OSMutexAccept), (156 bytes).
    Removing os_mutex.o(i.OSMutexCreate), (168 bytes).
    Removing os_mutex.o(i.OSMutexDel), (292 bytes).
    Removing os_mutex.o(i.OSMutexPend), (640 bytes).
    Removing os_mutex.o(i.OSMutexPost), (208 bytes).
    Removing os_mutex.o(i.OSMutexQuery), (124 bytes).
    Removing os_mutex.o(i.OSMutex_RdyAtPrio), (140 bytes).
    Removing os_q.o(i.OSQAccept), (98 bytes).
    Removing os_q.o(i.OSQCreate), (164 bytes).
    Removing os_q.o(i.OSQDel), (268 bytes).
    Removing os_q.o(i.OSQFlush), (52 bytes).
    Removing os_q.o(i.OSQPend), (320 bytes).
    Removing os_q.o(i.OSQPendAbort), (136 bytes).
    Removing os_q.o(i.OSQPost), (120 bytes).
    Removing os_q.o(i.OSQPostFront), (122 bytes).
    Removing os_q.o(i.OSQPostOpt), (188 bytes).
    Removing os_q.o(i.OSQQuery), (110 bytes).
    Removing os_sem.o(i.OSSemAccept), (48 bytes).
    Removing os_sem.o(i.OSSemDel), (228 bytes).
    Removing os_sem.o(i.OSSemPendAbort), (136 bytes).
    Removing os_sem.o(i.OSSemQuery), (88 bytes).
    Removing os_sem.o(i.OSSemSet), (72 bytes).
    Removing os_task.o(i.OSTaskChangePrio), (488 bytes).
    Removing os_task.o(i.OSTaskDel), (372 bytes).
    Removing os_task.o(i.OSTaskDelReq), (120 bytes).
    Removing os_task.o(i.OSTaskNameGet), (152 bytes).
    Removing os_task.o(i.OSTaskQuery), (108 bytes).
    Removing os_task.o(i.OSTaskRegGet), (96 bytes).
    Removing os_task.o(i.OSTaskRegSet), (96 bytes).
    Removing os_task.o(i.OSTaskResume), (180 bytes).
    Removing os_task.o(i.OS_TaskReturn), (24 bytes).
    Removing os_time.o(i.OSTimeDlyResume), (180 bytes).
    Removing os_time.o(i.OSTimeGet), (28 bytes).
    Removing os_time.o(i.OSTimeSet), (28 bytes).
    Removing os_tmr.o(i.OSTmrCreate), (164 bytes).
    Removing os_tmr.o(i.OSTmrDel), (140 bytes).
    Removing os_tmr.o(i.OSTmrNameGet), (140 bytes).
    Removing os_tmr.o(i.OSTmrRemainGet), (184 bytes).
    Removing os_tmr.o(i.OSTmrStart), (144 bytes).
    Removing os_tmr.o(i.OSTmrStateGet), (100 bytes).
    Removing os_tmr.o(i.OSTmrStop), (216 bytes).
    Removing os_tmr.o(i.OSTmr_Alloc), (64 bytes).
    Removing os_tmr.o(i.OSTmr_Free), (76 bytes).
    Removing os_apphooks.o(i.App_TaskDelHook), (2 bytes).
    Removing os_apphooks.o(i.App_TaskReturnHook), (2 bytes).
    Removing os_apphooks.o(i.OSTaskReturnHook), (2 bytes).
    Removing cpu_c.o(i.CPU_BitBandClr), (76 bytes).
    Removing cpu_c.o(i.CPU_BitBandSet), (76 bytes).
    Removing cpu_c.o(i.CPU_IntSrcDis), (264 bytes).
    Removing cpu_c.o(i.CPU_IntSrcEn), (264 bytes).
    Removing cpu_c.o(i.CPU_IntSrcPrioGet), (364 bytes).
    Removing cpu_c.o(i.CPU_IntSrcPrioSet), (444 bytes).
    Removing lib_mem.o(i.Mem_Clr), (18 bytes).
    Removing lib_mem.o(i.Mem_Cmp), (202 bytes).
    Removing lib_mem.o(i.Mem_Init), (2 bytes).
    Removing lib_mem.o(i.Mem_Set), (98 bytes).
    Removing lib_str.o(i.Str_Cat), (72 bytes).
    Removing lib_str.o(i.Str_Cat_N), (84 bytes).
    Removing lib_str.o(i.Str_Char), (46 bytes).
    Removing lib_str.o(i.Str_Char_Last), (54 bytes).
    Removing lib_str.o(i.Str_Char_N), (62 bytes).
    Removing lib_str.o(i.Str_Cmp), (112 bytes).
    Removing lib_str.o(i.Str_Cmp_N), (140 bytes).
    Removing lib_str.o(i.Str_Copy), (56 bytes).
    Removing lib_str.o(i.Str_Copy_N), (68 bytes).
    Removing lib_str.o(i.Str_Len), (20 bytes).
    Removing lib_str.o(i.Str_Str), (136 bytes).
    Removing lib_mem_a.o(.text), (544 bytes).

588 unused section(s) (total 36379 bytes) removed from the image.

==============================================================================

Image Symbol Table

    Local Symbols

    Symbol Name                              Value     Ov Type        Size  Object(Section)

    ../../microlib/init/entry.s              0x00000000   Number         0  entry5.o ABSOLUTE
    ../../microlib/init/entry.s              0x00000000   Number         0  entry2.o ABSOLUTE
    ../../microlib/init/entry.s              0x00000000   Number         0  entry.o ABSOLUTE
    ../../microlib/init/entry.s              0x00000000   Number         0  entry7.o ABSOLUTE
    ..\ADC\adc.c                             0x00000000   Number         0  adc.o ABSOLUTE
    ..\Libraries\CMSIS\CM3\CoreSupport\core_cm3.c 0x00000000   Number         0  core_cm3.o ABSOLUTE
    ..\Libraries\CMSIS\CM3\DeviceSupport\ST\STM32F10x\startup\arm\startup_stm32f10x_ld.s 0x00000000   Number         0  startup_stm32f10x_ld.o ABSOLUTE
    ..\Libraries\STM32F10x_StdPeriph_Driver\src\misc.c 0x00000000   Number         0  misc.o ABSOLUTE
    ..\Libraries\STM32F10x_StdPeriph_Driver\src\stm32f10x_adc.c 0x00000000   Number         0  stm32f10x_adc.o ABSOLUTE
    ..\Libraries\STM32F10x_StdPeriph_Driver\src\stm32f10x_bkp.c 0x00000000   Number         0  stm32f10x_bkp.o ABSOLUTE
    ..\Libraries\STM32F10x_StdPeriph_Driver\src\stm32f10x_can.c 0x00000000   Number         0  stm32f10x_can.o ABSOLUTE
    ..\Libraries\STM32F10x_StdPeriph_Driver\src\stm32f10x_cec.c 0x00000000   Number         0  stm32f10x_cec.o ABSOLUTE
    ..\Libraries\STM32F10x_StdPeriph_Driver\src\stm32f10x_crc.c 0x00000000   Number         0  stm32f10x_crc.o ABSOLUTE
    ..\Libraries\STM32F10x_StdPeriph_Driver\src\stm32f10x_dac.c 0x00000000   Number         0  stm32f10x_dac.o ABSOLUTE
    ..\Libraries\STM32F10x_StdPeriph_Driver\src\stm32f10x_dbgmcu.c 0x00000000   Number         0  stm32f10x_dbgmcu.o ABSOLUTE
    ..\Libraries\STM32F10x_StdPeriph_Driver\src\stm32f10x_dma.c 0x00000000   Number         0  stm32f10x_dma.o ABSOLUTE
    ..\Libraries\STM32F10x_StdPeriph_Driver\src\stm32f10x_exti.c 0x00000000   Number         0  stm32f10x_exti.o ABSOLUTE
    ..\Libraries\STM32F10x_StdPeriph_Driver\src\stm32f10x_flash.c 0x00000000   Number         0  stm32f10x_flash.o ABSOLUTE
    ..\Libraries\STM32F10x_StdPeriph_Driver\src\stm32f10x_fsmc.c 0x00000000   Number         0  stm32f10x_fsmc.o ABSOLUTE
    ..\Libraries\STM32F10x_StdPeriph_Driver\src\stm32f10x_gpio.c 0x00000000   Number         0  stm32f10x_gpio.o ABSOLUTE
    ..\Libraries\STM32F10x_StdPeriph_Driver\src\stm32f10x_i2c.c 0x00000000   Number         0  stm32f10x_i2c.o ABSOLUTE
    ..\Libraries\STM32F10x_StdPeriph_Driver\src\stm32f10x_iwdg.c 0x00000000   Number         0  stm32f10x_iwdg.o ABSOLUTE
    ..\Libraries\STM32F10x_StdPeriph_Driver\src\stm32f10x_pwr.c 0x00000000   Number         0  stm32f10x_pwr.o ABSOLUTE
    ..\Libraries\STM32F10x_StdPeriph_Driver\src\stm32f10x_rcc.c 0x00000000   Number         0  stm32f10x_rcc.o ABSOLUTE
    ..\Libraries\STM32F10x_StdPeriph_Driver\src\stm32f10x_rtc.c 0x00000000   Number         0  stm32f10x_rtc.o ABSOLUTE
    ..\Libraries\STM32F10x_StdPeriph_Driver\src\stm32f10x_sdio.c 0x00000000   Number         0  stm32f10x_sdio.o ABSOLUTE
    ..\Libraries\STM32F10x_StdPeriph_Driver\src\stm32f10x_spi.c 0x00000000   Number         0  stm32f10x_spi.o ABSOLUTE
    ..\Libraries\STM32F10x_StdPeriph_Driver\src\stm32f10x_tim.c 0x00000000   Number         0  stm32f10x_tim.o ABSOLUTE
    ..\Libraries\STM32F10x_StdPeriph_Driver\src\stm32f10x_usart.c 0x00000000   Number         0  stm32f10x_usart.o ABSOLUTE
    ..\Libraries\STM32F10x_StdPeriph_Driver\src\stm32f10x_wwdg.c 0x00000000   Number         0  stm32f10x_wwdg.o ABSOLUTE
    ..\USER\AT24C1024.C                      0x00000000   Number         0  at24c1024.o ABSOLUTE
    ..\USER\App\OS_AppHooks.c                0x00000000   Number         0  os_apphooks.o ABSOLUTE
    ..\USER\App\Soft.c                       0x00000000   Number         0  soft.o ABSOLUTE
    ..\USER\App\uctsk_OSView.c               0x00000000   Number         0  uctsk_osview.o ABSOLUTE
    ..\USER\App\user.c                       0x00000000   Number         0  user.o ABSOLUTE
    ..\USER\Hd_Prt3201\HD_Prt3201.c          0x00000000   Number         0  hd_prt3201.o ABSOLUTE
    ..\USER\LoopBuf.c                        0x00000000   Number         0  loopbuf.o ABSOLUTE
    ..\USER\NOMAL.c                          0x00000000   Number         0  nomal.o ABSOLUTE
    ..\USER\Test.c                           0x00000000   Number         0  test.o ABSOLUTE
    ..\USER\main.c                           0x00000000   Number         0  main.o ABSOLUTE
    ..\USER\stm32f10x_it.c                   0x00000000   Number         0  stm32f10x_it.o ABSOLUTE
    ..\USER\system_stm32f10x.c               0x00000000   Number         0  system_stm32f10x.o ABSOLUTE
    ..\USER\uC-CPU\ARM-Cortex-M3\RealView\cpu_a.asm 0x00000000   Number         0  cpu_a.o ABSOLUTE
    ..\USER\uC-CPU\ARM-Cortex-M3\RealView\cpu_c.c 0x00000000   Number         0  cpu_c.o ABSOLUTE
    ..\USER\uC-LIB\Ports\RealView\lib_mem_a.asm 0x00000000   Number         0  lib_mem_a.o ABSOLUTE
    ..\USER\uC-LIB\lib_mem.c                 0x00000000   Number         0  lib_mem.o ABSOLUTE
    ..\USER\uC-LIB\lib_str.c                 0x00000000   Number         0  lib_str.o ABSOLUTE
    ..\USER\uCOS-II\Ports\ARM-Cortex-M3\RealView\os_cpu_a.asm 0x00000000   Number         0  os_cpu_a.o ABSOLUTE
    ..\USER\uCOS-II\Ports\ARM-Cortex-M3\RealView\os_cpu_c.c 0x00000000   Number         0  os_cpu_c.o ABSOLUTE
    ..\USER\uCOS-II\Ports\ARM-Cortex-M3\RealView\os_dbg.c 0x00000000   Number         0  os_dbg.o ABSOLUTE
    ..\USER\uCOS-II\Source\os_core.c         0x00000000   Number         0  os_core.o ABSOLUTE
    ..\USER\uCOS-II\Source\os_flag.c         0x00000000   Number         0  os_flag.o ABSOLUTE
    ..\USER\uCOS-II\Source\os_mbox.c         0x00000000   Number         0  os_mbox.o ABSOLUTE
    ..\USER\uCOS-II\Source\os_mem.c          0x00000000   Number         0  os_mem.o ABSOLUTE
    ..\USER\uCOS-II\Source\os_mutex.c        0x00000000   Number         0  os_mutex.o ABSOLUTE
    ..\USER\uCOS-II\Source\os_q.c            0x00000000   Number         0  os_q.o ABSOLUTE
    ..\USER\uCOS-II\Source\os_sem.c          0x00000000   Number         0  os_sem.o ABSOLUTE
    ..\USER\uCOS-II\Source\os_task.c         0x00000000   Number         0  os_task.o ABSOLUTE
    ..\USER\uCOS-II\Source\os_time.c         0x00000000   Number         0  os_time.o ABSOLUTE
    ..\USER\uCOS-II\Source\os_tmr.c          0x00000000   Number         0  os_tmr.o ABSOLUTE
    ..\USER\uCOS-VIEW\Ports\ARM-Cortex-M3\Realview\os_viewc.c 0x00000000   Number         0  os_viewc.o ABSOLUTE
    ..\USER\uCOS-VIEW\Source\os_view.c       0x00000000   Number         0  os_view.o ABSOLUTE
    ..\USER\uart.c                           0x00000000   Number         0  uart.o ABSOLUTE
    ..\\Libraries\\CMSIS\\CM3\\CoreSupport\\core_cm3.c 0x00000000   Number         0  core_cm3.o ABSOLUTE
    dc.s                                     0x00000000   Number         0  dc.o ABSOLUTE
    handlers.s                               0x00000000   Number         0  handlers.o ABSOLUTE
    init.s                                   0x00000000   Number         0  init.o ABSOLUTE
    RESET                                    0x08000000   Section      236  startup_stm32f10x_ld.o(RESET)
    .ARM.Collect$$$$00000000                 0x080000ec   Section        0  entry.o(.ARM.Collect$$$$00000000)
    .ARM.Collect$$$$00000001                 0x080000ec   Section        4  entry2.o(.ARM.Collect$$$$00000001)
    .ARM.Collect$$$$00000004                 0x080000f0   Section        4  entry5.o(.ARM.Collect$$$$00000004)
    .ARM.Collect$$$$00000007                 0x080000f4   Section        8  entry7.o(.ARM.Collect$$$$00000007)
    .ARM.Collect$$$$00002712                 0x080000fc   Section        4  entry2.o(.ARM.Collect$$$$00002712)
    __lit__00000000                          0x080000fc   Data           4  entry2.o(.ARM.Collect$$$$00002712)
    .text                                    0x08000100   Section       36  startup_stm32f10x_ld.o(.text)
    .text                                    0x08000124   Section      164  os_cpu_a.o(.text)
    .text                                    0x080001c8   Section       42  cpu_a.o(.text)
    .text                                    0x080001f4   Section       36  init.o(.text)
    i.ADC_Cmd                                0x08000218   Section       22  stm32f10x_adc.o(i.ADC_Cmd)
    i.ADC_Configuration                      0x08000230   Section      300  adc.o(i.ADC_Configuration)
    i.ADC_DMACmd                             0x0800035c   Section       22  stm32f10x_adc.o(i.ADC_DMACmd)
    i.ADC_GetCalibrationStatus               0x08000372   Section       20  stm32f10x_adc.o(i.ADC_GetCalibrationStatus)
    i.ADC_GetResetCalibrationStatus          0x08000386   Section       20  stm32f10x_adc.o(i.ADC_GetResetCalibrationStatus)
    i.ADC_Init                               0x0800039c   Section       76  stm32f10x_adc.o(i.ADC_Init)
    i.ADC_RegularChannelConfig               0x080003e8   Section      180  stm32f10x_adc.o(i.ADC_RegularChannelConfig)
    i.ADC_ResetCalibration                   0x0800049c   Section       10  stm32f10x_adc.o(i.ADC_ResetCalibration)
    i.ADC_SoftwareStartConvCmd               0x080004a6   Section       22  stm32f10x_adc.o(i.ADC_SoftwareStartConvCmd)
    i.ADC_StartCalibration                   0x080004bc   Section       10  stm32f10x_adc.o(i.ADC_StartCalibration)
    i.ADC_TempSensorVrefintCmd               0x080004c8   Section       44  stm32f10x_adc.o(i.ADC_TempSensorVrefintCmd)
    i.AdcFilter                              0x080004f4   Section       68  adc.o(i.AdcFilter)
    i.AddLoopBuf                             0x08000538   Section       52  loopbuf.o(i.AddLoopBuf)
    i.App_BlinkTaskCreate                    0x0800056c   Section      800  soft.o(i.App_BlinkTaskCreate)
    i.App_TCBInitHook                        0x0800088c   Section        2  os_apphooks.o(i.App_TCBInitHook)
    i.App_TaskCreate                         0x0800088e   Section        8  main.o(i.App_TaskCreate)
    App_TaskCreate                           0x0800088f   Thumb Code     8  main.o(i.App_TaskCreate)
    i.App_TaskCreateHook                     0x08000896   Section        2  os_apphooks.o(i.App_TaskCreateHook)
    i.App_TaskIdleHook                       0x08000898   Section        2  os_apphooks.o(i.App_TaskIdleHook)
    i.App_TaskStart                          0x0800089a   Section       76  main.o(i.App_TaskStart)
    App_TaskStart                            0x0800089b   Thumb Code    76  main.o(i.App_TaskStart)
    i.App_TaskStatHook                       0x080008e6   Section        2  os_apphooks.o(i.App_TaskStatHook)
    i.App_TaskSwHook                         0x080008e8   Section        2  os_apphooks.o(i.App_TaskSwHook)
    i.App_TimeTickHook                       0x080008ea   Section        2  os_apphooks.o(i.App_TimeTickHook)
    i.AscToHex                               0x080008ec   Section       38  nomal.o(i.AscToHex)
    i.BusFault_Handler                       0x08000912   Section        4  stm32f10x_it.o(i.BusFault_Handler)
    i.ClearLoopBuf                           0x08000916   Section       10  loopbuf.o(i.ClearLoopBuf)
    i.DMA_Cmd                                0x08000920   Section       24  stm32f10x_dma.o(i.DMA_Cmd)
    i.DMA_DeInit                             0x08000938   Section      344  stm32f10x_dma.o(i.DMA_DeInit)
    i.DMA_Init                               0x08000a90   Section       60  stm32f10x_dma.o(i.DMA_Init)
    i.DebugMon_Handler                       0x08000acc   Section        2  stm32f10x_it.o(i.DebugMon_Handler)
    i.GPIO_Configuration                     0x08000ace   Section        2  main.o(i.GPIO_Configuration)
    GPIO_Configuration                       0x08000acf   Thumb Code     2  main.o(i.GPIO_Configuration)
    i.GPIO_Configuration_Adc                 0x08000ad0   Section       28  adc.o(i.GPIO_Configuration_Adc)
    i.GPIO_Init                              0x08000aec   Section      268  stm32f10x_gpio.o(i.GPIO_Init)
    i.GPIO_ReadInputData                     0x08000bf8   Section        8  stm32f10x_gpio.o(i.GPIO_ReadInputData)
    i.GPIO_ReadInputDataBit                  0x08000c00   Section       18  stm32f10x_gpio.o(i.GPIO_ReadInputDataBit)
    i.GPIO_ResetBits                         0x08000c12   Section        4  stm32f10x_gpio.o(i.GPIO_ResetBits)
    i.GPIO_SetBits                           0x08000c16   Section        4  stm32f10x_gpio.o(i.GPIO_SetBits)
    i.GetLoopbuf                             0x08000c1a   Section       60  loopbuf.o(i.GetLoopbuf)
    i.GetOneFromUart1                        0x08000c58   Section       52  uart.o(i.GetOneFromUart1)
    i.HardFault_Handler                      0x08000c8c   Section        4  stm32f10x_it.o(i.HardFault_Handler)
    i.HexToAsc                               0x08000c90   Section       30  nomal.o(i.HexToAsc)
    i.InitGpio                               0x08000cb0   Section      292  hd_prt3201.o(i.InitGpio)
    i.InitUSART1                             0x08000dd4   Section      112  hd_prt3201.o(i.InitUSART1)
    i.Init_Tim3                              0x08000e44   Section      100  hd_prt3201.o(i.Init_Tim3)
    i.IsHexAsc                               0x08000ea8   Section       28  nomal.o(i.IsHexAsc)
    i.IsNumberAsc                            0x08000ec4   Section       22  nomal.o(i.IsNumberAsc)
    i.MakeValAsc16                           0x08000eda   Section      226  nomal.o(i.MakeValAsc16)
    i.MemManage_Handler                      0x08000fbc   Section        4  stm32f10x_it.o(i.MemManage_Handler)
    i.MyTASK                                 0x08000fc0   Section       30  soft.o(i.MyTASK)
    MyTASK                                   0x08000fc1   Thumb Code    30  soft.o(i.MyTASK)
    i.NMI_Handler                            0x08000fde   Section        2  stm32f10x_it.o(i.NMI_Handler)
    i.NVIC_Init                              0x08000fe0   Section      116  misc.o(i.NVIC_Init)
    i.NVIC_PriorityGroupConfig               0x08001054   Section       20  misc.o(i.NVIC_PriorityGroupConfig)
    i.NumberAscStringToInt16                 0x08001068   Section       62  nomal.o(i.NumberAscStringToInt16)
    i.NumberHexStringToInt32                 0x080010a6   Section       48  user.o(i.NumberHexStringToInt32)
    i.OSDebugInit                            0x080010d8   Section      348  os_dbg.o(i.OSDebugInit)
    i.OSEventNameSet                         0x08001234   Section      104  os_core.o(i.OSEventNameSet)
    i.OSInit                                 0x0800129c   Section       56  os_core.o(i.OSInit)
    i.OSInitHookBegin                        0x080012d4   Section       12  os_cpu_c.o(i.OSInitHookBegin)
    i.OSInitHookEnd                          0x080012e0   Section        2  os_cpu_c.o(i.OSInitHookEnd)
    i.OSIntExit                              0x080012e4   Section      144  os_core.o(i.OSIntExit)
    i.OSSchedLock                            0x08001374   Section       64  os_core.o(i.OSSchedLock)
    i.OSSchedUnlock                          0x080013b4   Section       96  os_core.o(i.OSSchedUnlock)
    i.OSSemCreate                            0x08001414   Section       84  os_sem.o(i.OSSemCreate)
    i.OSSemPend                              0x08001468   Section      248  os_sem.o(i.OSSemPend)
    i.OSSemPost                              0x08001560   Section       94  os_sem.o(i.OSSemPost)
    i.OSStart                                0x080015c0   Section       72  os_core.o(i.OSStart)
    i.OSStatInit                             0x08001608   Section       76  os_core.o(i.OSStatInit)
    i.OSTCBInitHook                          0x08001654   Section       12  os_cpu_c.o(i.OSTCBInitHook)
    i.OSTaskCreate                           0x08001660   Section      168  os_task.o(i.OSTaskCreate)
    i.OSTaskCreateExt                        0x08001708   Section      196  os_task.o(i.OSTaskCreateExt)
    i.OSTaskCreateHook                       0x080017cc   Section       12  os_cpu_c.o(i.OSTaskCreateHook)
    i.OSTaskIdleHook                         0x080017d8   Section        8  os_cpu_c.o(i.OSTaskIdleHook)
    i.OSTaskNameSet                          0x080017e0   Section      132  os_task.o(i.OSTaskNameSet)
    i.OSTaskStatHook                         0x08001864   Section        8  os_cpu_c.o(i.OSTaskStatHook)
    i.OSTaskStkChk                           0x0800186c   Section      160  os_task.o(i.OSTaskStkChk)
    i.OSTaskStkInit                          0x0800190c   Section      154  os_cpu_c.o(i.OSTaskStkInit)
    i.OSTaskSuspend                          0x080019a8   Section      196  os_task.o(i.OSTaskSuspend)
    i.OSTaskSwHook                           0x08001a6c   Section        8  os_cpu_c.o(i.OSTaskSwHook)
    i.OSTimeDly                              0x08001a74   Section      128  os_time.o(i.OSTimeDly)
    i.OSTimeDlyHMSM                          0x08001af4   Section      132  os_time.o(i.OSTimeDlyHMSM)
    i.OSTimeTick                             0x08001b78   Section      232  os_core.o(i.OSTimeTick)
    i.OSTimeTickHook                         0x08001c60   Section       40  os_cpu_c.o(i.OSTimeTickHook)
    i.OSTmrSignal                            0x08001c88   Section       20  os_tmr.o(i.OSTmrSignal)
    i.OSTmr_Init                             0x08001c9c   Section      244  os_tmr.o(i.OSTmr_Init)
    i.OSTmr_InitTask                         0x08001d90   Section       80  os_tmr.o(i.OSTmr_InitTask)
    OSTmr_InitTask                           0x08001d91   Thumb Code    54  os_tmr.o(i.OSTmr_InitTask)
    i.OSTmr_Link                             0x08001de0   Section      108  os_tmr.o(i.OSTmr_Link)
    OSTmr_Link                               0x08001de1   Thumb Code    98  os_tmr.o(i.OSTmr_Link)
    i.OSTmr_Task                             0x08001e4c   Section      132  os_tmr.o(i.OSTmr_Task)
    OSTmr_Task                               0x08001e4d   Thumb Code   118  os_tmr.o(i.OSTmr_Task)
    i.OSTmr_Unlink                           0x08001ed0   Section       68  os_tmr.o(i.OSTmr_Unlink)
    OSTmr_Unlink                             0x08001ed1   Thumb Code    62  os_tmr.o(i.OSTmr_Unlink)
    i.OS_CPU_SysTickInit                     0x08001f14   Section      100  os_cpu_c.o(i.OS_CPU_SysTickInit)
    i.OS_EventTaskRdy                        0x08001f78   Section      168  os_core.o(i.OS_EventTaskRdy)
    i.OS_EventTaskRemove                     0x08002020   Section       48  os_core.o(i.OS_EventTaskRemove)
    i.OS_EventTaskRemoveMulti                0x08002050   Section       78  os_core.o(i.OS_EventTaskRemoveMulti)
    i.OS_EventTaskWait                       0x080020a0   Section      132  os_core.o(i.OS_EventTaskWait)
    i.OS_EventWaitListInit                   0x08002124   Section       26  os_core.o(i.OS_EventWaitListInit)
    i.OS_FlagInit                            0x08002140   Section       88  os_flag.o(i.OS_FlagInit)
    i.OS_InitEventList                       0x08002198   Section       96  os_core.o(i.OS_InitEventList)
    OS_InitEventList                         0x08002199   Thumb Code    84  os_core.o(i.OS_InitEventList)
    i.OS_InitMisc                            0x080021f8   Section       84  os_core.o(i.OS_InitMisc)
    OS_InitMisc                              0x080021f9   Thumb Code    44  os_core.o(i.OS_InitMisc)
    i.OS_InitRdyList                         0x0800224c   Section       68  os_core.o(i.OS_InitRdyList)
    OS_InitRdyList                           0x0800224d   Thumb Code    44  os_core.o(i.OS_InitRdyList)
    i.OS_InitTCBList                         0x08002290   Section      128  os_core.o(i.OS_InitTCBList)
    OS_InitTCBList                           0x08002291   Thumb Code   106  os_core.o(i.OS_InitTCBList)
    i.OS_InitTaskIdle                        0x08002310   Section       80  os_core.o(i.OS_InitTaskIdle)
    OS_InitTaskIdle                          0x08002311   Thumb Code    54  os_core.o(i.OS_InitTaskIdle)
    i.OS_InitTaskStat                        0x08002360   Section       80  os_core.o(i.OS_InitTaskStat)
    OS_InitTaskStat                          0x08002361   Thumb Code    54  os_core.o(i.OS_InitTaskStat)
    i.OS_MemClr                              0x080023b0   Section       18  os_core.o(i.OS_MemClr)
    i.OS_MemInit                             0x080023c4   Section       88  os_mem.o(i.OS_MemInit)
    i.OS_QInit                               0x0800241c   Section       80  os_q.o(i.OS_QInit)
    i.OS_Sched                               0x0800246c   Section      116  os_core.o(i.OS_Sched)
    i.OS_SchedNew                            0x080024e0   Section       44  os_core.o(i.OS_SchedNew)
    OS_SchedNew                              0x080024e1   Thumb Code    26  os_core.o(i.OS_SchedNew)
    i.OS_TCBInit                             0x0800250c   Section      376  os_core.o(i.OS_TCBInit)
    i.OS_TaskIdle                            0x08002684   Section       40  os_core.o(i.OS_TaskIdle)
    i.OS_TaskStat                            0x080026ac   Section      140  os_core.o(i.OS_TaskStat)
    i.OS_TaskStatStkChk                      0x08002738   Section       60  os_core.o(i.OS_TaskStatStkChk)
    i.OS_TaskStkClr                          0x08002774   Section       26  os_task.o(i.OS_TaskStkClr)
    i.ProcessInput1                          0x0800278e   Section       14  user.o(i.ProcessInput1)
    i.ProcessKey                             0x0800279c   Section       82  user.o(i.ProcessKey)
    i.ProcessRecvUser                        0x080027f0   Section      208  user.o(i.ProcessRecvUser)
    i.ProcessSenSor1                         0x080028c0   Section        8  user.o(i.ProcessSenSor1)
    i.PutString                              0x080028c8   Section       32  nomal.o(i.PutString)
    i.RCC_ADCCLKConfig                       0x080028e8   Section       20  stm32f10x_rcc.o(i.RCC_ADCCLKConfig)
    i.RCC_AHBPeriphClockCmd                  0x080028fc   Section       32  stm32f10x_rcc.o(i.RCC_AHBPeriphClockCmd)
    i.RCC_APB1PeriphClockCmd                 0x0800291c   Section       32  stm32f10x_rcc.o(i.RCC_APB1PeriphClockCmd)
    i.RCC_APB2PeriphClockCmd                 0x0800293c   Section       32  stm32f10x_rcc.o(i.RCC_APB2PeriphClockCmd)
    i.RCC_Configuration_Adc                  0x0800295c   Section       30  adc.o(i.RCC_Configuration_Adc)
    i.RCC_GetClocksFreq                      0x0800297c   Section      212  stm32f10x_rcc.o(i.RCC_GetClocksFreq)
    i.ReceivedPowerOut                       0x08002a50   Section      228  user.o(i.ReceivedPowerOut)
    i.RecvFromUser                           0x08002b34   Section       96  user.o(i.RecvFromUser)
    i.ResponePower                           0x08002b94   Section      124  user.o(i.ResponePower)
    i.ResponeTempratur                       0x08002c10   Section      164  user.o(i.ResponeTempratur)
    i.SVC_Handler                            0x08002cb4   Section        2  stm32f10x_it.o(i.SVC_Handler)
    i.SendText_UART1                         0x08002cb6   Section       32  uart.o(i.SendText_UART1)
    i.SetSysClock                            0x08002cd6   Section        8  system_stm32f10x.o(i.SetSysClock)
    SetSysClock                              0x08002cd7   Thumb Code     8  system_stm32f10x.o(i.SetSysClock)
    i.SetSysClockTo72                        0x08002ce0   Section      200  system_stm32f10x.o(i.SetSysClockTo72)
    SetSysClockTo72                          0x08002ce1   Thumb Code   192  system_stm32f10x.o(i.SetSysClockTo72)
    i.StepMotInit                            0x08002da8   Section      124  user.o(i.StepMotInit)
    i.StepMotRun1                            0x08002e24   Section      120  user.o(i.StepMotRun1)
    i.StepMotStart1                          0x08002e9c   Section      112  user.o(i.StepMotStart1)
    i.StepMotStart2                          0x08002f0c   Section      112  user.o(i.StepMotStart2)
    i.StepMotStop1                           0x08002f7c   Section       60  user.o(i.StepMotStop1)
    i.StepMotStop2                           0x08002fb8   Section       60  user.o(i.StepMotStop2)
    i.SysTick_Handler                        0x08002ff4   Section       40  stm32f10x_it.o(i.SysTick_Handler)
    i.SystemInit                             0x0800301c   Section       96  system_stm32f10x.o(i.SystemInit)
    i.TIM3_IRQHandler                        0x0800307c   Section      272  stm32f10x_it.o(i.TIM3_IRQHandler)
    i.TIM_ClearITPendingBit                  0x0800318c   Section        6  stm32f10x_tim.o(i.TIM_ClearITPendingBit)
    i.TIM_Cmd                                0x08003192   Section       24  stm32f10x_tim.o(i.TIM_Cmd)
    i.TIM_GetITStatus                        0x080031aa   Section       34  stm32f10x_tim.o(i.TIM_GetITStatus)
    i.TIM_ITConfig                           0x080031cc   Section       24  stm32f10x_tim.o(i.TIM_ITConfig)
    i.TIM_SetCounter                         0x080031e4   Section        4  stm32f10x_tim.o(i.TIM_SetCounter)
    i.TIM_TimeBaseInit                       0x080031e8   Section      164  stm32f10x_tim.o(i.TIM_TimeBaseInit)
    i.TaskAA                                 0x0800328c   Section       24  user.o(i.TaskAA)
    i.TaskExample                            0x080032a4   Section       28  user.o(i.TaskExample)
    i.TaskInput1                             0x080032c0   Section       64  user.o(i.TaskInput1)
    i.TaskInput2                             0x08003300   Section       52  user.o(i.TaskInput2)
    i.TaskKey                                0x08003334   Section      136  user.o(i.TaskKey)
    i.TaskOut6                               0x080033bc   Section       24  user.o(i.TaskOut6)
    i.TaskRecv                               0x080033d4   Section      188  user.o(i.TaskRecv)
    i.TaskSensor                             0x08003490   Section      168  user.o(i.TaskSensor)
    i.TaskStatus                             0x08003538   Section      248  user.o(i.TaskStatus)
    i.TaskTimeOut5                           0x08003630   Section       68  user.o(i.TaskTimeOut5)
    i.USART1_IRQHandler                      0x08003674   Section        8  stm32f10x_it.o(i.USART1_IRQHandler)
    i.USART1_RxTxISRHandler                  0x0800367c   Section      184  hd_prt3201.o(i.USART1_RxTxISRHandler)
    i.USART1_TxIntEn                         0x08003734   Section       32  hd_prt3201.o(i.USART1_TxIntEn)
    i.USART2_IRQHandler                      0x08003754   Section        2  stm32f10x_it.o(i.USART2_IRQHandler)
    i.USART_ClearITPendingBit                0x08003756   Section       30  stm32f10x_usart.o(i.USART_ClearITPendingBit)
    i.USART_Cmd                              0x08003774   Section       24  stm32f10x_usart.o(i.USART_Cmd)
    i.USART_GetITStatus                      0x0800378c   Section       84  stm32f10x_usart.o(i.USART_GetITStatus)
    i.USART_ITConfig                         0x080037e0   Section       72  stm32f10x_usart.o(i.USART_ITConfig)
    i.USART_Init                             0x08003828   Section      216  stm32f10x_usart.o(i.USART_Init)
    i.USART_ReceiveData                      0x08003900   Section       10  stm32f10x_usart.o(i.USART_ReceiveData)
    i.USART_SendData                         0x0800390a   Section        8  stm32f10x_usart.o(i.USART_SendData)
    i.Uart1BufInit                           0x08003914   Section       52  uart.o(i.Uart1BufInit)
    i.Uart1CharSend                          0x08003948   Section      160  uart.o(i.Uart1CharSend)
    i.UsageFault_Handler                     0x080039e8   Section        4  stm32f10x_it.o(i.UsageFault_Handler)
    i.__scatterload_copy                     0x080039ec   Section       14  handlers.o(i.__scatterload_copy)
    i.__scatterload_null                     0x080039fa   Section        2  handlers.o(i.__scatterload_null)
    i.__scatterload_zeroinit                 0x080039fc   Section       14  handlers.o(i.__scatterload_zeroinit)
    i.main                                   0x08003a0c   Section       92  main.o(i.main)
    i.uctsk_Blink                            0x08003a68   Section       30  soft.o(i.uctsk_Blink)
    uctsk_Blink                              0x08003a69   Thumb Code    30  soft.o(i.uctsk_Blink)
    .constdata                               0x08003a88   Section      116  os_dbg.o(.constdata)
    .constdata                               0x08003afc   Section      256  os_core.o(.constdata)
    .data                                    0x20000000   Section       14  uart.o(.data)
    .data                                    0x20000010   Section       16  user.o(.data)
    .data                                    0x20000020   Section       20  stm32f10x_rcc.o(.data)
    APBAHBPrescTable                         0x20000020   Data          16  stm32f10x_rcc.o(.data)
    ADCPrescTable                            0x20000030   Data           4  stm32f10x_rcc.o(.data)
    .data                                    0x20000034   Section       20  system_stm32f10x.o(.data)
    .data                                    0x20000048   Section        2  os_cpu_c.o(.data)
    OSTmrCtr                                 0x20000048   Data           2  os_cpu_c.o(.data)
    .data                                    0x2000004c   Section       96  os_core.o(.data)
    .bss                                     0x200000ac   Section      264  main.o(.bss)
    App_TaskStartStk                         0x200000ac   Data         264  main.o(.bss)
    .bss                                     0x200001b4   Section      136  uart.o(.bss)
    .bss                                     0x2000023c   Section     5952  soft.o(.bss)
    App_TaskBlinkStk                         0x2000023c   Data         520  soft.o(.bss)
    MyTASKStk                                0x20000444   Data         264  soft.o(.bss)
    TaskRecvStk                              0x2000054c   Data        1656  soft.o(.bss)
    TaskAAStk                                0x20000bc4   Data         264  soft.o(.bss)
    TaskInput1Stk                            0x20000ccc   Data         264  soft.o(.bss)
    TaskKeyStk                               0x20000dd4   Data         520  soft.o(.bss)
    TaskExampleStk                           0x20000fdc   Data         520  soft.o(.bss)
    TaskInput2Stk                            0x200011e4   Data         264  soft.o(.bss)
    TaskSensorStk                            0x200012ec   Data         264  soft.o(.bss)
    TaskTimeOut5Stk                          0x200013f4   Data         664  soft.o(.bss)
    TaskOut6Stk                              0x2000168c   Data         488  soft.o(.bss)
    TaskStatusStk                            0x20001874   Data         264  soft.o(.bss)
    .bss                                     0x2000197c   Section      324  user.o(.bss)
    .bss                                     0x20001ac0   Section      676  adc.o(.bss)
    .bss                                     0x20001d64   Section     4648  os_core.o(.bss)
    STACK                                    0x20002f90   Section     1024  startup_stm32f10x_ld.o(STACK)

    Global Symbols

    Symbol Name                              Value     Ov Type        Size  Object(Section)

    BuildAttributes$$THM_ISAv4$P$D$K$B$S$PE$A:L22UL41UL21$X:L11$S22US41US21$IEEE1$IW$USESV6$~STKCKD$USESV7$~SHL$OSPACE$EBA8$MICROLIB$REQ8$PRES8$EABIv2 0x00000000   Number         0  anon$$obj.o ABSOLUTE
    __ARM_use_no_argv                        0x00000000   Number         0  main.o ABSOLUTE
    __decompress                              - Undefined Weak Reference
    __Vectors_Size                           0x000000ec   Number         0  startup_stm32f10x_ld.o ABSOLUTE
    __Vectors                                0x08000000   Data           4  startup_stm32f10x_ld.o(RESET)
    __Vectors_End                            0x080000ec   Data           0  startup_stm32f10x_ld.o(RESET)
    __main                                   0x080000ed   Thumb Code     0  entry.o(.ARM.Collect$$$$00000000)
    _main_stk                                0x080000ed   Thumb Code     0  entry2.o(.ARM.Collect$$$$00000001)
    _main_scatterload                        0x080000f1   Thumb Code     0  entry5.o(.ARM.Collect$$$$00000004)
    __main_after_scatterload                 0x080000f5   Thumb Code     0  entry5.o(.ARM.Collect$$$$00000004)
    _main_init                               0x080000f5   Thumb Code     0  entry7.o(.ARM.Collect$$$$00000007)
    Reset_Handler                            0x08000101   Thumb Code     8  startup_stm32f10x_ld.o(.text)
    ADC1_2_IRQHandler                        0x0800011b   Thumb Code     0  startup_stm32f10x_ld.o(.text)
    CAN1_RX1_IRQHandler                      0x0800011b   Thumb Code     0  startup_stm32f10x_ld.o(.text)
    CAN1_SCE_IRQHandler                      0x0800011b   Thumb Code     0  startup_stm32f10x_ld.o(.text)
    DMA1_Channel1_IRQHandler                 0x0800011b   Thumb Code     0  startup_stm32f10x_ld.o(.text)
    DMA1_Channel2_IRQHandler                 0x0800011b   Thumb Code     0  startup_stm32f10x_ld.o(.text)
    DMA1_Channel3_IRQHandler                 0x0800011b   Thumb Code     0  startup_stm32f10x_ld.o(.text)
    DMA1_Channel4_IRQHandler                 0x0800011b   Thumb Code     0  startup_stm32f10x_ld.o(.text)
    DMA1_Channel5_IRQHandler                 0x0800011b   Thumb Code     0  startup_stm32f10x_ld.o(.text)
    DMA1_Channel6_IRQHandler                 0x0800011b   Thumb Code     0  startup_stm32f10x_ld.o(.text)
    DMA1_Channel7_IRQHandler                 0x0800011b   Thumb Code     0  startup_stm32f10x_ld.o(.text)
    EXTI0_IRQHandler                         0x0800011b   Thumb Code     0  startup_stm32f10x_ld.o(.text)
    EXTI15_10_IRQHandler                     0x0800011b   Thumb Code     0  startup_stm32f10x_ld.o(.text)
    EXTI1_IRQHandler                         0x0800011b   Thumb Code     0  startup_stm32f10x_ld.o(.text)
    EXTI2_IRQHandler                         0x0800011b   Thumb Code     0  startup_stm32f10x_ld.o(.text)
    EXTI3_IRQHandler                         0x0800011b   Thumb Code     0  startup_stm32f10x_ld.o(.text)
    EXTI4_IRQHandler                         0x0800011b   Thumb Code     0  startup_stm32f10x_ld.o(.text)
    EXTI9_5_IRQHandler                       0x0800011b   Thumb Code     0  startup_stm32f10x_ld.o(.text)
    FLASH_IRQHandler                         0x0800011b   Thumb Code     0  startup_stm32f10x_ld.o(.text)
    I2C1_ER_IRQHandler                       0x0800011b   Thumb Code     0  startup_stm32f10x_ld.o(.text)
    I2C1_EV_IRQHandler                       0x0800011b   Thumb Code     0  startup_stm32f10x_ld.o(.text)
    PVD_IRQHandler                           0x0800011b   Thumb Code     0  startup_stm32f10x_ld.o(.text)
    RCC_IRQHandler                           0x0800011b   Thumb Code     0  startup_stm32f10x_ld.o(.text)
    RTCAlarm_IRQHandler                      0x0800011b   Thumb Code     0  startup_stm32f10x_ld.o(.text)
    RTC_IRQHandler                           0x0800011b   Thumb Code     0  startup_stm32f10x_ld.o(.text)
    SPI1_IRQHandler                          0x0800011b   Thumb Code     0  startup_stm32f10x_ld.o(.text)
    TAMPER_IRQHandler                        0x0800011b   Thumb Code     0  startup_stm32f10x_ld.o(.text)
    TIM1_BRK_IRQHandler                      0x0800011b   Thumb Code     0  startup_stm32f10x_ld.o(.text)
    TIM1_CC_IRQHandler                       0x0800011b   Thumb Code     0  startup_stm32f10x_ld.o(.text)
    TIM1_TRG_COM_IRQHandler                  0x0800011b   Thumb Code     0  startup_stm32f10x_ld.o(.text)
    TIM1_UP_IRQHandler                       0x0800011b   Thumb Code     0  startup_stm32f10x_ld.o(.text)
    TIM2_IRQHandler                          0x0800011b   Thumb Code     0  startup_stm32f10x_ld.o(.text)
    USBWakeUp_IRQHandler                     0x0800011b   Thumb Code     0  startup_stm32f10x_ld.o(.text)
    USB_HP_CAN1_TX_IRQHandler                0x0800011b   Thumb Code     0  startup_stm32f10x_ld.o(.text)
    USB_LP_CAN1_RX0_IRQHandler               0x0800011b   Thumb Code     0  startup_stm32f10x_ld.o(.text)
    WWDG_IRQHandler                          0x0800011b   Thumb Code     0  startup_stm32f10x_ld.o(.text)
    OS_CPU_SR_Save                           0x08000125   Thumb Code     0  os_cpu_a.o(.text)
    OS_CPU_SR_Restore                        0x0800012d   Thumb Code     0  os_cpu_a.o(.text)
    OSStartHighRdy                           0x08000133   Thumb Code     0  os_cpu_a.o(.text)
    OSCtxSw                                  0x08000153   Thumb Code     0  os_cpu_a.o(.text)
    OSIntCtxSw                               0x0800015d   Thumb Code     0  os_cpu_a.o(.text)
    PendSV_Handler                           0x08000167   Thumb Code     0  os_cpu_a.o(.text)
    CPU_IntDis                               0x080001c9   Thumb Code     0  cpu_a.o(.text)
    CPU_IntEn                                0x080001cd   Thumb Code     0  cpu_a.o(.text)
    CPU_SR_Save                              0x080001d1   Thumb Code     0  cpu_a.o(.text)
    CPU_SR_Restore                           0x080001d9   Thumb Code     0  cpu_a.o(.text)
    CPU_CntLeadZeros                         0x080001df   Thumb Code     0  cpu_a.o(.text)
    CPU_RevBits                              0x080001e5   Thumb Code     0  cpu_a.o(.text)
    CPU_WaitForInt                           0x080001eb   Thumb Code     0  cpu_a.o(.text)
    CPU_WaitForExcept                        0x080001ef   Thumb Code     0  cpu_a.o(.text)
    __scatterload                            0x080001f5   Thumb Code    28  init.o(.text)
    __scatterload_rt2                        0x080001f5   Thumb Code     0  init.o(.text)
    ADC_Cmd                                  0x08000219   Thumb Code    22  stm32f10x_adc.o(i.ADC_Cmd)
    ADC_Configuration                        0x08000231   Thumb Code   278  adc.o(i.ADC_Configuration)
    ADC_DMACmd                               0x0800035d   Thumb Code    22  stm32f10x_adc.o(i.ADC_DMACmd)
    ADC_GetCalibrationStatus                 0x08000373   Thumb Code    20  stm32f10x_adc.o(i.ADC_GetCalibrationStatus)
    ADC_GetResetCalibrationStatus            0x08000387   Thumb Code    20  stm32f10x_adc.o(i.ADC_GetResetCalibrationStatus)
    ADC_Init                                 0x0800039d   Thumb Code    68  stm32f10x_adc.o(i.ADC_Init)
    ADC_RegularChannelConfig                 0x080003e9   Thumb Code   180  stm32f10x_adc.o(i.ADC_RegularChannelConfig)
    ADC_ResetCalibration                     0x0800049d   Thumb Code    10  stm32f10x_adc.o(i.ADC_ResetCalibration)
    ADC_SoftwareStartConvCmd                 0x080004a7   Thumb Code    22  stm32f10x_adc.o(i.ADC_SoftwareStartConvCmd)
    ADC_StartCalibration                     0x080004bd   Thumb Code    10  stm32f10x_adc.o(i.ADC_StartCalibration)
    ADC_TempSensorVrefintCmd                 0x080004c9   Thumb Code    34  stm32f10x_adc.o(i.ADC_TempSensorVrefintCmd)
    AdcFilter                                0x080004f5   Thumb Code    58  adc.o(i.AdcFilter)
    AddLoopBuf                               0x08000539   Thumb Code    52  loopbuf.o(i.AddLoopBuf)
    App_BlinkTaskCreate                      0x0800056d   Thumb Code   536  soft.o(i.App_BlinkTaskCreate)
    App_TCBInitHook                          0x0800088d   Thumb Code     2  os_apphooks.o(i.App_TCBInitHook)
    App_TaskCreateHook                       0x08000897   Thumb Code     2  os_apphooks.o(i.App_TaskCreateHook)
    App_TaskIdleHook                         0x08000899   Thumb Code     2  os_apphooks.o(i.App_TaskIdleHook)
    App_TaskStatHook                         0x080008e7   Thumb Code     2  os_apphooks.o(i.App_TaskStatHook)
    App_TaskSwHook                           0x080008e9   Thumb Code     2  os_apphooks.o(i.App_TaskSwHook)
    App_TimeTickHook                         0x080008eb   Thumb Code     2  os_apphooks.o(i.App_TimeTickHook)
    AscToHex                                 0x080008ed   Thumb Code    38  nomal.o(i.AscToHex)
    BusFault_Handler                         0x08000913   Thumb Code     4  stm32f10x_it.o(i.BusFault_Handler)
    ClearLoopBuf                             0x08000917   Thumb Code    10  loopbuf.o(i.ClearLoopBuf)
    DMA_Cmd                                  0x08000921   Thumb Code    24  stm32f10x_dma.o(i.DMA_Cmd)
    DMA_DeInit                               0x08000939   Thumb Code   336  stm32f10x_dma.o(i.DMA_DeInit)
    DMA_Init                                 0x08000a91   Thumb Code    60  stm32f10x_dma.o(i.DMA_Init)
    DebugMon_Handler                         0x08000acd   Thumb Code     2  stm32f10x_it.o(i.DebugMon_Handler)
    GPIO_Configuration_Adc                   0x08000ad1   Thumb Code    24  adc.o(i.GPIO_Configuration_Adc)
    GPIO_Init                                0x08000aed   Thumb Code   268  stm32f10x_gpio.o(i.GPIO_Init)
    GPIO_ReadInputData                       0x08000bf9   Thumb Code     8  stm32f10x_gpio.o(i.GPIO_ReadInputData)
    GPIO_ReadInputDataBit                    0x08000c01   Thumb Code    18  stm32f10x_gpio.o(i.GPIO_ReadInputDataBit)
    GPIO_ResetBits                           0x08000c13   Thumb Code     4  stm32f10x_gpio.o(i.GPIO_ResetBits)
    GPIO_SetBits                             0x08000c17   Thumb Code     4  stm32f10x_gpio.o(i.GPIO_SetBits)
    GetLoopbuf                               0x08000c1b   Thumb Code    60  loopbuf.o(i.GetLoopbuf)
    GetOneFromUart1                          0x08000c59   Thumb Code    44  uart.o(i.GetOneFromUart1)
    HardFault_Handler                        0x08000c8d   Thumb Code     4  stm32f10x_it.o(i.HardFault_Handler)
    HexToAsc                                 0x08000c91   Thumb Code    30  nomal.o(i.HexToAsc)
    InitGpio                                 0x08000cb1   Thumb Code   278  hd_prt3201.o(i.InitGpio)
    InitUSART1                               0x08000dd5   Thumb Code   106  hd_prt3201.o(i.InitUSART1)
    Init_Tim3                                0x08000e45   Thumb Code    96  hd_prt3201.o(i.Init_Tim3)
    IsHexAsc                                 0x08000ea9   Thumb Code    28  nomal.o(i.IsHexAsc)
    IsNumberAsc                              0x08000ec5   Thumb Code    22  nomal.o(i.IsNumberAsc)
    MakeValAsc16                             0x08000edb   Thumb Code   226  nomal.o(i.MakeValAsc16)
    MemManage_Handler                        0x08000fbd   Thumb Code     4  stm32f10x_it.o(i.MemManage_Handler)
    NMI_Handler                              0x08000fdf   Thumb Code     2  stm32f10x_it.o(i.NMI_Handler)
    NVIC_Init                                0x08000fe1   Thumb Code   102  misc.o(i.NVIC_Init)
    NVIC_PriorityGroupConfig                 0x08001055   Thumb Code    10  misc.o(i.NVIC_PriorityGroupConfig)
    NumberAscStringToInt16                   0x08001069   Thumb Code    62  nomal.o(i.NumberAscStringToInt16)
    NumberHexStringToInt32                   0x080010a7   Thumb Code    48  user.o(i.NumberHexStringToInt32)
    OSDebugInit                              0x080010d9   Thumb Code   118  os_dbg.o(i.OSDebugInit)
    OSEventNameSet                           0x08001235   Thumb Code    98  os_core.o(i.OSEventNameSet)
    OSInit                                   0x0800129d   Thumb Code    56  os_core.o(i.OSInit)
    OSInitHookBegin                          0x080012d5   Thumb Code     8  os_cpu_c.o(i.OSInitHookBegin)
    OSInitHookEnd                            0x080012e1   Thumb Code     2  os_cpu_c.o(i.OSInitHookEnd)
    OSIntExit                                0x080012e5   Thumb Code   112  os_core.o(i.OSIntExit)
    OSSchedLock                              0x08001375   Thumb Code    50  os_core.o(i.OSSchedLock)
    OSSchedUnlock                            0x080013b5   Thumb Code    82  os_core.o(i.OSSchedUnlock)
    OSSemCreate                              0x08001415   Thumb Code    72  os_sem.o(i.OSSemCreate)
    OSSemPend                                0x08001469   Thumb Code   234  os_sem.o(i.OSSemPend)
    OSSemPost                                0x08001561   Thumb Code    94  os_sem.o(i.OSSemPost)
    OSStart                                  0x080015c1   Thumb Code    48  os_core.o(i.OSStart)
    OSStatInit                               0x08001609   Thumb Code    62  os_core.o(i.OSStatInit)
    OSTCBInitHook                            0x08001655   Thumb Code    12  os_cpu_c.o(i.OSTCBInitHook)
    OSTaskCreate                             0x08001661   Thumb Code   156  os_task.o(i.OSTaskCreate)
    OSTaskCreateExt                          0x08001709   Thumb Code   182  os_task.o(i.OSTaskCreateExt)
    OSTaskCreateHook                         0x080017cd   Thumb Code    12  os_cpu_c.o(i.OSTaskCreateHook)
    OSTaskIdleHook                           0x080017d9   Thumb Code     8  os_cpu_c.o(i.OSTaskIdleHook)
    OSTaskNameSet                            0x080017e1   Thumb Code   118  os_task.o(i.OSTaskNameSet)
    OSTaskStatHook                           0x08001865   Thumb Code     8  os_cpu_c.o(i.OSTaskStatHook)
    OSTaskStkChk                             0x0800186d   Thumb Code   152  os_task.o(i.OSTaskStkChk)
    OSTaskStkInit                            0x0800190d   Thumb Code   154  os_cpu_c.o(i.OSTaskStkInit)
    OSTaskSuspend                            0x080019a9   Thumb Code   180  os_task.o(i.OSTaskSuspend)
    OSTaskSwHook                             0x08001a6d   Thumb Code     8  os_cpu_c.o(i.OSTaskSwHook)
    OSTimeDly                                0x08001a75   Thumb Code   106  os_time.o(i.OSTimeDly)
    OSTimeDlyHMSM                            0x08001af5   Thumb Code   124  os_time.o(i.OSTimeDlyHMSM)
    OSTimeTick                               0x08001b79   Thumb Code   208  os_core.o(i.OSTimeTick)
    OSTimeTickHook                           0x08001c61   Thumb Code    34  os_cpu_c.o(i.OSTimeTickHook)
    OSTmrSignal                              0x08001c89   Thumb Code    16  os_tmr.o(i.OSTmrSignal)
    OSTmr_Init                               0x08001c9d   Thumb Code   168  os_tmr.o(i.OSTmr_Init)
    OS_CPU_SysTickInit                       0x08001f15   Thumb Code    88  os_cpu_c.o(i.OS_CPU_SysTickInit)
    OS_EventTaskRdy                          0x08001f79   Thumb Code   150  os_core.o(i.OS_EventTaskRdy)
    OS_EventTaskRemove                       0x08002021   Thumb Code    48  os_core.o(i.OS_EventTaskRemove)
    OS_EventTaskRemoveMulti                  0x08002051   Thumb Code    78  os_core.o(i.OS_EventTaskRemoveMulti)
    OS_EventTaskWait                         0x080020a1   Thumb Code   120  os_core.o(i.OS_EventTaskWait)
    OS_EventWaitListInit                     0x08002125   Thumb Code    26  os_core.o(i.OS_EventWaitListInit)
    OS_FlagInit                              0x08002141   Thumb Code    74  os_flag.o(i.OS_FlagInit)
    OS_MemClr                                0x080023b1   Thumb Code    18  os_core.o(i.OS_MemClr)
    OS_MemInit                               0x080023c5   Thumb Code    74  os_mem.o(i.OS_MemInit)
    OS_QInit                                 0x0800241d   Thumb Code    72  os_q.o(i.OS_QInit)
    OS_Sched                                 0x0800246d   Thumb Code    88  os_core.o(i.OS_Sched)
    OS_TCBInit                               0x0800250d   Thumb Code   346  os_core.o(i.OS_TCBInit)
    OS_TaskIdle                              0x08002685   Thumb Code    36  os_core.o(i.OS_TaskIdle)
    OS_TaskStat                              0x080026ad   Thumb Code   120  os_core.o(i.OS_TaskStat)
    OS_TaskStatStkChk                        0x08002739   Thumb Code    54  os_core.o(i.OS_TaskStatStkChk)
    OS_TaskStkClr                            0x08002775   Thumb Code    26  os_task.o(i.OS_TaskStkClr)
    ProcessInput1                            0x0800278f   Thumb Code    14  user.o(i.ProcessInput1)
    ProcessKey                               0x0800279d   Thumb Code    82  user.o(i.ProcessKey)
    ProcessRecvUser                          0x080027f1   Thumb Code   190  user.o(i.ProcessRecvUser)
    ProcessSenSor1                           0x080028c1   Thumb Code     8  user.o(i.ProcessSenSor1)
    PutString                                0x080028c9   Thumb Code    32  nomal.o(i.PutString)
    RCC_ADCCLKConfig                         0x080028e9   Thumb Code    16  stm32f10x_rcc.o(i.RCC_ADCCLKConfig)
    RCC_AHBPeriphClockCmd                    0x080028fd   Thumb Code    26  stm32f10x_rcc.o(i.RCC_AHBPeriphClockCmd)
    RCC_APB1PeriphClockCmd                   0x0800291d   Thumb Code    26  stm32f10x_rcc.o(i.RCC_APB1PeriphClockCmd)
    RCC_APB2PeriphClockCmd                   0x0800293d   Thumb Code    26  stm32f10x_rcc.o(i.RCC_APB2PeriphClockCmd)
    RCC_Configuration_Adc                    0x0800295d   Thumb Code    30  adc.o(i.RCC_Configuration_Adc)
    RCC_GetClocksFreq                        0x0800297d   Thumb Code   194  stm32f10x_rcc.o(i.RCC_GetClocksFreq)
    ReceivedPowerOut                         0x08002a51   Thumb Code   212  user.o(i.ReceivedPowerOut)
    RecvFromUser                             0x08002b35   Thumb Code    86  user.o(i.RecvFromUser)
    ResponePower                             0x08002b95   Thumb Code    98  user.o(i.ResponePower)
    ResponeTempratur                         0x08002c11   Thumb Code   140  user.o(i.ResponeTempratur)
    SVC_Handler                              0x08002cb5   Thumb Code     2  stm32f10x_it.o(i.SVC_Handler)
    SendText_UART1                           0x08002cb7   Thumb Code    32  uart.o(i.SendText_UART1)
    StepMotInit                              0x08002da9   Thumb Code   112  user.o(i.StepMotInit)
    StepMotRun1                              0x08002e25   Thumb Code   112  user.o(i.StepMotRun1)
    StepMotStart1                            0x08002e9d   Thumb Code   104  user.o(i.StepMotStart1)
    StepMotStart2                            0x08002f0d   Thumb Code   104  user.o(i.StepMotStart2)
    StepMotStop1                             0x08002f7d   Thumb Code    52  user.o(i.StepMotStop1)
    StepMotStop2                             0x08002fb9   Thumb Code    52  user.o(i.StepMotStop2)
    SysTick_Handler                          0x08002ff5   Thumb Code    34  stm32f10x_it.o(i.SysTick_Handler)
    SystemInit                               0x0800301d   Thumb Code    78  system_stm32f10x.o(i.SystemInit)
    TIM3_IRQHandler                          0x0800307d   Thumb Code   256  stm32f10x_it.o(i.TIM3_IRQHandler)
    TIM_ClearITPendingBit                    0x0800318d   Thumb Code     6  stm32f10x_tim.o(i.TIM_ClearITPendingBit)
    TIM_Cmd                                  0x08003193   Thumb Code    24  stm32f10x_tim.o(i.TIM_Cmd)
    TIM_GetITStatus                          0x080031ab   Thumb Code    34  stm32f10x_tim.o(i.TIM_GetITStatus)
    TIM_ITConfig                             0x080031cd   Thumb Code    24  stm32f10x_tim.o(i.TIM_ITConfig)
    TIM_SetCounter                           0x080031e5   Thumb Code     4  stm32f10x_tim.o(i.TIM_SetCounter)
    TIM_TimeBaseInit                         0x080031e9   Thumb Code   122  stm32f10x_tim.o(i.TIM_TimeBaseInit)
    TaskAA                                   0x0800328d   Thumb Code    24  user.o(i.TaskAA)
    TaskExample                              0x080032a5   Thumb Code    28  user.o(i.TaskExample)
    TaskInput1                               0x080032c1   Thumb Code    56  user.o(i.TaskInput1)
    TaskInput2                               0x08003301   Thumb Code    44  user.o(i.TaskInput2)
    TaskKey                                  0x08003335   Thumb Code   122  user.o(i.TaskKey)
    TaskOut6                                 0x080033bd   Thumb Code    24  user.o(i.TaskOut6)
    TaskRecv                                 0x080033d5   Thumb Code   162  user.o(i.TaskRecv)
    TaskSensor                               0x08003491   Thumb Code   156  user.o(i.TaskSensor)
    TaskStatus                               0x08003539   Thumb Code   236  user.o(i.TaskStatus)
    TaskTimeOut5                             0x08003631   Thumb Code    62  user.o(i.TaskTimeOut5)
    USART1_IRQHandler                        0x08003675   Thumb Code     8  stm32f10x_it.o(i.USART1_IRQHandler)
    USART1_RxTxISRHandler                    0x0800367d   Thumb Code   154  hd_prt3201.o(i.USART1_RxTxISRHandler)
    USART1_TxIntEn                           0x08003735   Thumb Code    28  hd_prt3201.o(i.USART1_TxIntEn)
    USART2_IRQHandler                        0x08003755   Thumb Code     2  stm32f10x_it.o(i.USART2_IRQHandler)
    USART_ClearITPendingBit                  0x08003757   Thumb Code    30  stm32f10x_usart.o(i.USART_ClearITPendingBit)
    USART_Cmd                                0x08003775   Thumb Code    24  stm32f10x_usart.o(i.USART_Cmd)
    USART_GetITStatus                        0x0800378d   Thumb Code    84  stm32f10x_usart.o(i.USART_GetITStatus)
    USART_ITConfig                           0x080037e1   Thumb Code    72  stm32f10x_usart.o(i.USART_ITConfig)
    USART_Init                               0x08003829   Thumb Code   210  stm32f10x_usart.o(i.USART_Init)
    USART_ReceiveData                        0x08003901   Thumb Code    10  stm32f10x_usart.o(i.USART_ReceiveData)
    USART_SendData                           0x0800390b   Thumb Code     8  stm32f10x_usart.o(i.USART_SendData)
    Uart1BufInit                             0x08003915   Thumb Code    38  uart.o(i.Uart1BufInit)
    Uart1CharSend                            0x08003949   Thumb Code   142  uart.o(i.Uart1CharSend)
    UsageFault_Handler                       0x080039e9   Thumb Code     4  stm32f10x_it.o(i.UsageFault_Handler)
    __scatterload_copy                       0x080039ed   Thumb Code    14  handlers.o(i.__scatterload_copy)
    __scatterload_null                       0x080039fb   Thumb Code     2  handlers.o(i.__scatterload_null)
    __scatterload_zeroinit                   0x080039fd   Thumb Code    14  handlers.o(i.__scatterload_zeroinit)
    main                                     0x08003a0d   Thumb Code    70  main.o(i.main)
    OSDebugEn                                0x08003a88   Data           2  os_dbg.o(.constdata)
    OSEndiannessTest                         0x08003a8c   Data           4  os_dbg.o(.constdata)
    OSEventEn                                0x08003a90   Data           2  os_dbg.o(.constdata)
    OSEventMax                               0x08003a92   Data           2  os_dbg.o(.constdata)
    OSEventNameEn                            0x08003a94   Data           2  os_dbg.o(.constdata)
    OSEventSize                              0x08003a96   Data           2  os_dbg.o(.constdata)
    OSEventTblSize                           0x08003a98   Data           2  os_dbg.o(.constdata)
    OSEventMultiEn                           0x08003a9a   Data           2  os_dbg.o(.constdata)
    OSFlagEn                                 0x08003a9c   Data           2  os_dbg.o(.constdata)
    OSFlagGrpSize                            0x08003a9e   Data           2  os_dbg.o(.constdata)
    OSFlagNodeSize                           0x08003aa0   Data           2  os_dbg.o(.constdata)
    OSFlagWidth                              0x08003aa2   Data           2  os_dbg.o(.constdata)
    OSFlagMax                                0x08003aa4   Data           2  os_dbg.o(.constdata)
    OSFlagNameEn                             0x08003aa6   Data           2  os_dbg.o(.constdata)
    OSLowestPrio                             0x08003aa8   Data           2  os_dbg.o(.constdata)
    OSMboxEn                                 0x08003aaa   Data           2  os_dbg.o(.constdata)
    OSMemEn                                  0x08003aac   Data           2  os_dbg.o(.constdata)
    OSMemMax                                 0x08003aae   Data           2  os_dbg.o(.constdata)
    OSMemNameEn                              0x08003ab0   Data           2  os_dbg.o(.constdata)
    OSMemSize                                0x08003ab2   Data           2  os_dbg.o(.constdata)
    OSMemTblSize                             0x08003ab4   Data           2  os_dbg.o(.constdata)
    OSMutexEn                                0x08003ab6   Data           2  os_dbg.o(.constdata)
    OSPtrSize                                0x08003ab8   Data           2  os_dbg.o(.constdata)
    OSQEn                                    0x08003aba   Data           2  os_dbg.o(.constdata)
    OSQMax                                   0x08003abc   Data           2  os_dbg.o(.constdata)
    OSQSize                                  0x08003abe   Data           2  os_dbg.o(.constdata)
    OSRdyTblSize                             0x08003ac0   Data           2  os_dbg.o(.constdata)
    OSSemEn                                  0x08003ac2   Data           2  os_dbg.o(.constdata)
    OSStkWidth                               0x08003ac4   Data           2  os_dbg.o(.constdata)
    OSTaskCreateEn                           0x08003ac6   Data           2  os_dbg.o(.constdata)
    OSTaskCreateExtEn                        0x08003ac8   Data           2  os_dbg.o(.constdata)
    OSTaskDelEn                              0x08003aca   Data           2  os_dbg.o(.constdata)
    OSTaskIdleStkSize                        0x08003acc   Data           2  os_dbg.o(.constdata)
    OSTaskProfileEn                          0x08003ace   Data           2  os_dbg.o(.constdata)
    OSTaskMax                                0x08003ad0   Data           2  os_dbg.o(.constdata)
    OSTaskNameEn                             0x08003ad2   Data           2  os_dbg.o(.constdata)
    OSTaskStatEn                             0x08003ad4   Data           2  os_dbg.o(.constdata)
    OSTaskStatStkSize                        0x08003ad6   Data           2  os_dbg.o(.constdata)
    OSTaskStatStkChkEn                       0x08003ad8   Data           2  os_dbg.o(.constdata)
    OSTaskSwHookEn                           0x08003ada   Data           2  os_dbg.o(.constdata)
    OSTaskRegTblSize                         0x08003adc   Data           2  os_dbg.o(.constdata)
    OSTCBPrioTblMax                          0x08003ade   Data           2  os_dbg.o(.constdata)
    OSTCBSize                                0x08003ae0   Data           2  os_dbg.o(.constdata)
    OSTicksPerSec                            0x08003ae2   Data           2  os_dbg.o(.constdata)
    OSTimeTickHookEn                         0x08003ae4   Data           2  os_dbg.o(.constdata)
    OSVersionNbr                             0x08003ae6   Data           2  os_dbg.o(.constdata)
    OSTmrEn                                  0x08003ae8   Data           2  os_dbg.o(.constdata)
    OSTmrCfgMax                              0x08003aea   Data           2  os_dbg.o(.constdata)
    OSTmrCfgNameEn                           0x08003aec   Data           2  os_dbg.o(.constdata)
    OSTmrCfgWheelSize                        0x08003aee   Data           2  os_dbg.o(.constdata)
    OSTmrCfgTicksPerSec                      0x08003af0   Data           2  os_dbg.o(.constdata)
    OSTmrSize                                0x08003af2   Data           2  os_dbg.o(.constdata)
    OSTmrTblSize                             0x08003af4   Data           2  os_dbg.o(.constdata)
    OSTmrWheelSize                           0x08003af6   Data           2  os_dbg.o(.constdata)
    OSTmrWheelTblSize                        0x08003af8   Data           2  os_dbg.o(.constdata)
    OSDataSize                               0x08003afa   Data           2  os_dbg.o(.constdata)
    OSUnMapTbl                               0x08003afc   Data         256  os_core.o(.constdata)
    Region$$Table$$Base                      0x08003bfc   Number         0  anon$$obj.o(Region$$Table)
    Region$$Table$$Limit                     0x08003c1c   Number         0  anon$$obj.o(Region$$Table)
    Uart1Sending                             0x20000000   Data           1  uart.o(.data)
    Uart1RecvStruct                          0x20000002   Data           6  uart.o(.data)
    Uart1SendStruct                          0x20000008   Data           6  uart.o(.data)
    EventTimeBuz                             0x20000010   Data           1  user.o(.data)
    EventTimeLed                             0x20000011   Data           1  user.o(.data)
    RelativeOrigin                           0x20000014   Data           4  user.o(.data)
    OSSemUart1                               0x20000018   Data           4  user.o(.data)
    LenFromUser                              0x2000001c   Data           1  user.o(.data)
    FlagKey                                  0x2000001d   Data           1  user.o(.data)
    FlagStartRun                             0x2000001e   Data           1  user.o(.data)
    TimeoutClrPower                          0x2000001f   Data           1  user.o(.data)
    SystemCoreClock                          0x20000034   Data           4  system_stm32f10x.o(.data)
    AHBPrescTable                            0x20000038   Data          16  system_stm32f10x.o(.data)
    OSCtxSwCtr                               0x2000004c   Data           4  os_core.o(.data)
    OSEventFreeList                          0x20000050   Data           4  os_core.o(.data)
    OSFlagFreeList                           0x20000054   Data           4  os_core.o(.data)
    OSCPUUsage                               0x20000058   Data           1  os_core.o(.data)
    OSIdleCtrMax                             0x2000005c   Data           4  os_core.o(.data)
    OSIdleCtrRun                             0x20000060   Data           4  os_core.o(.data)
    OSStatRdy                                0x20000064   Data           1  os_core.o(.data)
    OSIntNesting                             0x20000065   Data           1  os_core.o(.data)
    OSLockNesting                            0x20000066   Data           1  os_core.o(.data)
    OSPrioCur                                0x20000067   Data           1  os_core.o(.data)
    OSPrioHighRdy                            0x20000068   Data           1  os_core.o(.data)
    OSRdyGrp                                 0x20000069   Data           1  os_core.o(.data)
    OSRdyTbl                                 0x2000006a   Data           8  os_core.o(.data)
    OSRunning                                0x20000072   Data           1  os_core.o(.data)
    OSTaskCtr                                0x20000073   Data           1  os_core.o(.data)
    OSIdleCtr                                0x20000074   Data           4  os_core.o(.data)
    OSTCBCur                                 0x20000078   Data           4  os_core.o(.data)
    OSTCBFreeList                            0x2000007c   Data           4  os_core.o(.data)
    OSTCBHighRdy                             0x20000080   Data           4  os_core.o(.data)
    OSTCBList                                0x20000084   Data           4  os_core.o(.data)
    OSTickStepState                          0x20000088   Data           1  os_core.o(.data)
    OSMemFreeList                            0x2000008c   Data           4  os_core.o(.data)
    OSQFreeList                              0x20000090   Data           4  os_core.o(.data)
    OSTime                                   0x20000094   Data           4  os_core.o(.data)
    OSTmrFree                                0x20000098   Data           2  os_core.o(.data)
    OSTmrUsed                                0x2000009a   Data           2  os_core.o(.data)
    OSTmrTime                                0x2000009c   Data           4  os_core.o(.data)
    OSTmrSem                                 0x200000a0   Data           4  os_core.o(.data)
    OSTmrSemSignal                           0x200000a4   Data           4  os_core.o(.data)
    OSTmrFreeList                            0x200000a8   Data           4  os_core.o(.data)
    Uart1RecvBuf                             0x200001b4   Data          68  uart.o(.bss)
    Uart1SendBuf                             0x200001f8   Data          68  uart.o(.bss)
    BufFromUser                              0x2000197c   Data         252  user.o(.bss)
    StepMot1                                 0x20001a78   Data          20  user.o(.bss)
    StepMot2                                 0x20001a8c   Data          20  user.o(.bss)
    PowerOutBuf                              0x20001aa0   Data          16  user.o(.bss)
    TestOutBuf                               0x20001ab0   Data          16  user.o(.bss)
    ADC_InitStructure                        0x20001ac0   Data          20  adc.o(.bss)
    DMA_InitStructure                        0x20001ad4   Data          44  adc.o(.bss)
    AD_Value                                 0x20001b00   Data         600  adc.o(.bss)
    After_filter                             0x20001d58   Data          12  adc.o(.bss)
    OSEventTbl                               0x20001d64   Data         552  os_core.o(.bss)
    OSFlagTbl                                0x20001f8c   Data          80  os_core.o(.bss)
    OSTaskStatStk                            0x20001fdc   Data         256  os_core.o(.bss)
    OSTaskIdleStk                            0x200020dc   Data         128  os_core.o(.bss)
    OSTCBPrioTbl                             0x2000215c   Data         256  os_core.o(.bss)
    OSTCBTbl                                 0x2000225c   Data        2200  os_core.o(.bss)
    OSMemTbl                                 0x20002af4   Data         120  os_core.o(.bss)
    OSQTbl                                   0x20002b6c   Data          96  os_core.o(.bss)
    OSTmrTbl                                 0x20002bcc   Data         640  os_core.o(.bss)
    OSTmrTaskStk                             0x20002e4c   Data         256  os_core.o(.bss)
    OSTmrWheelTbl                            0x20002f4c   Data          64  os_core.o(.bss)
    __initial_sp                             0x20003390   Data           0  startup_stm32f10x_ld.o(STACK)



==============================================================================

Memory Map of the image

  Image Entry point : 0x080000ed

  Load Region LR_IROM1 (Base: 0x08000000, Size: 0x00003cc8, Max: 0x00040000, ABSOLUTE)

    Execution Region ER_IROM1 (Base: 0x08000000, Size: 0x00003c1c, Max: 0x00040000, ABSOLUTE)

    Base Addr    Size         Type   Attr      Idx    E Section Name        Object

    0x08000000   0x000000ec   Data   RO         3960    RESET               startup_stm32f10x_ld.o
    0x080000ec   0x00000000   Code   RO         5108  * .ARM.Collect$$$$00000000  entry.o(mc_w.l)
    0x080000ec   0x00000004   Code   RO         5111    .ARM.Collect$$$$00000001  entry2.o(mc_w.l)
    0x080000f0   0x00000004   Code   RO         5114    .ARM.Collect$$$$00000004  entry5.o(mc_w.l)
    0x080000f4   0x00000008   Code   RO         5115    .ARM.Collect$$$$00000007  entry7.o(mc_w.l)
    0x080000fc   0x00000004   Code   RO         5112    .ARM.Collect$$$$00002712  entry2.o(mc_w.l)
    0x08000100   0x00000024   Code   RO         3961    .text               startup_stm32f10x_ld.o
    0x08000124   0x000000a4   Code   RO         4077    .text               os_cpu_a.o
    0x080001c8   0x0000002a   Code   RO         4972    .text               cpu_a.o
    0x080001f2   0x00000002   PAD
    0x080001f4   0x00000024   Code   RO         5116    .text               init.o(mc_w.l)
    0x08000218   0x00000016   Code   RO         1467    i.ADC_Cmd           stm32f10x_adc.o
    0x0800022e   0x00000002   PAD
    0x08000230   0x0000012c   Code   RO          656    i.ADC_Configuration  adc.o
    0x0800035c   0x00000016   Code   RO         1468    i.ADC_DMACmd        stm32f10x_adc.o
    0x08000372   0x00000014   Code   RO         1475    i.ADC_GetCalibrationStatus  stm32f10x_adc.o
    0x08000386   0x00000014   Code   RO         1481    i.ADC_GetResetCalibrationStatus  stm32f10x_adc.o
    0x0800039a   0x00000002   PAD
    0x0800039c   0x0000004c   Code   RO         1485    i.ADC_Init          stm32f10x_adc.o
    0x080003e8   0x000000b4   Code   RO         1489    i.ADC_RegularChannelConfig  stm32f10x_adc.o
    0x0800049c   0x0000000a   Code   RO         1490    i.ADC_ResetCalibration  stm32f10x_adc.o
    0x080004a6   0x00000016   Code   RO         1492    i.ADC_SoftwareStartConvCmd  stm32f10x_adc.o
    0x080004bc   0x0000000a   Code   RO         1494    i.ADC_StartCalibration  stm32f10x_adc.o
    0x080004c6   0x00000002   PAD
    0x080004c8   0x0000002c   Code   RO         1496    i.ADC_TempSensorVrefintCmd  stm32f10x_adc.o
    0x080004f4   0x00000044   Code   RO          657    i.AdcFilter         adc.o
    0x08000538   0x00000034   Code   RO          300    i.AddLoopBuf        loopbuf.o
    0x0800056c   0x00000320   Code   RO          426    i.App_BlinkTaskCreate  soft.o
    0x0800088c   0x00000002   Code   RO         4870    i.App_TCBInitHook   os_apphooks.o
    0x0800088e   0x00000008   Code   RO            1    i.App_TaskCreate    main.o
    0x08000896   0x00000002   Code   RO         4871    i.App_TaskCreateHook  os_apphooks.o
    0x08000898   0x00000002   Code   RO         4873    i.App_TaskIdleHook  os_apphooks.o
    0x0800089a   0x0000004c   Code   RO            2    i.App_TaskStart     main.o
    0x080008e6   0x00000002   Code   RO         4875    i.App_TaskStatHook  os_apphooks.o
    0x080008e8   0x00000002   Code   RO         4876    i.App_TaskSwHook    os_apphooks.o
    0x080008ea   0x00000002   Code   RO         4877    i.App_TimeTickHook  os_apphooks.o
    0x080008ec   0x00000026   Code   RO          201    i.AscToHex          nomal.o
    0x08000912   0x00000004   Code   RO          330    i.BusFault_Handler  stm32f10x_it.o
    0x08000916   0x0000000a   Code   RO          301    i.ClearLoopBuf      loopbuf.o
    0x08000920   0x00000018   Code   RO         2140    i.DMA_Cmd           stm32f10x_dma.o
    0x08000938   0x00000158   Code   RO         2141    i.DMA_DeInit        stm32f10x_dma.o
    0x08000a90   0x0000003c   Code   RO         2146    i.DMA_Init          stm32f10x_dma.o
    0x08000acc   0x00000002   Code   RO          331    i.DebugMon_Handler  stm32f10x_it.o
    0x08000ace   0x00000002   Code   RO            3    i.GPIO_Configuration  main.o
    0x08000ad0   0x0000001c   Code   RO          658    i.GPIO_Configuration_Adc  adc.o
    0x08000aec   0x0000010c   Code   RO         1153    i.GPIO_Init         stm32f10x_gpio.o
    0x08000bf8   0x00000008   Code   RO         1156    i.GPIO_ReadInputData  stm32f10x_gpio.o
    0x08000c00   0x00000012   Code   RO         1157    i.GPIO_ReadInputDataBit  stm32f10x_gpio.o
    0x08000c12   0x00000004   Code   RO         1160    i.GPIO_ResetBits    stm32f10x_gpio.o
    0x08000c16   0x00000004   Code   RO         1161    i.GPIO_SetBits      stm32f10x_gpio.o
    0x08000c1a   0x0000003c   Code   RO          302    i.GetLoopbuf        loopbuf.o
    0x08000c56   0x00000002   PAD
    0x08000c58   0x00000034   Code   RO          158    i.GetOneFromUart1   uart.o
    0x08000c8c   0x00000004   Code   RO          332    i.HardFault_Handler  stm32f10x_it.o
    0x08000c90   0x0000001e   Code   RO          206    i.HexToAsc          nomal.o
    0x08000cae   0x00000002   PAD
    0x08000cb0   0x00000124   Code   RO          874    i.InitGpio          hd_prt3201.o
    0x08000dd4   0x00000070   Code   RO          877    i.InitUSART1        hd_prt3201.o
    0x08000e44   0x00000064   Code   RO          880    i.Init_Tim3         hd_prt3201.o
    0x08000ea8   0x0000001c   Code   RO          207    i.IsHexAsc          nomal.o
    0x08000ec4   0x00000016   Code   RO          208    i.IsNumberAsc       nomal.o
    0x08000eda   0x000000e2   Code   RO          210    i.MakeValAsc16      nomal.o
    0x08000fbc   0x00000004   Code   RO          333    i.MemManage_Handler  stm32f10x_it.o
    0x08000fc0   0x0000001e   Code   RO          428    i.MyTASK            soft.o
    0x08000fde   0x00000002   Code   RO          334    i.NMI_Handler       stm32f10x_it.o
    0x08000fe0   0x00000074   Code   RO          934    i.NVIC_Init         misc.o
    0x08001054   0x00000014   Code   RO          935    i.NVIC_PriorityGroupConfig  misc.o
    0x08001068   0x0000003e   Code   RO          213    i.NumberAscStringToInt16  nomal.o
    0x080010a6   0x00000030   Code   RO          457    i.NumberHexStringToInt32  user.o
    0x080010d6   0x00000002   PAD
    0x080010d8   0x0000015c   Code   RO         3965    i.OSDebugInit       os_dbg.o
    0x08001234   0x00000068   Code   RO         4081    i.OSEventNameSet    os_core.o
    0x0800129c   0x00000038   Code   RO         4083    i.OSInit            os_core.o
    0x080012d4   0x0000000c   Code   RO         3980    i.OSInitHookBegin   os_cpu_c.o
    0x080012e0   0x00000002   Code   RO         3981    i.OSInitHookEnd     os_cpu_c.o
    0x080012e2   0x00000002   PAD
    0x080012e4   0x00000090   Code   RO         4085    i.OSIntExit         os_core.o
    0x08001374   0x00000040   Code   RO         4086    i.OSSchedLock       os_core.o
    0x080013b4   0x00000060   Code   RO         4087    i.OSSchedUnlock     os_core.o
    0x08001414   0x00000054   Code   RO         4595    i.OSSemCreate       os_sem.o
    0x08001468   0x000000f8   Code   RO         4597    i.OSSemPend         os_sem.o
    0x08001560   0x0000005e   Code   RO         4599    i.OSSemPost         os_sem.o
    0x080015be   0x00000002   PAD
    0x080015c0   0x00000048   Code   RO         4088    i.OSStart           os_core.o
    0x08001608   0x0000004c   Code   RO         4089    i.OSStatInit        os_core.o
    0x08001654   0x0000000c   Code   RO         3982    i.OSTCBInitHook     os_cpu_c.o
    0x08001660   0x000000a8   Code   RO         4649    i.OSTaskCreate      os_task.o
    0x08001708   0x000000c4   Code   RO         4650    i.OSTaskCreateExt   os_task.o
    0x080017cc   0x0000000c   Code   RO         3983    i.OSTaskCreateHook  os_cpu_c.o
    0x080017d8   0x00000008   Code   RO         3985    i.OSTaskIdleHook    os_cpu_c.o
    0x080017e0   0x00000084   Code   RO         4654    i.OSTaskNameSet     os_task.o
    0x08001864   0x00000008   Code   RO         3986    i.OSTaskStatHook    os_cpu_c.o
    0x0800186c   0x000000a0   Code   RO         4659    i.OSTaskStkChk      os_task.o
    0x0800190c   0x0000009a   Code   RO         3987    i.OSTaskStkInit     os_cpu_c.o
    0x080019a6   0x00000002   PAD
    0x080019a8   0x000000c4   Code   RO         4660    i.OSTaskSuspend     os_task.o
    0x08001a6c   0x00000008   Code   RO         3988    i.OSTaskSwHook      os_cpu_c.o
    0x08001a74   0x00000080   Code   RO         4744    i.OSTimeDly         os_time.o
    0x08001af4   0x00000084   Code   RO         4745    i.OSTimeDlyHMSM     os_time.o
    0x08001b78   0x000000e8   Code   RO         4090    i.OSTimeTick        os_core.o
    0x08001c60   0x00000028   Code   RO         3989    i.OSTimeTickHook    os_cpu_c.o
    0x08001c88   0x00000014   Code   RO         4784    i.OSTmrSignal       os_tmr.o
    0x08001c9c   0x000000f4   Code   RO         4790    i.OSTmr_Init        os_tmr.o
    0x08001d90   0x00000050   Code   RO         4791    i.OSTmr_InitTask    os_tmr.o
    0x08001de0   0x0000006c   Code   RO         4792    i.OSTmr_Link        os_tmr.o
    0x08001e4c   0x00000084   Code   RO         4793    i.OSTmr_Task        os_tmr.o
    0x08001ed0   0x00000044   Code   RO         4794    i.OSTmr_Unlink      os_tmr.o
    0x08001f14   0x00000064   Code   RO         3992    i.OS_CPU_SysTickInit  os_cpu_c.o
    0x08001f78   0x000000a8   Code   RO         4093    i.OS_EventTaskRdy   os_core.o
    0x08002020   0x00000030   Code   RO         4094    i.OS_EventTaskRemove  os_core.o
    0x08002050   0x0000004e   Code   RO         4095    i.OS_EventTaskRemoveMulti  os_core.o
    0x0800209e   0x00000002   PAD
    0x080020a0   0x00000084   Code   RO         4096    i.OS_EventTaskWait  os_core.o
    0x08002124   0x0000001a   Code   RO         4098    i.OS_EventWaitListInit  os_core.o
    0x0800213e   0x00000002   PAD
    0x08002140   0x00000058   Code   RO         4301    i.OS_FlagInit       os_flag.o
    0x08002198   0x00000060   Code   RO         4099    i.OS_InitEventList  os_core.o
    0x080021f8   0x00000054   Code   RO         4100    i.OS_InitMisc       os_core.o
    0x0800224c   0x00000044   Code   RO         4101    i.OS_InitRdyList    os_core.o
    0x08002290   0x00000080   Code   RO         4102    i.OS_InitTCBList    os_core.o
    0x08002310   0x00000050   Code   RO         4103    i.OS_InitTaskIdle   os_core.o
    0x08002360   0x00000050   Code   RO         4104    i.OS_InitTaskStat   os_core.o
    0x080023b0   0x00000012   Code   RO         4105    i.OS_MemClr         os_core.o
    0x080023c2   0x00000002   PAD
    0x080023c4   0x00000058   Code   RO         4433    i.OS_MemInit        os_mem.o
    0x0800241c   0x00000050   Code   RO         4532    i.OS_QInit          os_q.o
    0x0800246c   0x00000074   Code   RO         4107    i.OS_Sched          os_core.o
    0x080024e0   0x0000002c   Code   RO         4108    i.OS_SchedNew       os_core.o
    0x0800250c   0x00000178   Code   RO         4110    i.OS_TCBInit        os_core.o
    0x08002684   0x00000028   Code   RO         4111    i.OS_TaskIdle       os_core.o
    0x080026ac   0x0000008c   Code   RO         4112    i.OS_TaskStat       os_core.o
    0x08002738   0x0000003c   Code   RO         4113    i.OS_TaskStatStkChk  os_core.o
    0x08002774   0x0000001a   Code   RO         4662    i.OS_TaskStkClr     os_task.o
    0x0800278e   0x0000000e   Code   RO          458    i.ProcessInput1     user.o
    0x0800279c   0x00000052   Code   RO          459    i.ProcessKey        user.o
    0x080027ee   0x00000002   PAD
    0x080027f0   0x000000d0   Code   RO          460    i.ProcessRecvUser   user.o
    0x080028c0   0x00000008   Code   RO          461    i.ProcessSenSor1    user.o
    0x080028c8   0x00000020   Code   RO          215    i.PutString         nomal.o
    0x080028e8   0x00000014   Code   RO         1261    i.RCC_ADCCLKConfig  stm32f10x_rcc.o
    0x080028fc   0x00000020   Code   RO         1262    i.RCC_AHBPeriphClockCmd  stm32f10x_rcc.o
    0x0800291c   0x00000020   Code   RO         1263    i.RCC_APB1PeriphClockCmd  stm32f10x_rcc.o
    0x0800293c   0x00000020   Code   RO         1265    i.RCC_APB2PeriphClockCmd  stm32f10x_rcc.o
    0x0800295c   0x0000001e   Code   RO          659    i.RCC_Configuration_Adc  adc.o
    0x0800297a   0x00000002   PAD
    0x0800297c   0x000000d4   Code   RO         1273    i.RCC_GetClocksFreq  stm32f10x_rcc.o
    0x08002a50   0x000000e4   Code   RO          462    i.ReceivedPowerOut  user.o
    0x08002b34   0x00000060   Code   RO          463    i.RecvFromUser      user.o
    0x08002b94   0x0000007c   Code   RO          464    i.ResponePower      user.o
    0x08002c10   0x000000a4   Code   RO          465    i.ResponeTempratur  user.o
    0x08002cb4   0x00000002   Code   RO          335    i.SVC_Handler       stm32f10x_it.o
    0x08002cb6   0x00000020   Code   RO          160    i.SendText_UART1    uart.o
    0x08002cd6   0x00000008   Code   RO         3924    i.SetSysClock       system_stm32f10x.o
    0x08002cde   0x00000002   PAD
    0x08002ce0   0x000000c8   Code   RO         3925    i.SetSysClockTo72   system_stm32f10x.o
    0x08002da8   0x0000007c   Code   RO          470    i.StepMotInit       user.o
    0x08002e24   0x00000078   Code   RO          471    i.StepMotRun1       user.o
    0x08002e9c   0x00000070   Code   RO          473    i.StepMotStart1     user.o
    0x08002f0c   0x00000070   Code   RO          474    i.StepMotStart2     user.o
    0x08002f7c   0x0000003c   Code   RO          475    i.StepMotStop1      user.o
    0x08002fb8   0x0000003c   Code   RO          476    i.StepMotStop2      user.o
    0x08002ff4   0x00000028   Code   RO          336    i.SysTick_Handler   stm32f10x_it.o
    0x0800301c   0x00000060   Code   RO         3927    i.SystemInit        system_stm32f10x.o
    0x0800307c   0x00000110   Code   RO          337    i.TIM3_IRQHandler   stm32f10x_it.o
    0x0800318c   0x00000006   Code   RO         3139    i.TIM_ClearITPendingBit  stm32f10x_tim.o
    0x08003192   0x00000018   Code   RO         3144    i.TIM_Cmd           stm32f10x_tim.o
    0x080031aa   0x00000022   Code   RO         3165    i.TIM_GetITStatus   stm32f10x_tim.o
    0x080031cc   0x00000018   Code   RO         3169    i.TIM_ITConfig      stm32f10x_tim.o
    0x080031e4   0x00000004   Code   RO         3209    i.TIM_SetCounter    stm32f10x_tim.o
    0x080031e8   0x000000a4   Code   RO         3215    i.TIM_TimeBaseInit  stm32f10x_tim.o
    0x0800328c   0x00000018   Code   RO          477    i.TaskAA            user.o
    0x080032a4   0x0000001c   Code   RO          478    i.TaskExample       user.o
    0x080032c0   0x00000040   Code   RO          479    i.TaskInput1        user.o
    0x08003300   0x00000034   Code   RO          480    i.TaskInput2        user.o
    0x08003334   0x00000088   Code   RO          481    i.TaskKey           user.o
    0x080033bc   0x00000018   Code   RO          482    i.TaskOut6          user.o
    0x080033d4   0x000000bc   Code   RO          483    i.TaskRecv          user.o
    0x08003490   0x000000a8   Code   RO          484    i.TaskSensor        user.o
    0x08003538   0x000000f8   Code   RO          485    i.TaskStatus        user.o
    0x08003630   0x00000044   Code   RO          486    i.TaskTimeOut5      user.o
    0x08003674   0x00000008   Code   RO          340    i.USART1_IRQHandler  stm32f10x_it.o
    0x0800367c   0x000000b8   Code   RO          881    i.USART1_RxTxISRHandler  hd_prt3201.o
    0x08003734   0x00000020   Code   RO          882    i.USART1_TxIntEn    hd_prt3201.o
    0x08003754   0x00000002   Code   RO          341    i.USART2_IRQHandler  stm32f10x_it.o
    0x08003756   0x0000001e   Code   RO         3677    i.USART_ClearITPendingBit  stm32f10x_usart.o
    0x08003774   0x00000018   Code   RO         3680    i.USART_Cmd         stm32f10x_usart.o
    0x0800378c   0x00000054   Code   RO         3684    i.USART_GetITStatus  stm32f10x_usart.o
    0x080037e0   0x00000048   Code   RO         3686    i.USART_ITConfig    stm32f10x_usart.o
    0x08003828   0x000000d8   Code   RO         3687    i.USART_Init        stm32f10x_usart.o
    0x08003900   0x0000000a   Code   RO         3694    i.USART_ReceiveData  stm32f10x_usart.o
    0x0800390a   0x00000008   Code   RO         3697    i.USART_SendData    stm32f10x_usart.o
    0x08003912   0x00000002   PAD
    0x08003914   0x00000034   Code   RO          161    i.Uart1BufInit      uart.o
    0x08003948   0x000000a0   Code   RO          162    i.Uart1CharSend     uart.o
    0x080039e8   0x00000004   Code   RO          343    i.UsageFault_Handler  stm32f10x_it.o
    0x080039ec   0x0000000e   Code   RO         5120    i.__scatterload_copy  handlers.o(mc_w.l)
    0x080039fa   0x00000002   Code   RO         5121    i.__scatterload_null  handlers.o(mc_w.l)
    0x080039fc   0x0000000e   Code   RO         5122    i.__scatterload_zeroinit  handlers.o(mc_w.l)
    0x08003a0a   0x00000002   PAD
    0x08003a0c   0x0000005c   Code   RO            4    i.main              main.o
    0x08003a68   0x0000001e   Code   RO          429    i.uctsk_Blink       soft.o
    0x08003a86   0x00000002   PAD
    0x08003a88   0x00000074   Data   RO         3966    .constdata          os_dbg.o
    0x08003afc   0x00000100   Data   RO         4115    .constdata          os_core.o
    0x08003bfc   0x00000020   Data   RO         5118    Region$$Table       anon$$obj.o


    Execution Region RW_IRAM1 (Base: 0x20000000, Size: 0x00003390, Max: 0x0000c000, ABSOLUTE)

    Base Addr    Size         Type   Attr      Idx    E Section Name        Object

    0x20000000   0x0000000e   Data   RW          164    .data               uart.o
    0x2000000e   0x00000002   PAD
    0x20000010   0x00000010   Data   RW          489    .data               user.o
    0x20000020   0x00000014   Data   RW         1293    .data               stm32f10x_rcc.o
    0x20000034   0x00000014   Data   RW         3928    .data               system_stm32f10x.o
    0x20000048   0x00000002   Data   RW         3993    .data               os_cpu_c.o
    0x2000004a   0x00000002   PAD
    0x2000004c   0x00000060   Data   RW         4116    .data               os_core.o
    0x200000ac   0x00000108   Zero   RW            5    .bss                main.o
    0x200001b4   0x00000088   Zero   RW          163    .bss                uart.o
    0x2000023c   0x00001740   Zero   RW          430    .bss                soft.o
    0x2000197c   0x00000144   Zero   RW          488    .bss                user.o
    0x20001ac0   0x000002a4   Zero   RW          660    .bss                adc.o
    0x20001d64   0x00001228   Zero   RW         4114    .bss                os_core.o
    0x20002f8c   0x00000004   PAD
    0x20002f90   0x00000400   Zero   RW         3958    STACK               startup_stm32f10x_ld.o


==============================================================================

Image component sizes


      Code (inc. data)   RO Data    RW Data    ZI Data      Debug   Object Name

       426         36          0          0        676       2677   adc.o
         0          0          0          0          0         20   core_cm3.o
        42          0          0          0          0        284   cpu_a.o
       720         58          0          0          0       2905   hd_prt3201.o
       122          0          0          0          0       2125   loopbuf.o
       178         22          0          0        264     289886   main.o
       136         24          0          0          0       1595   misc.o
       438          0          0          0          0       3907   nomal.o
        12          0          0          0          0       2513   os_apphooks.o
      2626        414        256         96       4648      23950   os_core.o
       164         32          0          0          0        340   os_cpu_a.o
       356         22          0          2          0      30834   os_cpu_c.o
       348        230        116          0          0       3478   os_dbg.o
        88         14          0          0          0        582   os_flag.o
        88         14          0          0          0        525   os_mem.o
        80          8          0          0          0        551   os_q.o
       426         26          0          0          0       2338   os_sem.o
       878         64          0          0          0       5184   os_task.o
       260         30          0          0          0       1396   os_time.o
       652        136          0          0          0       3759   os_tmr.o
       860        264          0          0       5952       2271   soft.o
        36          8        236          0       1024        576   startup_stm32f10x_ld.o
       426         18          0          0          0       8056   stm32f10x_adc.o
       428          8          0          0          0       3486   stm32f10x_dma.o
       302          0          0          0          0       4289   stm32f10x_gpio.o
       344         22          0          0          0       4687   stm32f10x_it.o
       328         40          0         20          0       5613   stm32f10x_rcc.o
       256         42          0          0          0       4223   stm32f10x_tim.o
       444          6          0          0          0       6285   stm32f10x_usart.o
       304         26          0         20          0       2065   system_stm32f10x.o
       296         40          0         14        136       2911   uart.o
      2560        232          0         16        324      16549   user.o

    ----------------------------------------------------------------------
     14660       1836        640        172      13028     439860   Object Totals
         0          0         32          0          0          0   (incl. Generated)
        36          0          0          4          4          0   (incl. Padding)

    ----------------------------------------------------------------------

      Code (inc. data)   RO Data    RW Data    ZI Data      Debug   Library Member Name

         0          0          0          0          0          0   entry.o
         8          4          0          0          0          0   entry2.o
         4          0          0          0          0          0   entry5.o
         8          4          0          0          0          0   entry7.o
        30          0          0          0          0          0   handlers.o
        36          8          0          0          0         68   init.o

    ----------------------------------------------------------------------
        88         16          0          0          0         68   Library Totals
         2          0          0          0          0          0   (incl. Padding)

    ----------------------------------------------------------------------

      Code (inc. data)   RO Data    RW Data    ZI Data      Debug   Library Name

        86         16          0          0          0         68   mc_w.l

    ----------------------------------------------------------------------
        88         16          0          0          0         68   Library Totals

    ----------------------------------------------------------------------

==============================================================================


      Code (inc. data)   RO Data    RW Data    ZI Data      Debug   

     14748       1852        640        172      13028     431628   Grand Totals
     14748       1852        640        172      13028     431628   ELF Image Totals
     14748       1852        640        172          0          0   ROM Totals

==============================================================================

    Total RO  Size (Code + RO Data)                15388 (  15.03kB)
    Total RW  Size (RW Data + ZI Data)             13200 (  12.89kB)
    Total ROM Size (Code + RO Data + RW Data)      15560 (  15.20kB)

==============================================================================

