ARM Linker, 4.1 [Build 894] [Standard]

==============================================================================

Section Cross References

    stepmotor.o(i.StepMotInit) refers to stm32f10x_gpio.o(i.GPIO_ResetBits) for GPIO_ResetBits
    stepmotor.o(i.StepMotInit) refers to hd_159.o(i.Init_Tim3) for Init_Tim3
    stepmotor.o(i.StepMotInit) refers to stepmotor.o(.bss) for StepMot1
    stepmotor.o(i.StepMotRun1) refers to stm32f10x_gpio.o(i.GPIO_ResetBits) for GPIO_ResetBits
    stepmotor.o(i.StepMotRun1) refers to stm32f10x_gpio.o(i.GPIO_SetBits) for GPIO_SetBits
    stepmotor.o(i.StepMotRun1) refers to stepmotor.o(.bss) for StepMot1
    stepmotor.o(i.StepMotRun2) refers to stm32f10x_gpio.o(i.GPIO_ResetBits) for GPIO_ResetBits
    stepmotor.o(i.StepMotRun2) refers to stm32f10x_gpio.o(i.GPIO_SetBits) for GPIO_SetBits
    stepmotor.o(i.StepMotRun2) refers to stepmotor.o(.bss) for StepMot2
    stepmotor.o(i.StepMotRun3) refers to stm32f10x_gpio.o(i.GPIO_ResetBits) for GPIO_ResetBits
    stepmotor.o(i.StepMotRun3) refers to stm32f10x_gpio.o(i.GPIO_SetBits) for GPIO_SetBits
    stepmotor.o(i.StepMotRun3) refers to stepmotor.o(.bss) for StepMot3
    stepmotor.o(i.StepMotRun4) refers to stm32f10x_gpio.o(i.GPIO_ResetBits) for GPIO_ResetBits
    stepmotor.o(i.StepMotRun4) refers to stm32f10x_gpio.o(i.GPIO_SetBits) for GPIO_SetBits
    stepmotor.o(i.StepMotRun4) refers to stepmotor.o(.bss) for StepMot4
    stepmotor.o(i.StepMotRun5) refers to stm32f10x_gpio.o(i.GPIO_ResetBits) for GPIO_ResetBits
    stepmotor.o(i.StepMotRun5) refers to stm32f10x_gpio.o(i.GPIO_SetBits) for GPIO_SetBits
    stepmotor.o(i.StepMotRun5) refers to stepmotor.o(.bss) for StepMot5
    stepmotor.o(i.StepMotRun6) refers to stm32f10x_gpio.o(i.GPIO_ResetBits) for GPIO_ResetBits
    stepmotor.o(i.StepMotRun6) refers to stm32f10x_gpio.o(i.GPIO_SetBits) for GPIO_SetBits
    stepmotor.o(i.StepMotRun6) refers to stepmotor.o(.bss) for StepMot6
    stepmotor.o(i.StepMotStop1) refers to stm32f10x_gpio.o(i.GPIO_ResetBits) for GPIO_ResetBits
    stepmotor.o(i.StepMotStop1) refers to stepmotor.o(.bss) for StepMot1
    stepmotor.o(i.StepMotStop2) refers to stm32f10x_gpio.o(i.GPIO_ResetBits) for GPIO_ResetBits
    stepmotor.o(i.StepMotStop2) refers to stepmotor.o(.bss) for StepMot2
    stepmotor.o(i.StepMoterPulseHandler) refers to stm32f10x_gpio.o(i.GPIO_SetBits) for GPIO_SetBits
    stepmotor.o(i.StepMoterPulseHandler) refers to stm32f10x_gpio.o(i.GPIO_ResetBits) for GPIO_ResetBits
    stepmotor.o(i.StepMoterPulseHandler) refers to stepmotor.o(.bss) for StepMot1
    main.o(i.App_TaskCreate) refers to soft.o(i.App_BlinkTaskCreate) for App_BlinkTaskCreate
    main.o(i.App_TaskStart) refers to misc.o(i.NVIC_PriorityGroupConfig) for NVIC_PriorityGroupConfig
    main.o(i.App_TaskStart) refers to main.o(i.GPIO_Configuration) for GPIO_Configuration
    main.o(i.App_TaskStart) refers to hd_159.o(i.InitGpio) for InitGpio
    main.o(i.App_TaskStart) refers to os_cpu_c.o(i.OS_CPU_SysTickInit) for OS_CPU_SysTickInit
    main.o(i.App_TaskStart) refers to hd_159.o(i.InitUSART1) for InitUSART1
    main.o(i.App_TaskStart) refers to uart.o(i.SendText_UART1) for SendText_UART1
    main.o(i.App_TaskStart) refers to os_core.o(i.OSStatInit) for OSStatInit
    main.o(i.App_TaskStart) refers to main.o(i.App_TaskCreate) for App_TaskCreate
    main.o(i.App_TaskStart) refers to os_time.o(i.OSTimeDlyHMSM) for OSTimeDlyHMSM
    main.o(i.main) refers to jump.o(i.IspMarkLoad) for IspMarkLoad
    main.o(i.main) refers to cpu_a.o(.text) for CPU_IntDis
    main.o(i.main) refers to os_core.o(i.OSInit) for OSInit
    main.o(i.main) refers to os_task.o(i.OSTaskCreateExt) for OSTaskCreateExt
    main.o(i.main) refers to os_task.o(i.OSTaskNameSet) for OSTaskNameSet
    main.o(i.main) refers to os_core.o(i.OSStart) for OSStart
    main.o(i.main) refers to main.o(.bss) for App_TaskStartStk
    main.o(i.main) refers to main.o(i.App_TaskStart) for App_TaskStart
    uart.o(i.GetOneFromUart1) refers to os_cpu_a.o(.text) for OS_CPU_SR_Save
    uart.o(i.GetOneFromUart1) refers to loopbuf.o(i.GetLoopbuf) for GetLoopbuf
    uart.o(i.GetOneFromUart1) refers to uart.o(.data) for Uart1RecvStruct
    uart.o(i.GetOneFromUart1) refers to uart.o(.bss) for Uart1RecvBuf
    uart.o(i.SendString_UART1) refers to uart.o(i.Uart1CharSend) for Uart1CharSend
    uart.o(i.SendText_UART1) refers to uart.o(i.Uart1CharSend) for Uart1CharSend
    uart.o(i.Uart1BufInit) refers to os_cpu_a.o(.text) for OS_CPU_SR_Save
    uart.o(i.Uart1BufInit) refers to loopbuf.o(i.ClearLoopBuf) for ClearLoopBuf
    uart.o(i.Uart1BufInit) refers to uart.o(.data) for Uart1Sending
    uart.o(i.Uart1CharSend) refers to os_time.o(i.OSTimeDly) for OSTimeDly
    uart.o(i.Uart1CharSend) refers to os_cpu_a.o(.text) for OS_CPU_SR_Save
    uart.o(i.Uart1CharSend) refers to loopbuf.o(i.AddLoopBuf) for AddLoopBuf
    uart.o(i.Uart1CharSend) refers to loopbuf.o(i.GetLoopbuf) for GetLoopbuf
[...]
    i.BKP_ClearFlag                          0x08000e94   Section        0  stm32f10x_bkp.o(i.BKP_ClearFlag)
    i.BKP_ReadBackupRegister                 0x08000ea8   Section        0  stm32f10x_bkp.o(i.BKP_ReadBackupRegister)
    i.BKP_WriteBackupRegister                0x08000eb8   Section        0  stm32f10x_bkp.o(i.BKP_WriteBackupRegister)
    i.BusFault_Handler                       0x08000ec8   Section        0  stm32f10x_it.o(i.BusFault_Handler)
    i.CHECK_AD590OneTCCheckUseADS8328        0x08000ecc   Section        0  user.o(i.CHECK_AD590OneTCCheckUseADS8328)
    i.CHECK_SelectChannel                    0x08000f90   Section        0  user.o(i.CHECK_SelectChannel)
    i.CheckAdrressKey                        0x08001008   Section        0  user.o(i.CheckAdrressKey)
    i.ClearLoopBuf                           0x08001088   Section        0  loopbuf.o(i.ClearLoopBuf)
    i.DebugMon_Handler                       0x08001092   Section        0  stm32f10x_it.o(i.DebugMon_Handler)
    i.Default_ParamInit                      0x08001094   Section        0  parameter.o(i.Default_ParamInit)
    i.GPIO_Configuration                     0x080012d8   Section        0  main.o(i.GPIO_Configuration)
    GPIO_Configuration                       0x080012d9   Thumb Code     2  main.o(i.GPIO_Configuration)
    i.GPIO_Init                              0x080012da   Section        0  stm32f10x_gpio.o(i.GPIO_Init)
    i.GPIO_ReadInputData                     0x080013ec   Section        0  stm32f10x_gpio.o(i.GPIO_ReadInputData)
    i.GPIO_ResetBits                         0x080013f4   Section        0  stm32f10x_gpio.o(i.GPIO_ResetBits)
    i.GPIO_SetBits                           0x080013f8   Section        0  stm32f10x_gpio.o(i.GPIO_SetBits)
    i.GetCRC_Checksum4                       0x080013fc   Section        0  modbusprocess.o(i.GetCRC_Checksum4)
    i.GetLoopbuf                             0x08001434   Section        0  loopbuf.o(i.GetLoopbuf)
    i.GetModbusPark                          0x08001470   Section        0  modbusrecv.o(i.GetModbusPark)
    i.HardFault_Handler                      0x080014e8   Section        0  stm32f10x_it.o(i.HardFault_Handler)
    i.InitGpio                               0x080014ec   Section        0  hd_159.o(i.InitGpio)
    i.InitUSART1                             0x08001660   Section        0  hd_159.o(i.InitUSART1)
    i.Init_Tim3                              0x080016d0   Section        0  hd_159.o(i.Init_Tim3)
    i.IspMarkLoad                            0x08001734   Section        0  jump.o(i.IspMarkLoad)
    i.IspMarkWrite                           0x08001784   Section        0  jump.o(i.IspMarkWrite)
    i.JumpAppAdr                             0x0800179c   Section        0  jump.o(i.JumpAppAdr)
    i.MemManage_Handler                      0x080017b2   Section        0  stm32f10x_it.o(i.MemManage_Handler)
    i.ModbusCommand1                         0x080017b8   Section        0  jump.o(i.ModbusCommand1)
    i.ModbusCommand2                         0x08001874   Section        0  user.o(i.ModbusCommand2)
    i.ModbusInit                             0x08001908   Section        0  modbusrecv.o(i.ModbusInit)
    i.ModbusReadWord                         0x08001934   Section        0  modbusprocess.o(i.ModbusReadWord)
    i.ModbusRecvProcess                      0x0800198c   Section        0  modbusprocess.o(i.ModbusRecvProcess)
    i.ModbusRxISRHandler                     0x080019fc   Section        0  modbusrecv.o(i.ModbusRxISRHandler)
    i.ModbusTimeHandler                      0x08001a90   Section        0  modbusrecv.o(i.ModbusTimeHandler)
    i.ModbusWriteWord                        0x08001b1c   Section        0  modbusprocess.o(i.ModbusWriteWord)
    i.MotorsRun                              0x08001b78   Section        0  user.o(i.MotorsRun)
    i.MyTASK                                 0x08001bc0   Section        0  soft.o(i.MyTASK)
    MyTASK                                   0x08001bc1   Thumb Code    28  soft.o(i.MyTASK)
    i.NMI_Handler                            0x08001bdc   Section        0  stm32f10x_it.o(i.NMI_Handler)
    i.NVIC_Init                              0x08001be0   Section        0  misc.o(i.NVIC_Init)
    i.NVIC_PriorityGroupConfig               0x08001c54   Section        0  misc.o(i.NVIC_PriorityGroupConfig)
    i.OSDebugInit                            0x08001c68   Section        0  os_dbg.o(i.OSDebugInit)
    i.OSEventNameSet                         0x08001dc4   Section        0  os_core.o(i.OSEventNameSet)
    i.OSInit                                 0x08001e2c   Section        0  os_core.o(i.OSInit)
    i.OSInitHookBegin                        0x08001e64   Section        0  os_cpu_c.o(i.OSInitHookBegin)
    i.OSInitHookEnd                          0x08001e70   Section        0  os_cpu_c.o(i.OSInitHookEnd)
    i.OSIntExit                              0x08001e74   Section        0  os_core.o(i.OSIntExit)
    i.OSSchedLock                            0x08001f04   Section        0  os_core.o(i.OSSchedLock)
    i.OSSchedUnlock                          0x08001f44   Section        0  os_core.o(i.OSSchedUnlock)
    i.OSSemCreate                            0x08001fa4   Section        0  os_sem.o(i.OSSemCreate)
    i.OSSemPend                              0x08001ff8   Section        0  os_sem.o(i.OSSemPend)
    i.OSSemPost                              0x080020f0   Section        0  os_sem.o(i.OSSemPost)
    i.OSStart                                0x08002150   Section        0  os_core.o(i.OSStart)
    i.OSStatInit                             0x08002198   Section        0  os_core.o(i.OSStatInit)
    i.OSTCBInitHook                          0x080021e4   Section        0  os_cpu_c.o(i.OSTCBInitHook)
    i.OSTaskCreate                           0x080021f0   Section        0  os_task.o(i.OSTaskCreate)
    i.OSTaskCreateExt                        0x08002298   Section        0  os_task.o(i.OSTaskCreateExt)
    i.OSTaskCreateHook                       0x08002358   Section        0  os_cpu_c.o(i.OSTaskCreateHook)
    i.OSTaskIdleHook                         0x08002364   Section        0  os_cpu_c.o(i.OSTaskIdleHook)
    i.OSTaskNameSet                          0x0800236c   Section        0  os_task.o(i.OSTaskNameSet)
    i.OSTaskStatHook                         0x080023f0   Section        0  os_cpu_c.o(i.OSTaskStatHook)
    i.OSTaskStkChk                           0x080023f8   Section        0  os_task.o(i.OSTaskStkChk)
    i.OSTaskStkInit                          0x08002498   Section        0  os_cpu_c.o(i.OSTaskStkInit)
    i.OSTaskSuspend                          0x08002534   Section        0  os_task.o(i.OSTaskSuspend)
    i.OSTaskSwHook                           0x080025f8   Section        0  os_cpu_c.o(i.OSTaskSwHook)
    i.OSTimeDly                              0x08002600   Section        0  os_time.o(i.OSTimeDly)
    i.OSTimeDlyHMSM                          0x08002680   Section        0  os_time.o(i.OSTimeDlyHMSM)
    i.OSTimeTick                             0x08002704   Section        0  os_core.o(i.OSTimeTick)
    i.OSTimeTickHook                         0x080027f8   Section        0  os_cpu_c.o(i.OSTimeTickHook)
    i.OSTmrSignal                            0x08002820   Section        0  os_tmr.o(i.OSTmrSignal)
    i.OSTmr_Init                             0x08002834   Section        0  os_tmr.o(i.OSTmr_Init)
    i.OSTmr_InitTask                         0x08002928   Section        0  os_tmr.o(i.OSTmr_InitTask)
    OSTmr_InitTask                           0x08002929   Thumb Code    52  os_tmr.o(i.OSTmr_InitTask)
    i.OSTmr_Link                             0x08002974   Section        0  os_tmr.o(i.OSTmr_Link)
    OSTmr_Link                               0x08002975   Thumb Code   100  os_tmr.o(i.OSTmr_Link)
    i.OSTmr_Task                             0x080029e0   Section        0  os_tmr.o(i.OSTmr_Task)
    OSTmr_Task                               0x080029e1   Thumb Code   114  os_tmr.o(i.OSTmr_Task)
    i.OSTmr_Unlink                           0x08002a60   Section        0  os_tmr.o(i.OSTmr_Unlink)
    OSTmr_Unlink                             0x08002a61   Thumb Code    62  os_tmr.o(i.OSTmr_Unlink)
    i.OS_CPU_SysTickInit                     0x08002aa4   Section        0  os_cpu_c.o(i.OS_CPU_SysTickInit)
    i.OS_EventTaskRdy                        0x08002b0c   Section        0  os_core.o(i.OS_EventTaskRdy)
    i.OS_EventTaskRemove                     0x08002ba8   Section        0  os_core.o(i.OS_EventTaskRemove)
    i.OS_EventTaskRemoveMulti                0x08002bda   Section        0  os_core.o(i.OS_EventTaskRemoveMulti)
    i.OS_EventTaskWait                       0x08002c2c   Section        0  os_core.o(i.OS_EventTaskWait)
    i.OS_EventWaitListInit                   0x08002cb0   Section        0  os_core.o(i.OS_EventWaitListInit)
    i.OS_FlagInit                            0x08002ccc   Section        0  os_flag.o(i.OS_FlagInit)
    i.OS_InitEventList                       0x08002d24   Section        0  os_core.o(i.OS_InitEventList)
    OS_InitEventList                         0x08002d25   Thumb Code    84  os_core.o(i.OS_InitEventList)
    i.OS_InitMisc                            0x08002d84   Section        0  os_core.o(i.OS_InitMisc)
    OS_InitMisc                              0x08002d85   Thumb Code    44  os_core.o(i.OS_InitMisc)
    i.OS_InitRdyList                         0x08002dd8   Section        0  os_core.o(i.OS_InitRdyList)
    OS_InitRdyList                           0x08002dd9   Thumb Code    44  os_core.o(i.OS_InitRdyList)
    i.OS_InitTCBList                         0x08002e1c   Section        0  os_core.o(i.OS_InitTCBList)
    OS_InitTCBList                           0x08002e1d   Thumb Code   106  os_core.o(i.OS_InitTCBList)
    i.OS_InitTaskIdle                        0x08002e9c   Section        0  os_core.o(i.OS_InitTaskIdle)
    OS_InitTaskIdle                          0x08002e9d   Thumb Code    52  os_core.o(i.OS_InitTaskIdle)
    i.OS_InitTaskStat                        0x08002ee8   Section        0  os_core.o(i.OS_InitTaskStat)
    OS_InitTaskStat                          0x08002ee9   Thumb Code    52  os_core.o(i.OS_InitTaskStat)
    i.OS_MemClr                              0x08002f34   Section        0  os_core.o(i.OS_MemClr)
    i.OS_MemInit                             0x08002f48   Section        0  os_mem.o(i.OS_MemInit)
    i.OS_QInit                               0x08002fa0   Section        0  os_q.o(i.OS_QInit)
    i.OS_Sched                               0x08002ff0   Section        0  os_core.o(i.OS_Sched)
    i.OS_SchedNew                            0x08003064   Section        0  os_core.o(i.OS_SchedNew)
    OS_SchedNew                              0x08003065   Thumb Code    26  os_core.o(i.OS_SchedNew)
    i.OS_TCBInit                             0x08003090   Section        0  os_core.o(i.OS_TCBInit)
    i.OS_TaskIdle                            0x080031d4   Section        0  os_core.o(i.OS_TaskIdle)
    i.OS_TaskStat                            0x080031fc   Section        0  os_core.o(i.OS_TaskStat)
    i.OS_TaskStatStkChk                      0x08003288   Section        0  os_core.o(i.OS_TaskStatStkChk)
    i.OS_TaskStkClr                          0x080032c4   Section        0  os_task.o(i.OS_TaskStkClr)
    i.PID_BufInit                            0x080032de   Section        0  pid.o(i.PID_BufInit)
    i.PID_Calc                               0x080032f4   Section        0  pid.o(i.PID_Calc)
    i.PID_Inc_Calc                           0x080033a0   Section        0  pid_inc.o(i.PID_Inc_Calc)
    i.PID_ParaInit                           0x08003458   Section        0  pid.o(i.PID_ParaInit)
    i.PID_Para_Refush                        0x08003460   Section        0  pid.o(i.PID_Para_Refush)
    i.PID_Para_Refush_All                    0x080034cc   Section        0  pid.o(i.PID_Para_Refush_All)
    i.PWR_BackupAccessCmd                    0x080034e4   Section        0  stm32f10x_pwr.o(i.PWR_BackupAccessCmd)
    i.ProcessKey                             0x080034f0   Section        0  user.o(i.ProcessKey)
    i.RCC_APB1PeriphClockCmd                 0x08003518   Section        0  stm32f10x_rcc.o(i.RCC_APB1PeriphClockCmd)
    i.RCC_APB2PeriphClockCmd                 0x08003538   Section        0  stm32f10x_rcc.o(i.RCC_APB2PeriphClockCmd)
    i.RCC_GetClocksFreq                      0x08003558   Section        0  stm32f10x_rcc.o(i.RCC_GetClocksFreq)
    i.SVC_Handler                            0x080036e8   Section        0  stm32f10x_it.o(i.SVC_Handler)
    i.SendText_UART1                         0x080036ea   Section        0  uart.o(i.SendText_UART1)
    i.SetSysClock                            0x0800370a   Section        0  system_stm32f10x.o(i.SetSysClock)
    SetSysClock                              0x0800370b   Thumb Code     8  system_stm32f10x.o(i.SetSysClock)
    i.SetSysClockTo72                        0x08003714   Section        0  system_stm32f10x.o(i.SetSysClockTo72)
    SetSysClockTo72                          0x08003715   Thumb Code   240  system_stm32f10x.o(i.SetSysClockTo72)
    i.SoftReset                              0x08003814   Section        0  jump.o(i.SoftReset)
    i.StepMotInit                            0x08003844   Section        0  stepmotor.o(i.StepMotInit)
    i.StepMotRun1                            0x080039c0   Section        0  stepmotor.o(i.StepMotRun1)
    i.StepMotRun2                            0x08003a20   Section        0  stepmotor.o(i.StepMotRun2)
    i.StepMotRun3                            0x08003a84   Section        0  stepmotor.o(i.StepMotRun3)
    i.StepMotRun4                            0x08003aec   Section        0  stepmotor.o(i.StepMotRun4)
    i.StepMotRun5                            0x08003b50   Section        0  stepmotor.o(i.StepMotRun5)
    i.StepMotRun6                            0x08003bb8   Section        0  stepmotor.o(i.StepMotRun6)
    i.StepMotStop1                           0x08003c20   Section        0  stepmotor.o(i.StepMotStop1)
    i.StepMotStop2                           0x08003c5c   Section        0  stepmotor.o(i.StepMotStop2)
    i.StepMoterPulseHandler                  0x08003c98   Section        0  stepmotor.o(i.StepMoterPulseHandler)
    i.SysTick_Handler                        0x08003f60   Section        0  stm32f10x_it.o(i.SysTick_Handler)
    i.SystemInit                             0x08003f88   Section        0  system_stm32f10x.o(i.SystemInit)
    i.TIM3_IRQHandler                        0x08003ff4   Section        0  stm32f10x_it.o(i.TIM3_IRQHandler)
    i.TIM_ClearITPendingBit                  0x08004014   Section        0  stm32f10x_tim.o(i.TIM_ClearITPendingBit)
    i.TIM_Cmd                                0x0800401a   Section        0  stm32f10x_tim.o(i.TIM_Cmd)
    i.TIM_GetITStatus                        0x08004032   Section        0  stm32f10x_tim.o(i.TIM_GetITStatus)
    i.TIM_ITConfig                           0x08004054   Section        0  stm32f10x_tim.o(i.TIM_ITConfig)
    i.TIM_SetCounter                         0x0800406c   Section        0  stm32f10x_tim.o(i.TIM_SetCounter)
    i.TIM_TimeBaseInit                       0x08004070   Section        0  stm32f10x_tim.o(i.TIM_TimeBaseInit)
    i.TaskHeat                               0x08004114   Section        0  user.o(i.TaskHeat)
    i.TaskInput1                             0x080041a8   Section        0  user.o(i.TaskInput1)
    i.TaskKey                                0x080041b4   Section        0  user.o(i.TaskKey)
    i.TaskModbus                             0x08004200   Section        0  user.o(i.TaskModbus)
    i.TaskRecv                               0x08004254   Section        0  user.o(i.TaskRecv)
    i.TaskStatus                             0x0800427c   Section        0  user.o(i.TaskStatus)
    i.TaskStepMotor                          0x08004304   Section        0  user.o(i.TaskStepMotor)
    i.TaskTimePr                             0x080044b4   Section        0  user.o(i.TaskTimePr)
    i.TaskTs                                 0x080044f4   Section        0  user.o(i.TaskTs)
    i.TaskVirPwm                             0x080045ac   Section        0  user.o(i.TaskVirPwm)
    i.USART1_IRQHandler                      0x08004628   Section        0  stm32f10x_it.o(i.USART1_IRQHandler)
    i.USART1_RxTxISRHandler                  0x08004630   Section        0  hd_159.o(i.USART1_RxTxISRHandler)
    i.USART1_TxIntEn                         0x08004710   Section        0  hd_159.o(i.USART1_TxIntEn)
    i.USART2_IRQHandler                      0x08004730   Section        0  stm32f10x_it.o(i.USART2_IRQHandler)
    i.USART_ClearITPendingBit                0x08004732   Section        0  stm32f10x_usart.o(i.USART_ClearITPendingBit)
    i.USART_Cmd                              0x08004750   Section        0  stm32f10x_usart.o(i.USART_Cmd)
    i.USART_GetITStatus                      0x08004768   Section        0  stm32f10x_usart.o(i.USART_GetITStatus)
    i.USART_ITConfig                         0x080047bc   Section        0  stm32f10x_usart.o(i.USART_ITConfig)
    i.USART_Init                             0x08004808   Section        0  stm32f10x_usart.o(i.USART_Init)
    i.USART_ReceiveData                      0x080048e0   Section        0  stm32f10x_usart.o(i.USART_ReceiveData)
    i.USART_SendData                         0x080048ea   Section        0  stm32f10x_usart.o(i.USART_SendData)
    i.Uart1BufInit                           0x080048f4   Section        0  uart.o(i.Uart1BufInit)
    i.Uart1CharSend                          0x0800492c   Section        0  uart.o(i.Uart1CharSend)
    i.UsageFault_Handler                     0x080049d8   Section        0  stm32f10x_it.o(i.UsageFault_Handler)
    i.VirtualPwmOutPin                       0x080049dc   Section        0  user.o(i.VirtualPwmOutPin)
    i._MakeReadRegRespone                    0x080049ec   Section        0  modbusprocess.o(i._MakeReadRegRespone)
    i._MakeWriteRegRespone                   0x08004a0a   Section        0  modbusprocess.o(i._MakeWriteRegRespone)
    i._ModbusParameterProcess                0x08004a20   Section        0  modbusprocess.o(i._ModbusParameterProcess)
    i._ModbusReadBit                         0x08004a8c   Section        0  modbusprocess.o(i._ModbusReadBit)
    i._ModbusWriteBit                        0x08004aa8   Section        0  modbusprocess.o(i._ModbusWriteBit)
    i._PlaceModbusFloat                      0x08004ac4   Section        0  modbusprocess.o(i._PlaceModbusFloat)
    i._SendModbusPark                        0x08004aee   Section        0  modbusprocess.o(i._SendModbusPark)
    i._SendStringUartx                       0x08004b14   Section        0  modbusprocess.o(i._SendStringUartx)
    i.__scatterload_copy                     0x08004b2e   Section       14  handlers.o(i.__scatterload_copy)
    i.__scatterload_null                     0x08004b3c   Section        2  handlers.o(i.__scatterload_null)
    i.__scatterload_zeroinit                 0x08004b3e   Section       14  handlers.o(i.__scatterload_zeroinit)
    i.delay_us                               0x08004b4c   Section        0  ads8328.o(i.delay_us)
    i.main                                   0x08004b64   Section        0  main.o(i.main)
    i.uctsk_Blink                            0x08004bc4   Section        0  soft.o(i.uctsk_Blink)
    uctsk_Blink                              0x08004bc5   Thumb Code    28  soft.o(i.uctsk_Blink)
    .constdata                               0x08004be0   Section       60  pid.o(.constdata)
    .constdata                               0x08004c1c   Section      116  os_dbg.o(.constdata)
    .constdata                               0x08004c90   Section      256  os_core.o(.constdata)
    .data                                    0x20000000   Section       14  uart.o(.data)
    .data                                    0x20000010   Section       27  user.o(.data)
    old1                                     0x20000012   Data           1  user.o(.data)
    old2                                     0x20000013   Data           1  user.o(.data)
    old3                                     0x20000014   Data           1  user.o(.data)
    old4                                     0x20000015   Data           1  user.o(.data)
    old5                                     0x20000016   Data           1  user.o(.data)
    .data                                    0x2000002c   Section        6  jump.o(.data)
    .data                                    0x20000032   Section       20  stm32f10x_rcc.o(.data)
    APBAHBPrescTable                         0x20000032   Data          16  stm32f10x_rcc.o(.data)
    ADCPrescTable                            0x20000042   Data           4  stm32f10x_rcc.o(.data)
    .data                                    0x20000048   Section       20  system_stm32f10x.o(.data)
    .data                                    0x2000005c   Section        2  os_cpu_c.o(.data)
    OSTmrCtr                                 0x2000005c   Data           2  os_cpu_c.o(.data)
    .data                                    0x20000060   Section       96  os_core.o(.data)
    .data                                    0x200000c0   Section        4  parameter.o(.data)
    .data                                    0x200000c4   Section      512  modbusprocess.o(.data)
    auchCRCHi                                0x200000c4   Data         256  modbusprocess.o(.data)
    auchCRCLo                                0x200001c4   Data         256  modbusprocess.o(.data)
    .bss                                     0x200002c4   Section      120  stepmotor.o(.bss)
    .bss                                     0x2000033c   Section      264  main.o(.bss)
    App_TaskStartStk                         0x2000033c   Data         264  main.o(.bss)
    .bss                                     0x20000444   Section      548  uart.o(.bss)
    .bss                                     0x20000668   Section     5276  soft.o(.bss)
    App_TaskBlinkStk                         0x20000668   Data         520  soft.o(.bss)
    MyTASKStk                                0x20000870   Data         264  soft.o(.bss)
    TaskRecvStk                              0x20000978   Data         312  soft.o(.bss)
    TaskTsStk                                0x20000ab0   Data         808  soft.o(.bss)
    TaskInput1Stk                            0x20000dd8   Data         264  soft.o(.bss)
    TaskKeyStk                               0x20000ee0   Data         312  soft.o(.bss)
    TaskVirPwmStk                            0x20001018   Data         312  soft.o(.bss)
    TaskModbusStk                            0x20001150   Data         628  soft.o(.bss)
    TaskStepMotorStk                         0x200013c4   Data         664  soft.o(.bss)
    TaskTimePrStk                            0x2000165c   Data         360  soft.o(.bss)
    TaskHeatStk                              0x200017c4   Data         488  soft.o(.bss)
    TaskStatusStk                            0x200019ac   Data         344  soft.o(.bss)
    .bss                                     0x20001b04   Section      324  user.o(.bss)
    .bss                                     0x20001c48   Section      256  pid_inc.o(.bss)
    .bss                                     0x20001d48   Section      276  pid.o(.bss)
    .bss                                     0x20001e5c   Section     4648  os_core.o(.bss)
    .bss                                     0x20003084   Section      572  parameter.o(.bss)
    .bss                                     0x200032c0   Section      251  modbusprocess.o(.bss)
    .bss                                     0x200033bc   Section      774  modbusrecv.o(.bss)
    STACK                                    0x200036c8   Section     1024  startup_stm32f10x_ld.o(STACK)

    Global Symbols

    Symbol Name                              Value     Ov Type        Size  Object(Section)

    BuildAttributes$$THM_ISAv4$P$D$K$B$S$PE$A:L22UL41UL21$X:L11$S22US41US21$IEEE1$IW$USESV6$~STKCKD$USESV7$~SHL$OTIME$ROPI$EBA8$MICROLIB$REQ8$PRES8$EABIv2 0x00000000   Number         0  anon$$obj.o ABSOLUTE
    __ARM_use_no_argv                        0x00000000   Number         0  main.o ABSOLUTE
    _clock_init                               - Undefined Weak Reference
    __Vectors_Size                           0x000000ec   Number         0  startup_stm32f10x_ld.o ABSOLUTE
    __Vectors                                0x08000000   Data           4  startup_stm32f10x_ld.o(RESET)
    __Vectors_End                            0x080000ec   Data           0  startup_stm32f10x_ld.o(RESET)
    __main                                   0x080000ed   Thumb Code     0  entry.o(.ARM.Collect$$$$00000000)
    _main_stk                                0x080000ed   Thumb Code     0  entry2.o(.ARM.Collect$$$$00000001)
    _main_scatterload                        0x080000f1   Thumb Code     0  entry5.o(.ARM.Collect$$$$00000004)
    __main_after_scatterload                 0x080000f5   Thumb Code     0  entry5.o(.ARM.Collect$$$$00000004)
    _main_clock                              0x080000f5   Thumb Code     0  entry7b.o(.ARM.Collect$$$$00000008)
    _main_init                               0x080000f5   Thumb Code     0  entry8.o(.ARM.Collect$$$$00000009)
    __get_PSP                                0x08000101   Thumb Code     6  core_cm3.o(.emb_text)
    __set_PSP                                0x08000107   Thumb Code     6  core_cm3.o(.emb_text)
    __get_MSP                                0x0800010d   Thumb Code     6  core_cm3.o(.emb_text)
    __set_MSP                                0x08000113   Thumb Code     6  core_cm3.o(.emb_text)
    __REV16                                  0x08000119   Thumb Code     4  core_cm3.o(.emb_text)
    __REVSH                                  0x0800011d   Thumb Code     4  core_cm3.o(.emb_text)
    Reset_Handler                            0x08000121   Thumb Code     8  startup_stm32f10x_ld.o(.text)
    ADC1_2_IRQHandler                        0x0800013b   Thumb Code     0  startup_stm32f10x_ld.o(.text)
    CAN1_RX1_IRQHandler                      0x0800013b   Thumb Code     0  startup_stm32f10x_ld.o(.text)
    CAN1_SCE_IRQHandler                      0x0800013b   Thumb Code     0  startup_stm32f10x_ld.o(.text)
    DMA1_Channel1_IRQHandler                 0x0800013b   Thumb Code     0  startup_stm32f10x_ld.o(.text)
    DMA1_Channel2_IRQHandler                 0x0800013b   Thumb Code     0  startup_stm32f10x_ld.o(.text)
    DMA1_Channel3_IRQHandler                 0x0800013b   Thumb Code     0  startup_stm32f10x_ld.o(.text)
    DMA1_Channel4_IRQHandler                 0x0800013b   Thumb Code     0  startup_stm32f10x_ld.o(.text)
    DMA1_Channel5_IRQHandler                 0x0800013b   Thumb Code     0  startup_stm32f10x_ld.o(.text)
    DMA1_Channel6_IRQHandler                 0x0800013b   Thumb Code     0  startup_stm32f10x_ld.o(.text)
    DMA1_Channel7_IRQHandler                 0x0800013b   Thumb Code     0  startup_stm32f10x_ld.o(.text)
    EXTI0_IRQHandler                         0x0800013b   Thumb Code     0  startup_stm32f10x_ld.o(.text)
    EXTI15_10_IRQHandler                     0x0800013b   Thumb Code     0  startup_stm32f10x_ld.o(.text)
    EXTI1_IRQHandler                         0x0800013b   Thumb Code     0  startup_stm32f10x_ld.o(.text)
    EXTI2_IRQHandler                         0x0800013b   Thumb Code     0  startup_stm32f10x_ld.o(.text)
    EXTI3_IRQHandler                         0x0800013b   Thumb Code     0  startup_stm32f10x_ld.o(.text)
    EXTI4_IRQHandler                         0x0800013b   Thumb Code     0  startup_stm32f10x_ld.o(.text)
    EXTI9_5_IRQHandler                       0x0800013b   Thumb Code     0  startup_stm32f10x_ld.o(.text)
    FLASH_IRQHandler                         0x0800013b   Thumb Code     0  startup_stm32f10x_ld.o(.text)
    I2C1_ER_IRQHandler                       0x0800013b   Thumb Code     0  startup_stm32f10x_ld.o(.text)
    I2C1_EV_IRQHandler                       0x0800013b   Thumb Code     0  startup_stm32f10x_ld.o(.text)
    PVD_IRQHandler                           0x0800013b   Thumb Code     0  startup_stm32f10x_ld.o(.text)
    RCC_IRQHandler                           0x0800013b   Thumb Code     0  startup_stm32f10x_ld.o(.text)
    RTCAlarm_IRQHandler                      0x0800013b   Thumb Code     0  startup_stm32f10x_ld.o(.text)
    RTC_IRQHandler                           0x0800013b   Thumb Code     0  startup_stm32f10x_ld.o(.text)
    SPI1_IRQHandler                          0x0800013b   Thumb Code     0  startup_stm32f10x_ld.o(.text)
    TAMPER_IRQHandler                        0x0800013b   Thumb Code     0  startup_stm32f10x_ld.o(.text)
    TIM1_BRK_IRQHandler                      0x0800013b   Thumb Code     0  startup_stm32f10x_ld.o(.text)
    TIM1_CC_IRQHandler                       0x0800013b   Thumb Code     0  startup_stm32f10x_ld.o(.text)
    TIM1_TRG_COM_IRQHandler                  0x0800013b   Thumb Code     0  startup_stm32f10x_ld.o(.text)
    TIM1_UP_IRQHandler                       0x0800013b   Thumb Code     0  startup_stm32f10x_ld.o(.text)
    TIM2_IRQHandler                          0x0800013b   Thumb Code     0  startup_stm32f10x_ld.o(.text)
    USBWakeUp_IRQHandler                     0x0800013b   Thumb Code     0  startup_stm32f10x_ld.o(.text)
    USB_HP_CAN1_TX_IRQHandler                0x0800013b   Thumb Code     0  startup_stm32f10x_ld.o(.text)
    USB_LP_CAN1_RX0_IRQHandler               0x0800013b   Thumb Code     0  startup_stm32f10x_ld.o(.text)
    WWDG_IRQHandler                          0x0800013b   Thumb Code     0  startup_stm32f10x_ld.o(.text)
    OS_CPU_SR_Save                           0x08000145   Thumb Code     0  os_cpu_a.o(.text)
    OS_CPU_SR_Restore                        0x0800014d   Thumb Code     0  os_cpu_a.o(.text)
    OSStartHighRdy                           0x08000153   Thumb Code     0  os_cpu_a.o(.text)
    OSCtxSw                                  0x08000173   Thumb Code     0  os_cpu_a.o(.text)
    OSIntCtxSw                               0x0800017d   Thumb Code     0  os_cpu_a.o(.text)
    PendSV_Handler                           0x08000187   Thumb Code     0  os_cpu_a.o(.text)
    CPU_IntDis                               0x080001e9   Thumb Code     0  cpu_a.o(.text)
    CPU_IntEn                                0x080001ed   Thumb Code     0  cpu_a.o(.text)
    CPU_SR_Save                              0x080001f1   Thumb Code     0  cpu_a.o(.text)
    CPU_SR_Restore                           0x080001f9   Thumb Code     0  cpu_a.o(.text)
    CPU_CntLeadZeros                         0x080001ff   Thumb Code     0  cpu_a.o(.text)
    CPU_RevBits                              0x08000205   Thumb Code     0  cpu_a.o(.text)
    CPU_WaitForInt                           0x0800020b   Thumb Code     0  cpu_a.o(.text)
    CPU_WaitForExcept                        0x0800020f   Thumb Code     0  cpu_a.o(.text)
    __aeabi_fadd                             0x08000213   Thumb Code   164  fadd.o(.text)
    __aeabi_fsub                             0x080002b7   Thumb Code     6  fadd.o(.text)
    __aeabi_frsub                            0x080002bd   Thumb Code     6  fadd.o(.text)
    __aeabi_fmul                             0x080002c3   Thumb Code   108  fmul.o(.text)
    __aeabi_fdiv                             0x0800032f   Thumb Code   128  fdiv.o(.text)
    __aeabi_dadd                             0x080003af   Thumb Code   320  dadd.o(.text)
    __aeabi_dsub                             0x080004ef   Thumb Code     6  dadd.o(.text)
    __aeabi_drsub                            0x080004f5   Thumb Code     6  dadd.o(.text)
    __aeabi_dmul                             0x080004fb   Thumb Code   224  dmul.o(.text)
    __aeabi_ui2f                             0x080005db   Thumb Code    10  ffltui.o(.text)
    __aeabi_ui2d                             0x080005e5   Thumb Code    26  dfltui.o(.text)
    __aeabi_f2iz                             0x080005ff   Thumb Code    50  ffixi.o(.text)
    __aeabi_f2d                              0x08000631   Thumb Code    44  f2d.o(.text)
    __aeabi_d2f                              0x0800065d   Thumb Code    56  d2f.o(.text)
    __aeabi_cfcmpeq                          0x08000695   Thumb Code     0  cfcmple.o(.text)
    __aeabi_cfcmple                          0x08000695   Thumb Code    20  cfcmple.o(.text)
    __aeabi_cfrcmple                         0x080006a9   Thumb Code    20  cfrcmple.o(.text)
    __aeabi_llsl                             0x080006bd   Thumb Code    30  llshl.o(.text)
    _ll_shift_l                              0x080006bd   Thumb Code     0  llshl.o(.text)
    __aeabi_lasr                             0x080006db   Thumb Code    36  llsshr.o(.text)
    _ll_sshift_r                             0x080006db   Thumb Code     0  llsshr.o(.text)
    __I$use$fp                               0x080006ff   Thumb Code     0  iusefp.o(.text)
    _float_round                             0x080006ff   Thumb Code    18  fepilogue.o(.text)
    _float_epilogue                          0x08000711   Thumb Code    90  fepilogue.o(.text)
    _double_round                            0x0800076b   Thumb Code    26  depilogue.o(.text)
    _double_epilogue                         0x08000785   Thumb Code   164  depilogue.o(.text)
    __scatterload                            0x08000829   Thumb Code    28  init.o(.text)
    __scatterload_rt2                        0x08000829   Thumb Code     0  init.o(.text)
    __aeabi_llsr                             0x0800084d   Thumb Code    32  llushr.o(.text)
    _ll_ushift_r                             0x0800084d   Thumb Code     0  llushr.o(.text)
    __decompress                             0x0800086d   Thumb Code     0  __dczerorl2.o(.text)
    __decompress1                            0x0800086d   Thumb Code    92  __dczerorl2.o(.text)
    ADS8328_DataConvert                      0x080008c9   Thumb Code   160  ads8328.o(i.ADS8328_DataConvert)
    ADS8328_Init                             0x0800096d   Thumb Code    66  ads8328.o(i.ADS8328_Init)
    ADS8328_ReadWord                         0x080009b1   Thumb Code   138  ads8328.o(i.ADS8328_ReadWord)
    ADS8328_SelectChannel                    0x08000a41   Thumb Code    26  ads8328.o(i.ADS8328_SelectChannel)
    ADS8328_WriteWord                        0x08000a5d   Thumb Code    92  ads8328.o(i.ADS8328_WriteWord)
    AddLoopBuf                               0x08000abd   Thumb Code    52  loopbuf.o(i.AddLoopBuf)
    App_BlinkTaskCreate                      0x08000af1   Thumb Code   530  soft.o(i.App_BlinkTaskCreate)
    App_TCBInitHook                          0x08000e29   Thumb Code     2  os_apphooks.o(i.App_TCBInitHook)
    App_TaskCreateHook                       0x08000e33   Thumb Code     2  os_apphooks.o(i.App_TaskCreateHook)
    App_TaskIdleHook                         0x08000e35   Thumb Code     2  os_apphooks.o(i.App_TaskIdleHook)
    App_TaskStatHook                         0x08000e8d   Thumb Code     2  os_apphooks.o(i.App_TaskStatHook)
    App_TaskSwHook                           0x08000e8f   Thumb Code     2  os_apphooks.o(i.App_TaskSwHook)
    App_TimeTickHook                         0x08000e91   Thumb Code     2  os_apphooks.o(i.App_TimeTickHook)
    BKP_ClearFlag                            0x08000e95   Thumb Code    14  stm32f10x_bkp.o(i.BKP_ClearFlag)
    BKP_ReadBackupRegister                   0x08000ea9   Thumb Code    12  stm32f10x_bkp.o(i.BKP_ReadBackupRegister)
    BKP_WriteBackupRegister                  0x08000eb9   Thumb Code    10  stm32f10x_bkp.o(i.BKP_WriteBackupRegister)
    BusFault_Handler                         0x08000ec9   Thumb Code     4  stm32f10x_it.o(i.BusFault_Handler)
    CHECK_AD590OneTCCheckUseADS8328          0x08000ecd   Thumb Code   188  user.o(i.CHECK_AD590OneTCCheckUseADS8328)
    CHECK_SelectChannel                      0x08000f91   Thumb Code   104  user.o(i.CHECK_SelectChannel)
    CheckAdrressKey                          0x08001009   Thumb Code   100  user.o(i.CheckAdrressKey)
    ClearLoopBuf                             0x08001089   Thumb Code    10  loopbuf.o(i.ClearLoopBuf)
    DebugMon_Handler                         0x08001093   Thumb Code     2  stm32f10x_it.o(i.DebugMon_Handler)
    Default_ParamInit                        0x08001095   Thumb Code   430  parameter.o(i.Default_ParamInit)
    GPIO_Init                                0x080012db   Thumb Code   274  stm32f10x_gpio.o(i.GPIO_Init)
    GPIO_ReadInputData                       0x080013ed   Thumb Code     8  stm32f10x_gpio.o(i.GPIO_ReadInputData)
    GPIO_ResetBits                           0x080013f5   Thumb Code     4  stm32f10x_gpio.o(i.GPIO_ResetBits)
    GPIO_SetBits                             0x080013f9   Thumb Code     4  stm32f10x_gpio.o(i.GPIO_SetBits)
    GetCRC_Checksum4                         0x080013fd   Thumb Code    48  modbusprocess.o(i.GetCRC_Checksum4)
    GetLoopbuf                               0x08001435   Thumb Code    60  loopbuf.o(i.GetLoopbuf)
    GetModbusPark                            0x08001471   Thumb Code   116  modbusrecv.o(i.GetModbusPark)
    HardFault_Handler                        0x080014e9   Thumb Code     4  stm32f10x_it.o(i.HardFault_Handler)
    InitGpio                                 0x080014ed   Thumb Code   350  hd_159.o(i.InitGpio)
    InitUSART1                               0x08001661   Thumb Code   106  hd_159.o(i.InitUSART1)
    Init_Tim3                                0x080016d1   Thumb Code    96  hd_159.o(i.Init_Tim3)
    IspMarkLoad                              0x08001735   Thumb Code    76  jump.o(i.IspMarkLoad)
    IspMarkWrite                             0x08001785   Thumb Code    24  jump.o(i.IspMarkWrite)
    JumpAppAdr                               0x0800179d   Thumb Code    22  jump.o(i.JumpAppAdr)
    MemManage_Handler                        0x080017b3   Thumb Code     4  stm32f10x_it.o(i.MemManage_Handler)
    ModbusCommand1                           0x080017b9   Thumb Code   172  jump.o(i.ModbusCommand1)
    ModbusCommand2                           0x08001875   Thumb Code   138  user.o(i.ModbusCommand2)
    ModbusInit                               0x08001909   Thumb Code    40  modbusrecv.o(i.ModbusInit)
    ModbusReadWord                           0x08001935   Thumb Code    82  modbusprocess.o(i.ModbusReadWord)
    ModbusRecvProcess                        0x0800198d   Thumb Code   104  modbusprocess.o(i.ModbusRecvProcess)
    ModbusRxISRHandler                       0x080019fd   Thumb Code   142  modbusrecv.o(i.ModbusRxISRHandler)
    ModbusTimeHandler                        0x08001a91   Thumb Code   136  modbusrecv.o(i.ModbusTimeHandler)
    ModbusWriteWord                          0x08001b1d   Thumb Code    86  modbusprocess.o(i.ModbusWriteWord)
    MotorsRun                                0x08001b79   Thumb Code    72  user.o(i.MotorsRun)
    NMI_Handler                              0x08001bdd   Thumb Code     2  stm32f10x_it.o(i.NMI_Handler)
    NVIC_Init                                0x08001be1   Thumb Code   102  misc.o(i.NVIC_Init)
    NVIC_PriorityGroupConfig                 0x08001c55   Thumb Code    10  misc.o(i.NVIC_PriorityGroupConfig)
    OSDebugInit                              0x08001c69   Thumb Code   118  os_dbg.o(i.OSDebugInit)
    OSEventNameSet                           0x08001dc5   Thumb Code   100  os_core.o(i.OSEventNameSet)
    OSInit                                   0x08001e2d   Thumb Code    56  os_core.o(i.OSInit)
    OSInitHookBegin                          0x08001e65   Thumb Code     8  os_cpu_c.o(i.OSInitHookBegin)
    OSInitHookEnd                            0x08001e71   Thumb Code     2  os_cpu_c.o(i.OSInitHookEnd)
    OSIntExit                                0x08001e75   Thumb Code   112  os_core.o(i.OSIntExit)
    OSSchedLock                              0x08001f05   Thumb Code    50  os_core.o(i.OSSchedLock)
    OSSchedUnlock                            0x08001f45   Thumb Code    82  os_core.o(i.OSSchedUnlock)
    OSSemCreate                              0x08001fa5   Thumb Code    72  os_sem.o(i.OSSemCreate)
    OSSemPend                                0x08001ff9   Thumb Code   236  os_sem.o(i.OSSemPend)
    OSSemPost                                0x080020f1   Thumb Code    94  os_sem.o(i.OSSemPost)
    OSStart                                  0x08002151   Thumb Code    48  os_core.o(i.OSStart)
    OSStatInit                               0x08002199   Thumb Code    62  os_core.o(i.OSStatInit)
    OSTCBInitHook                            0x080021e5   Thumb Code    12  os_cpu_c.o(i.OSTCBInitHook)
    OSTaskCreate                             0x080021f1   Thumb Code   156  os_task.o(i.OSTaskCreate)
    OSTaskCreateExt                          0x08002299   Thumb Code   178  os_task.o(i.OSTaskCreateExt)
    OSTaskCreateHook                         0x08002359   Thumb Code    12  os_cpu_c.o(i.OSTaskCreateHook)
    OSTaskIdleHook                           0x08002365   Thumb Code     8  os_cpu_c.o(i.OSTaskIdleHook)
    OSTaskNameSet                            0x0800236d   Thumb Code   120  os_task.o(i.OSTaskNameSet)
    OSTaskStatHook                           0x080023f1   Thumb Code     8  os_cpu_c.o(i.OSTaskStatHook)
    OSTaskStkChk                             0x080023f9   Thumb Code   150  os_task.o(i.OSTaskStkChk)
    OSTaskStkInit                            0x08002499   Thumb Code   154  os_cpu_c.o(i.OSTaskStkInit)
    OSTaskSuspend                            0x08002535   Thumb Code   180  os_task.o(i.OSTaskSuspend)
    OSTaskSwHook                             0x080025f9   Thumb Code     8  os_cpu_c.o(i.OSTaskSwHook)
    OSTimeDly                                0x08002601   Thumb Code   108  os_time.o(i.OSTimeDly)
    OSTimeDlyHMSM                            0x08002681   Thumb Code   124  os_time.o(i.OSTimeDlyHMSM)
    OSTimeTick                               0x08002705   Thumb Code   218  os_core.o(i.OSTimeTick)
    OSTimeTickHook                           0x080027f9   Thumb Code    34  os_cpu_c.o(i.OSTimeTickHook)
    OSTmrSignal                              0x08002821   Thumb Code    16  os_tmr.o(i.OSTmrSignal)
    OSTmr_Init                               0x08002835   Thumb Code   168  os_tmr.o(i.OSTmr_Init)
    OS_CPU_SysTickInit                       0x08002aa5   Thumb Code    92  os_cpu_c.o(i.OS_CPU_SysTickInit)
    OS_EventTaskRdy                          0x08002b0d   Thumb Code   138  os_core.o(i.OS_EventTaskRdy)
    OS_EventTaskRemove                       0x08002ba9   Thumb Code    50  os_core.o(i.OS_EventTaskRemove)
    OS_EventTaskRemoveMulti                  0x08002bdb   Thumb Code    80  os_core.o(i.OS_EventTaskRemoveMulti)
    OS_EventTaskWait                         0x08002c2d   Thumb Code   120  os_core.o(i.OS_EventTaskWait)
    OS_EventWaitListInit                     0x08002cb1   Thumb Code    28  os_core.o(i.OS_EventWaitListInit)
    OS_FlagInit                              0x08002ccd   Thumb Code    74  os_flag.o(i.OS_FlagInit)
    OS_MemClr                                0x08002f35   Thumb Code    18  os_core.o(i.OS_MemClr)
    OS_MemInit                               0x08002f49   Thumb Code    74  os_mem.o(i.OS_MemInit)
    OS_QInit                                 0x08002fa1   Thumb Code    72  os_q.o(i.OS_QInit)
    OS_Sched                                 0x08002ff1   Thumb Code    88  os_core.o(i.OS_Sched)
    OS_TCBInit                               0x08003091   Thumb Code   294  os_core.o(i.OS_TCBInit)
    OS_TaskIdle                              0x080031d5   Thumb Code    34  os_core.o(i.OS_TaskIdle)
    OS_TaskStat                              0x080031fd   Thumb Code   118  os_core.o(i.OS_TaskStat)
    OS_TaskStatStkChk                        0x08003289   Thumb Code    54  os_core.o(i.OS_TaskStatStkChk)
    OS_TaskStkClr                            0x080032c5   Thumb Code    26  os_task.o(i.OS_TaskStkClr)
    PID_BufInit                              0x080032df   Thumb Code    20  pid.o(i.PID_BufInit)
    PID_Calc                                 0x080032f5   Thumb Code   168  pid.o(i.PID_Calc)
    PID_Inc_Calc                             0x080033a1   Thumb Code   172  pid_inc.o(i.PID_Inc_Calc)
    PID_ParaInit                             0x08003459   Thumb Code     8  pid.o(i.PID_ParaInit)
    PID_Para_Refush                          0x08003461   Thumb Code    92  pid.o(i.PID_Para_Refush)
    PID_Para_Refush_All                      0x080034cd   Thumb Code    22  pid.o(i.PID_Para_Refush_All)
    PWR_BackupAccessCmd                      0x080034e5   Thumb Code     6  stm32f10x_pwr.o(i.PWR_BackupAccessCmd)
    ProcessKey                               0x080034f1   Thumb Code    38  user.o(i.ProcessKey)
    RCC_APB1PeriphClockCmd                   0x08003519   Thumb Code    26  stm32f10x_rcc.o(i.RCC_APB1PeriphClockCmd)
    RCC_APB2PeriphClockCmd                   0x08003539   Thumb Code    26  stm32f10x_rcc.o(i.RCC_APB2PeriphClockCmd)
    RCC_GetClocksFreq                        0x08003559   Thumb Code   374  stm32f10x_rcc.o(i.RCC_GetClocksFreq)
    SVC_Handler                              0x080036e9   Thumb Code     2  stm32f10x_it.o(i.SVC_Handler)
    SendText_UART1                           0x080036eb   Thumb Code    32  uart.o(i.SendText_UART1)
    SoftReset                                0x08003815   Thumb Code    38  jump.o(i.SoftReset)
    StepMotInit                              0x08003845   Thumb Code   342  stepmotor.o(i.StepMotInit)
    StepMotRun1                              0x080039c1   Thumb Code    88  stepmotor.o(i.StepMotRun1)
    StepMotRun2                              0x08003a21   Thumb Code    90  stepmotor.o(i.StepMotRun2)
    StepMotRun3                              0x08003a85   Thumb Code    88  stepmotor.o(i.StepMotRun3)
    StepMotRun4                              0x08003aed   Thumb Code    90  stepmotor.o(i.StepMotRun4)
    StepMotRun5                              0x08003b51   Thumb Code    90  stepmotor.o(i.StepMotRun5)
    StepMotRun6                              0x08003bb9   Thumb Code    90  stepmotor.o(i.StepMotRun6)
    StepMotStop1                             0x08003c21   Thumb Code    50  stepmotor.o(i.StepMotStop1)
    StepMotStop2                             0x08003c5d   Thumb Code    52  stepmotor.o(i.StepMotStop2)
    StepMoterPulseHandler                    0x08003c99   Thumb Code   674  stepmotor.o(i.StepMoterPulseHandler)
    SysTick_Handler                          0x08003f61   Thumb Code    34  stm32f10x_it.o(i.SysTick_Handler)
    SystemInit                               0x08003f89   Thumb Code    92  system_stm32f10x.o(i.SystemInit)
    TIM3_IRQHandler                          0x08003ff5   Thumb Code    26  stm32f10x_it.o(i.TIM3_IRQHandler)
    TIM_ClearITPendingBit                    0x08004015   Thumb Code     6  stm32f10x_tim.o(i.TIM_ClearITPendingBit)
    TIM_Cmd                                  0x0800401b   Thumb Code    24  stm32f10x_tim.o(i.TIM_Cmd)
    TIM_GetITStatus                          0x08004033   Thumb Code    34  stm32f10x_tim.o(i.TIM_GetITStatus)
    TIM_ITConfig                             0x08004055   Thumb Code    24  stm32f10x_tim.o(i.TIM_ITConfig)
    TIM_SetCounter                           0x0800406d   Thumb Code     4  stm32f10x_tim.o(i.TIM_SetCounter)
    TIM_TimeBaseInit                         0x08004071   Thumb Code   122  stm32f10x_tim.o(i.TIM_TimeBaseInit)
    TaskHeat                                 0x08004115   Thumb Code   122  user.o(i.TaskHeat)
    TaskInput1                               0x080041a9   Thumb Code    12  user.o(i.TaskInput1)
    TaskKey                                  0x080041b5   Thumb Code    68  user.o(i.TaskKey)
    TaskModbus                               0x08004201   Thumb Code    72  user.o(i.TaskModbus)
    TaskRecv                                 0x08004255   Thumb Code    30  user.o(i.TaskRecv)
    TaskStatus                               0x0800427d   Thumb Code   122  user.o(i.TaskStatus)
    TaskStepMotor                            0x08004305   Thumb Code   394  user.o(i.TaskStepMotor)
    TaskTimePr                               0x080044b5   Thumb Code    56  user.o(i.TaskTimePr)
    TaskTs                                   0x080044f5   Thumb Code   170  user.o(i.TaskTs)
    TaskVirPwm                               0x080045ad   Thumb Code   118  user.o(i.TaskVirPwm)
    USART1_IRQHandler                        0x08004629   Thumb Code     8  stm32f10x_it.o(i.USART1_IRQHandler)
    USART1_RxTxISRHandler                    0x08004631   Thumb Code   192  hd_159.o(i.USART1_RxTxISRHandler)
    USART1_TxIntEn                           0x08004711   Thumb Code    28  hd_159.o(i.USART1_TxIntEn)
    USART2_IRQHandler                        0x08004731   Thumb Code     2  stm32f10x_it.o(i.USART2_IRQHandler)
    USART_ClearITPendingBit                  0x08004733   Thumb Code    30  stm32f10x_usart.o(i.USART_ClearITPendingBit)
    USART_Cmd                                0x08004751   Thumb Code    24  stm32f10x_usart.o(i.USART_Cmd)
    USART_GetITStatus                        0x08004769   Thumb Code    84  stm32f10x_usart.o(i.USART_GetITStatus)
    USART_ITConfig                           0x080047bd   Thumb Code    74  stm32f10x_usart.o(i.USART_ITConfig)
    USART_Init                               0x08004809   Thumb Code   210  stm32f10x_usart.o(i.USART_Init)
    USART_ReceiveData                        0x080048e1   Thumb Code    10  stm32f10x_usart.o(i.USART_ReceiveData)
    USART_SendData                           0x080048eb   Thumb Code     8  stm32f10x_usart.o(i.USART_SendData)
    Uart1BufInit                             0x080048f5   Thumb Code    42  uart.o(i.Uart1BufInit)
    Uart1CharSend                            0x0800492d   Thumb Code   152  uart.o(i.Uart1CharSend)
    UsageFault_Handler                       0x080049d9   Thumb Code     4  stm32f10x_it.o(i.UsageFault_Handler)
    VirtualPwmOutPin                         0x080049dd   Thumb Code    16  user.o(i.VirtualPwmOutPin)
    _MakeReadRegRespone                      0x080049ed   Thumb Code    30  modbusprocess.o(i._MakeReadRegRespone)
    _MakeWriteRegRespone                     0x08004a0b   Thumb Code    20  modbusprocess.o(i._MakeWriteRegRespone)
    _ModbusParameterProcess                  0x08004a21   Thumb Code   100  modbusprocess.o(i._ModbusParameterProcess)
    _ModbusReadBit                           0x08004a8d   Thumb Code    28  modbusprocess.o(i._ModbusReadBit)
    _ModbusWriteBit                          0x08004aa9   Thumb Code    28  modbusprocess.o(i._ModbusWriteBit)
    _PlaceModbusFloat                        0x08004ac5   Thumb Code    42  modbusprocess.o(i._PlaceModbusFloat)
    _SendModbusPark                          0x08004aef   Thumb Code    38  modbusprocess.o(i._SendModbusPark)
    _SendStringUartx                         0x08004b15   Thumb Code    26  modbusprocess.o(i._SendStringUartx)
    __scatterload_copy                       0x08004b2f   Thumb Code    14  handlers.o(i.__scatterload_copy)
    __scatterload_null                       0x08004b3d   Thumb Code     2  handlers.o(i.__scatterload_null)
    __scatterload_zeroinit                   0x08004b3f   Thumb Code    14  handlers.o(i.__scatterload_zeroinit)
    delay_us                                 0x08004b4d   Thumb Code    24  ads8328.o(i.delay_us)
    main                                     0x08004b65   Thumb Code    72  main.o(i.main)
    PID_Default                              0x08004be0   Data          60  pid.o(.constdata)
    OSDebugEn                                0x08004c1c   Data           2  os_dbg.o(.constdata)
    OSEndiannessTest                         0x08004c20   Data           4  os_dbg.o(.constdata)
    OSEventEn                                0x08004c24   Data           2  os_dbg.o(.constdata)
    OSEventMax                               0x08004c26   Data           2  os_dbg.o(.constdata)
    OSEventNameEn                            0x08004c28   Data           2  os_dbg.o(.constdata)
    OSEventSize                              0x08004c2a   Data           2  os_dbg.o(.constdata)
    OSEventTblSize                           0x08004c2c   Data           2  os_dbg.o(.constdata)
    OSEventMultiEn                           0x08004c2e   Data           2  os_dbg.o(.constdata)
    OSFlagEn                                 0x08004c30   Data           2  os_dbg.o(.constdata)
    OSFlagGrpSize                            0x08004c32   Data           2  os_dbg.o(.constdata)
    OSFlagNodeSize                           0x08004c34   Data           2  os_dbg.o(.constdata)
    OSFlagWidth                              0x08004c36   Data           2  os_dbg.o(.constdata)
    OSFlagMax                                0x08004c38   Data           2  os_dbg.o(.constdata)
    OSFlagNameEn                             0x08004c3a   Data           2  os_dbg.o(.constdata)
    OSLowestPrio                             0x08004c3c   Data           2  os_dbg.o(.constdata)
    OSMboxEn                                 0x08004c3e   Data           2  os_dbg.o(.constdata)
    OSMemEn                                  0x08004c40   Data           2  os_dbg.o(.constdata)
    OSMemMax                                 0x08004c42   Data           2  os_dbg.o(.constdata)
    OSMemNameEn                              0x08004c44   Data           2  os_dbg.o(.constdata)
    OSMemSize                                0x08004c46   Data           2  os_dbg.o(.constdata)
    OSMemTblSize                             0x08004c48   Data           2  os_dbg.o(.constdata)
    OSMutexEn                                0x08004c4a   Data           2  os_dbg.o(.constdata)
    OSPtrSize                                0x08004c4c   Data           2  os_dbg.o(.constdata)
    OSQEn                                    0x08004c4e   Data           2  os_dbg.o(.constdata)
    OSQMax                                   0x08004c50   Data           2  os_dbg.o(.constdata)
    OSQSize                                  0x08004c52   Data           2  os_dbg.o(.constdata)
    OSRdyTblSize                             0x08004c54   Data           2  os_dbg.o(.constdata)
    OSSemEn                                  0x08004c56   Data           2  os_dbg.o(.constdata)
    OSStkWidth                               0x08004c58   Data           2  os_dbg.o(.constdata)
    OSTaskCreateEn                           0x08004c5a   Data           2  os_dbg.o(.constdata)
    OSTaskCreateExtEn                        0x08004c5c   Data           2  os_dbg.o(.constdata)
    OSTaskDelEn                              0x08004c5e   Data           2  os_dbg.o(.constdata)
    OSTaskIdleStkSize                        0x08004c60   Data           2  os_dbg.o(.constdata)
    OSTaskProfileEn                          0x08004c62   Data           2  os_dbg.o(.constdata)
    OSTaskMax                                0x08004c64   Data           2  os_dbg.o(.constdata)
    OSTaskNameEn                             0x08004c66   Data           2  os_dbg.o(.constdata)
    OSTaskStatEn                             0x08004c68   Data           2  os_dbg.o(.constdata)
    OSTaskStatStkSize                        0x08004c6a   Data           2  os_dbg.o(.constdata)
    OSTaskStatStkChkEn                       0x08004c6c   Data           2  os_dbg.o(.constdata)
    OSTaskSwHookEn                           0x08004c6e   Data           2  os_dbg.o(.constdata)
    OSTaskRegTblSize                         0x08004c70   Data           2  os_dbg.o(.constdata)
    OSTCBPrioTblMax                          0x08004c72   Data           2  os_dbg.o(.constdata)
    OSTCBSize                                0x08004c74   Data           2  os_dbg.o(.constdata)
    OSTicksPerSec                            0x08004c76   Data           2  os_dbg.o(.constdata)
    OSTimeTickHookEn                         0x08004c78   Data           2  os_dbg.o(.constdata)
    OSVersionNbr                             0x08004c7a   Data           2  os_dbg.o(.constdata)
    OSTmrEn                                  0x08004c7c   Data           2  os_dbg.o(.constdata)
    OSTmrCfgMax                              0x08004c7e   Data           2  os_dbg.o(.constdata)
    OSTmrCfgNameEn                           0x08004c80   Data           2  os_dbg.o(.constdata)
    OSTmrCfgWheelSize                        0x08004c82   Data           2  os_dbg.o(.constdata)
    OSTmrCfgTicksPerSec                      0x08004c84   Data           2  os_dbg.o(.constdata)
    OSTmrSize                                0x08004c86   Data           2  os_dbg.o(.constdata)
    OSTmrTblSize                             0x08004c88   Data           2  os_dbg.o(.constdata)
    OSTmrWheelSize                           0x08004c8a   Data           2  os_dbg.o(.constdata)
    OSTmrWheelTblSize                        0x08004c8c   Data           2  os_dbg.o(.constdata)
    OSDataSize                               0x08004c8e   Data           2  os_dbg.o(.constdata)
    OSUnMapTbl                               0x08004c90   Data         256  os_core.o(.constdata)
    Region$$Table$$Base                      0x08004d90   Number         0  anon$$obj.o(Region$$Table)
    Region$$Table$$Limit                     0x08004db0   Number         0  anon$$obj.o(Region$$Table)
    Uart1Sending                             0x20000000   Data           1  uart.o(.data)
    Uart1RecvStruct                          0x20000002   Data           6  uart.o(.data)
    Uart1SendStruct                          0x20000008   Data           6  uart.o(.data)
    EventTimeBuz                             0x20000010   Data           1  user.o(.data)
    EventTimeLed                             0x20000011   Data           1  user.o(.data)
    OSSemMotors                              0x20000018   Data           4  user.o(.data)
    OSSemUart1                               0x2000001c   Data           4  user.o(.data)
    OSSemTimePid_StepMotor                   0x20000020   Data           4  user.o(.data)
    OSSemTimePid_Heat                        0x20000024   Data           4  user.o(.data)
    LenFromUser                              0x20000028   Data           1  user.o(.data)
    lAddressKey                              0x20000029   Data           1  user.o(.data)
    FlagKey                                  0x2000002a   Data           1  user.o(.data)
    TimeAutoLock1                            0x2000002c   Data           2  jump.o(.data)
    TimeAutoLock2                            0x2000002e   Data           2  jump.o(.data)
    TimeAutoLock3                            0x20000030   Data           2  jump.o(.data)
    SystemCoreClock                          0x20000048   Data           4  system_stm32f10x.o(.data)
    AHBPrescTable                            0x2000004c   Data          16  system_stm32f10x.o(.data)
    OSCtxSwCtr                               0x20000060   Data           4  os_core.o(.data)
    OSEventFreeList                          0x20000064   Data           4  os_core.o(.data)
    OSFlagFreeList                           0x20000068   Data           4  os_core.o(.data)
    OSCPUUsage                               0x2000006c   Data           1  os_core.o(.data)
    OSIdleCtrMax                             0x20000070   Data           4  os_core.o(.data)
    OSIdleCtrRun                             0x20000074   Data           4  os_core.o(.data)
    OSStatRdy                                0x20000078   Data           1  os_core.o(.data)
    OSIntNesting                             0x20000079   Data           1  os_core.o(.data)
    OSLockNesting                            0x2000007a   Data           1  os_core.o(.data)
    OSPrioCur                                0x2000007b   Data           1  os_core.o(.data)
    OSPrioHighRdy                            0x2000007c   Data           1  os_core.o(.data)
    OSRdyGrp                                 0x2000007d   Data           1  os_core.o(.data)
    OSRdyTbl                                 0x2000007e   Data           8  os_core.o(.data)
    OSRunning                                0x20000086   Data           1  os_core.o(.data)
    OSTaskCtr                                0x20000087   Data           1  os_core.o(.data)
    OSIdleCtr                                0x20000088   Data           4  os_core.o(.data)
    OSTCBCur                                 0x2000008c   Data           4  os_core.o(.data)
    OSTCBFreeList                            0x20000090   Data           4  os_core.o(.data)
    OSTCBHighRdy                             0x20000094   Data           4  os_core.o(.data)
    OSTCBList                                0x20000098   Data           4  os_core.o(.data)
    OSTickStepState                          0x2000009c   Data           1  os_core.o(.data)
    OSMemFreeList                            0x200000a0   Data           4  os_core.o(.data)
    OSQFreeList                              0x200000a4   Data           4  os_core.o(.data)
    OSTime                                   0x200000a8   Data           4  os_core.o(.data)
    OSTmrFree                                0x200000ac   Data           2  os_core.o(.data)
    OSTmrUsed                                0x200000ae   Data           2  os_core.o(.data)
    OSTmrTime                                0x200000b0   Data           4  os_core.o(.data)
    OSTmrSem                                 0x200000b4   Data           4  os_core.o(.data)
    OSTmrSemSignal                           0x200000b8   Data           4  os_core.o(.data)
    OSTmrFreeList                            0x200000bc   Data           4  os_core.o(.data)
    TimeForSaveParam                         0x200000c0   Data           2  parameter.o(.data)
    Stm32IdSum6                              0x200000c2   Data           2  parameter.o(.data)
    StepMot1                                 0x200002c4   Data          20  stepmotor.o(.bss)
    StepMot2                                 0x200002d8   Data          20  stepmotor.o(.bss)
    StepMot3                                 0x200002ec   Data          20  stepmotor.o(.bss)
    StepMot4                                 0x20000300   Data          20  stepmotor.o(.bss)
    StepMot5                                 0x20000314   Data          20  stepmotor.o(.bss)
    StepMot6                                 0x20000328   Data          20  stepmotor.o(.bss)
    Uart1RecvBuf                             0x20000444   Data         274  uart.o(.bss)
    Uart1SendBuf                             0x20000556   Data         274  uart.o(.bss)
    BufFromUser                              0x20001b04   Data         252  user.o(.bss)
    wAdcResoult                              0x20001c00   Data          32  user.o(.bss)
    PowerOutBuf                              0x20001c20   Data          20  user.o(.bss)
    TestOutBuf                               0x20001c34   Data          20  user.o(.bss)
    StepPidBuf                               0x20001c48   Data         256  pid_inc.o(.bss)
    PidParam                                 0x20001d48   Data          20  pid.o(.bss)
    HeatPidBuf                               0x20001d5c   Data         256  pid.o(.bss)
    OSEventTbl                               0x20001e5c   Data         552  os_core.o(.bss)
    OSFlagTbl                                0x20002084   Data          80  os_core.o(.bss)
    OSTaskStatStk                            0x200020d4   Data         256  os_core.o(.bss)
    OSTaskIdleStk                            0x200021d4   Data         128  os_core.o(.bss)
    OSTCBPrioTbl                             0x20002254   Data         256  os_core.o(.bss)
    OSTCBTbl                                 0x20002354   Data        2200  os_core.o(.bss)
    OSMemTbl                                 0x20002bec   Data         120  os_core.o(.bss)
    OSQTbl                                   0x20002c64   Data          96  os_core.o(.bss)
    OSTmrTbl                                 0x20002cc4   Data         640  os_core.o(.bss)
    OSTmrTaskStk                             0x20002f44   Data         256  os_core.o(.bss)
    OSTmrWheelTbl                            0x20003044   Data          64  os_core.o(.bss)
    cMemBufA                                 0x20003084   Data          22  parameter.o(.bss)
    cMemBufB                                 0x2000309a   Data          22  parameter.o(.bss)
    Coldw                                    0x200030b0   Data         528  parameter.o(.bss)
    ResponeBuf                               0x200032c0   Data         251  modbusprocess.o(.bss)
    Modbusx                                  0x200033bc   Data         774  modbusrecv.o(.bss)
    __initial_sp                             0x20003ac8   Data           0  startup_stm32f10x_ld.o(STACK)



==============================================================================

Memory Map of the image

  Image Entry point : 0x080000ed

  Load Region LR_IROM1 (Base: 0x08000000, Size: 0x00005074, Max: 0x00040000, ABSOLUTE, COMPRESSED[0x00004ef0])

    Execution Region ER_IROM1 (Base: 0x08000000, Size: 0x00004db0, Max: 0x00040000, ABSOLUTE)

    Base Addr    Size         Type   Attr      Idx    E Section Name        Object

    0x08000000   0x000000ec   Data   RO         4266    RESET               startup_stm32f10x_ld.o
    0x080000ec   0x00000000   Code   RO         5599  * .ARM.Collect$$$$00000000  mc_w.l(entry.o)
    0x080000ec   0x00000004   Code   RO         5630    .ARM.Collect$$$$00000001  mc_w.l(entry2.o)
    0x080000f0   0x00000004   Code   RO         5633    .ARM.Collect$$$$00000004  mc_w.l(entry5.o)
    0x080000f4   0x00000000   Code   RO         5635    .ARM.Collect$$$$00000008  mc_w.l(entry7b.o)
    0x080000f4   0x00000008   Code   RO         5636    .ARM.Collect$$$$00000009  mc_w.l(entry8.o)
    0x080000fc   0x00000004   Code   RO         5631    .ARM.Collect$$$$00002712  mc_w.l(entry2.o)
    0x08000100   0x00000020   Code   RO         4219    .emb_text           core_cm3.o
    0x08000120   0x00000024   Code   RO         4267    .text               startup_stm32f10x_ld.o
    0x08000144   0x000000a4   Code   RO         4383    .text               os_cpu_a.o
    0x080001e8   0x0000002a   Code   RO         5278    .text               cpu_a.o
    0x08000212   0x000000b0   Code   RO         5604    .text               mf_w.l(fadd.o)
    0x080002c2   0x0000006c   Code   RO         5606    .text               mf_w.l(fmul.o)
    0x0800032e   0x00000080   Code   RO         5608    .text               mf_w.l(fdiv.o)
    0x080003ae   0x0000014c   Code   RO         5610    .text               mf_w.l(dadd.o)
    0x080004fa   0x000000e0   Code   RO         5612    .text               mf_w.l(dmul.o)
    0x080005da   0x0000000a   Code   RO         5614    .text               mf_w.l(ffltui.o)
    0x080005e4   0x0000001a   Code   RO         5616    .text               mf_w.l(dfltui.o)
    0x080005fe   0x00000032   Code   RO         5618    .text               mf_w.l(ffixi.o)
    0x08000630   0x0000002c   Code   RO         5622    .text               mf_w.l(f2d.o)
    0x0800065c   0x00000038   Code   RO         5624    .text               mf_w.l(d2f.o)
    0x08000694   0x00000014   Code   RO         5626    .text               mf_w.l(cfcmple.o)
    0x080006a8   0x00000014   Code   RO         5628    .text               mf_w.l(cfrcmple.o)
    0x080006bc   0x0000001e   Code   RO         5637    .text               mc_w.l(llshl.o)
    0x080006da   0x00000024   Code   RO         5639    .text               mc_w.l(llsshr.o)
    0x080006fe   0x00000000   Code   RO         5641    .text               mc_w.l(iusefp.o)
    0x080006fe   0x0000006c   Code   RO         5642    .text               mf_w.l(fepilogue.o)
    0x0800076a   0x000000be   Code   RO         5644    .text               mf_w.l(depilogue.o)
    0x08000828   0x00000024   Code   RO         5646    .text               mc_w.l(init.o)
    0x0800084c   0x00000020   Code   RO         5648    .text               mc_w.l(llushr.o)
    0x0800086c   0x0000005c   Code   RO         5658    .text               mc_w.l(__dczerorl2.o)
    0x080008c8   0x000000a4   Code   RO          786    i.ADS8328_DataConvert  ads8328.o
    0x0800096c   0x00000042   Code   RO          787    i.ADS8328_Init      ads8328.o
    0x080009ae   0x00000002   PAD
    0x080009b0   0x00000090   Code   RO          788    i.ADS8328_ReadWord  ads8328.o
    0x08000a40   0x0000001a   Code   RO          789    i.ADS8328_SelectChannel  ads8328.o
    0x08000a5a   0x00000002   PAD
    0x08000a5c   0x00000060   Code   RO          790    i.ADS8328_WriteWord  ads8328.o
    0x08000abc   0x00000034   Code   RO          405    i.AddLoopBuf        loopbuf.o
    0x08000af0   0x00000338   Code   RO          531    i.App_BlinkTaskCreate  soft.o
    0x08000e28   0x00000002   Code   RO         5176    i.App_TCBInitHook   os_apphooks.o
    0x08000e2a   0x00000008   Code   RO          230    i.App_TaskCreate    main.o
    0x08000e32   0x00000002   Code   RO         5177    i.App_TaskCreateHook  os_apphooks.o
    0x08000e34   0x00000002   Code   RO         5179    i.App_TaskIdleHook  os_apphooks.o
    0x08000e36   0x00000002   PAD
    0x08000e38   0x00000054   Code   RO          231    i.App_TaskStart     main.o
    0x08000e8c   0x00000002   Code   RO         5181    i.App_TaskStatHook  os_apphooks.o
    0x08000e8e   0x00000002   Code   RO         5182    i.App_TaskSwHook    os_apphooks.o
    0x08000e90   0x00000002   Code   RO         5183    i.App_TimeTickHook  os_apphooks.o
    0x08000e92   0x00000002   PAD
    0x08000e94   0x00000014   Code   RO         1995    i.BKP_ClearFlag     stm32f10x_bkp.o
    0x08000ea8   0x00000010   Code   RO         2002    i.BKP_ReadBackupRegister  stm32f10x_bkp.o
    0x08000eb8   0x00000010   Code   RO         2006    i.BKP_WriteBackupRegister  stm32f10x_bkp.o
    0x08000ec8   0x00000004   Code   RO          435    i.BusFault_Handler  stm32f10x_it.o
    0x08000ecc   0x000000c4   Code   RO          562    i.CHECK_AD590OneTCCheckUseADS8328  user.o
    0x08000f90   0x00000078   Code   RO          563    i.CHECK_SelectChannel  user.o
    0x08001008   0x00000080   Code   RO          564    i.CheckAdrressKey   user.o
    0x08001088   0x0000000a   Code   RO          406    i.ClearLoopBuf      loopbuf.o
    0x08001092   0x00000002   Code   RO          436    i.DebugMon_Handler  stm32f10x_it.o
    0x08001094   0x00000244   Code   RO         5414    i.Default_ParamInit  parameter.o
    0x080012d8   0x00000002   Code   RO          232    i.GPIO_Configuration  main.o
    0x080012da   0x00000112   Code   RO         1411    i.GPIO_Init         stm32f10x_gpio.o
    0x080013ec   0x00000008   Code   RO         1414    i.GPIO_ReadInputData  stm32f10x_gpio.o
    0x080013f4   0x00000004   Code   RO         1418    i.GPIO_ResetBits    stm32f10x_gpio.o
    0x080013f8   0x00000004   Code   RO         1419    i.GPIO_SetBits      stm32f10x_gpio.o
    0x080013fc   0x00000038   Code   RO         5469    i.GetCRC_Checksum4  modbusprocess.o
    0x08001434   0x0000003c   Code   RO          407    i.GetLoopbuf        loopbuf.o
    0x08001470   0x00000078   Code   RO         5563    i.GetModbusPark     modbusrecv.o
    0x080014e8   0x00000004   Code   RO          437    i.HardFault_Handler  stm32f10x_it.o
    0x080014ec   0x00000174   Code   RO         1132    i.InitGpio          hd_159.o
    0x08001660   0x00000070   Code   RO         1135    i.InitUSART1        hd_159.o
    0x080016d0   0x00000064   Code   RO         1138    i.Init_Tim3         hd_159.o
    0x08001734   0x00000050   Code   RO          905    i.IspMarkLoad       jump.o
    0x08001784   0x00000018   Code   RO          906    i.IspMarkWrite      jump.o
    0x0800179c   0x00000016   Code   RO          907    i.JumpAppAdr        jump.o
    0x080017b2   0x00000004   Code   RO          438    i.MemManage_Handler  stm32f10x_it.o
    0x080017b6   0x00000002   PAD
    0x080017b8   0x000000bc   Code   RO          908    i.ModbusCommand1    jump.o
    0x08001874   0x00000094   Code   RO          565    i.ModbusCommand2    user.o
    0x08001908   0x0000002c   Code   RO         5564    i.ModbusInit        modbusrecv.o
    0x08001934   0x00000058   Code   RO         5470    i.ModbusReadWord    modbusprocess.o
    0x0800198c   0x00000070   Code   RO         5471    i.ModbusRecvProcess  modbusprocess.o
    0x080019fc   0x00000094   Code   RO         5565    i.ModbusRxISRHandler  modbusrecv.o
    0x08001a90   0x0000008c   Code   RO         5566    i.ModbusTimeHandler  modbusrecv.o
    0x08001b1c   0x0000005c   Code   RO         5472    i.ModbusWriteWord   modbusprocess.o
    0x08001b78   0x00000048   Code   RO          566    i.MotorsRun         user.o
    0x08001bc0   0x0000001c   Code   RO          533    i.MyTASK            soft.o
    0x08001bdc   0x00000002   Code   RO          439    i.NMI_Handler       stm32f10x_it.o
    0x08001bde   0x00000002   PAD
    0x08001be0   0x00000074   Code   RO         1192    i.NVIC_Init         misc.o
    0x08001c54   0x00000014   Code   RO         1193    i.NVIC_PriorityGroupConfig  misc.o
    0x08001c68   0x0000015c   Code   RO         4271    i.OSDebugInit       os_dbg.o
    0x08001dc4   0x00000068   Code   RO         4387    i.OSEventNameSet    os_core.o
    0x08001e2c   0x00000038   Code   RO         4389    i.OSInit            os_core.o
    0x08001e64   0x0000000c   Code   RO         4286    i.OSInitHookBegin   os_cpu_c.o
    0x08001e70   0x00000002   Code   RO         4287    i.OSInitHookEnd     os_cpu_c.o
    0x08001e72   0x00000002   PAD
    0x08001e74   0x00000090   Code   RO         4391    i.OSIntExit         os_core.o
    0x08001f04   0x00000040   Code   RO         4392    i.OSSchedLock       os_core.o
    0x08001f44   0x00000060   Code   RO         4393    i.OSSchedUnlock     os_core.o
    0x08001fa4   0x00000054   Code   RO         4901    i.OSSemCreate       os_sem.o
    0x08001ff8   0x000000f8   Code   RO         4903    i.OSSemPend         os_sem.o
    0x080020f0   0x0000005e   Code   RO         4905    i.OSSemPost         os_sem.o
    0x0800214e   0x00000002   PAD
    0x08002150   0x00000048   Code   RO         4394    i.OSStart           os_core.o
    0x08002198   0x0000004c   Code   RO         4395    i.OSStatInit        os_core.o
    0x080021e4   0x0000000c   Code   RO         4288    i.OSTCBInitHook     os_cpu_c.o
    0x080021f0   0x000000a8   Code   RO         4955    i.OSTaskCreate      os_task.o
    0x08002298   0x000000c0   Code   RO         4956    i.OSTaskCreateExt   os_task.o
    0x08002358   0x0000000c   Code   RO         4289    i.OSTaskCreateHook  os_cpu_c.o
    0x08002364   0x00000008   Code   RO         4291    i.OSTaskIdleHook    os_cpu_c.o
    0x0800236c   0x00000084   Code   RO         4960    i.OSTaskNameSet     os_task.o
    0x080023f0   0x00000008   Code   RO         4292    i.OSTaskStatHook    os_cpu_c.o
    0x080023f8   0x000000a0   Code   RO         4965    i.OSTaskStkChk      os_task.o
    0x08002498   0x0000009a   Code   RO         4293    i.OSTaskStkInit     os_cpu_c.o
    0x08002532   0x00000002   PAD
    0x08002534   0x000000c4   Code   RO         4966    i.OSTaskSuspend     os_task.o
    0x080025f8   0x00000008   Code   RO         4294    i.OSTaskSwHook      os_cpu_c.o
    0x08002600   0x00000080   Code   RO         5050    i.OSTimeDly         os_time.o
    0x08002680   0x00000084   Code   RO         5051    i.OSTimeDlyHMSM     os_time.o
    0x08002704   0x000000f4   Code   RO         4396    i.OSTimeTick        os_core.o
    0x080027f8   0x00000028   Code   RO         4295    i.OSTimeTickHook    os_cpu_c.o
    0x08002820   0x00000014   Code   RO         5090    i.OSTmrSignal       os_tmr.o
    0x08002834   0x000000f4   Code   RO         5096    i.OSTmr_Init        os_tmr.o
    0x08002928   0x0000004c   Code   RO         5097    i.OSTmr_InitTask    os_tmr.o
    0x08002974   0x0000006c   Code   RO         5098    i.OSTmr_Link        os_tmr.o
    0x080029e0   0x00000080   Code   RO         5099    i.OSTmr_Task        os_tmr.o
    0x08002a60   0x00000044   Code   RO         5100    i.OSTmr_Unlink      os_tmr.o
    0x08002aa4   0x00000068   Code   RO         4298    i.OS_CPU_SysTickInit  os_cpu_c.o
    0x08002b0c   0x0000009c   Code   RO         4399    i.OS_EventTaskRdy   os_core.o
    0x08002ba8   0x00000032   Code   RO         4400    i.OS_EventTaskRemove  os_core.o
    0x08002bda   0x00000050   Code   RO         4401    i.OS_EventTaskRemoveMulti  os_core.o
    0x08002c2a   0x00000002   PAD
    0x08002c2c   0x00000084   Code   RO         4402    i.OS_EventTaskWait  os_core.o
    0x08002cb0   0x0000001c   Code   RO         4404    i.OS_EventWaitListInit  os_core.o
    0x08002ccc   0x00000058   Code   RO         4607    i.OS_FlagInit       os_flag.o
    0x08002d24   0x00000060   Code   RO         4405    i.OS_InitEventList  os_core.o
    0x08002d84   0x00000054   Code   RO         4406    i.OS_InitMisc       os_core.o
    0x08002dd8   0x00000044   Code   RO         4407    i.OS_InitRdyList    os_core.o
    0x08002e1c   0x00000080   Code   RO         4408    i.OS_InitTCBList    os_core.o
    0x08002e9c   0x0000004c   Code   RO         4409    i.OS_InitTaskIdle   os_core.o
    0x08002ee8   0x0000004c   Code   RO         4410    i.OS_InitTaskStat   os_core.o
    0x08002f34   0x00000012   Code   RO         4411    i.OS_MemClr         os_core.o
    0x08002f46   0x00000002   PAD
    0x08002f48   0x00000058   Code   RO         4739    i.OS_MemInit        os_mem.o
    0x08002fa0   0x00000050   Code   RO         4838    i.OS_QInit          os_q.o
    0x08002ff0   0x00000074   Code   RO         4413    i.OS_Sched          os_core.o
    0x08003064   0x0000002c   Code   RO         4414    i.OS_SchedNew       os_core.o
    0x08003090   0x00000144   Code   RO         4416    i.OS_TCBInit        os_core.o
    0x080031d4   0x00000028   Code   RO         4417    i.OS_TaskIdle       os_core.o
    0x080031fc   0x0000008c   Code   RO         4418    i.OS_TaskStat       os_core.o
    0x08003288   0x0000003c   Code   RO         4419    i.OS_TaskStatStkChk  os_core.o
    0x080032c4   0x0000001a   Code   RO         4968    i.OS_TaskStkClr     os_task.o
    0x080032de   0x00000014   Code   RO          858    i.PID_BufInit       pid.o
    0x080032f2   0x00000002   PAD
    0x080032f4   0x000000ac   Code   RO          859    i.PID_Calc          pid.o
    0x080033a0   0x000000b8   Code   RO          829    i.PID_Inc_Calc      pid_inc.o
    0x08003458   0x00000008   Code   RO          860    i.PID_ParaInit      pid.o
    0x08003460   0x0000006c   Code   RO          861    i.PID_Para_Refush   pid.o
    0x080034cc   0x00000016   Code   RO          862    i.PID_Para_Refush_All  pid.o
    0x080034e2   0x00000002   PAD
    0x080034e4   0x0000000c   Code   RO         2945    i.PWR_BackupAccessCmd  stm32f10x_pwr.o
    0x080034f0   0x00000026   Code   RO          568    i.ProcessKey        user.o
    0x08003516   0x00000002   PAD
    0x08003518   0x00000020   Code   RO         1522    i.RCC_APB1PeriphClockCmd  stm32f10x_rcc.o
    0x08003538   0x00000020   Code   RO         1524    i.RCC_APB2PeriphClockCmd  stm32f10x_rcc.o
    0x08003558   0x00000190   Code   RO         1532    i.RCC_GetClocksFreq  stm32f10x_rcc.o
    0x080036e8   0x00000002   Code   RO          440    i.SVC_Handler       stm32f10x_it.o
    0x080036ea   0x00000020   Code   RO          265    i.SendText_UART1    uart.o
    0x0800370a   0x00000008   Code   RO         4230    i.SetSysClock       system_stm32f10x.o
    0x08003712   0x00000002   PAD
    0x08003714   0x00000100   Code   RO         4231    i.SetSysClockTo72   system_stm32f10x.o
    0x08003814   0x00000030   Code   RO          909    i.SoftReset         jump.o
    0x08003844   0x0000017c   Code   RO            1    i.StepMotInit       stepmotor.o
    0x080039c0   0x00000060   Code   RO            2    i.StepMotRun1       stepmotor.o
    0x08003a20   0x00000064   Code   RO            3    i.StepMotRun2       stepmotor.o
    0x08003a84   0x00000068   Code   RO            4    i.StepMotRun3       stepmotor.o
    0x08003aec   0x00000064   Code   RO            5    i.StepMotRun4       stepmotor.o
    0x08003b50   0x00000068   Code   RO            6    i.StepMotRun5       stepmotor.o
    0x08003bb8   0x00000068   Code   RO            7    i.StepMotRun6       stepmotor.o
    0x08003c20   0x0000003c   Code   RO            8    i.StepMotStop1      stepmotor.o
    0x08003c5c   0x0000003c   Code   RO            9    i.StepMotStop2      stepmotor.o
    0x08003c98   0x000002c8   Code   RO           10    i.StepMoterPulseHandler  stepmotor.o
    0x08003f60   0x00000028   Code   RO          441    i.SysTick_Handler   stm32f10x_it.o
    0x08003f88   0x0000006c   Code   RO         4233    i.SystemInit        system_stm32f10x.o
    0x08003ff4   0x00000020   Code   RO          442    i.TIM3_IRQHandler   stm32f10x_it.o
    0x08004014   0x00000006   Code   RO         3445    i.TIM_ClearITPendingBit  stm32f10x_tim.o
    0x0800401a   0x00000018   Code   RO         3450    i.TIM_Cmd           stm32f10x_tim.o
    0x08004032   0x00000022   Code   RO         3471    i.TIM_GetITStatus   stm32f10x_tim.o
    0x08004054   0x00000018   Code   RO         3475    i.TIM_ITConfig      stm32f10x_tim.o
    0x0800406c   0x00000004   Code   RO         3515    i.TIM_SetCounter    stm32f10x_tim.o
    0x08004070   0x000000a4   Code   RO         3521    i.TIM_TimeBaseInit  stm32f10x_tim.o
    0x08004114   0x00000094   Code   RO          574    i.TaskHeat          user.o
    0x080041a8   0x0000000c   Code   RO          575    i.TaskInput1        user.o
    0x080041b4   0x0000004c   Code   RO          576    i.TaskKey           user.o
    0x08004200   0x00000054   Code   RO          577    i.TaskModbus        user.o
    0x08004254   0x00000028   Code   RO          578    i.TaskRecv          user.o
    0x0800427c   0x00000088   Code   RO          579    i.TaskStatus        user.o
    0x08004304   0x000001b0   Code   RO          580    i.TaskStepMotor     user.o
    0x080044b4   0x00000040   Code   RO          581    i.TaskTimePr        user.o
    0x080044f4   0x000000b8   Code   RO          582    i.TaskTs            user.o
    0x080045ac   0x0000007c   Code   RO          583    i.TaskVirPwm        user.o
    0x08004628   0x00000008   Code   RO          445    i.USART1_IRQHandler  stm32f10x_it.o
    0x08004630   0x000000e0   Code   RO         1139    i.USART1_RxTxISRHandler  hd_159.o
    0x08004710   0x00000020   Code   RO         1140    i.USART1_TxIntEn    hd_159.o
    0x08004730   0x00000002   Code   RO          446    i.USART2_IRQHandler  stm32f10x_it.o
    0x08004732   0x0000001e   Code   RO         3983    i.USART_ClearITPendingBit  stm32f10x_usart.o
    0x08004750   0x00000018   Code   RO         3986    i.USART_Cmd         stm32f10x_usart.o
    0x08004768   0x00000054   Code   RO         3990    i.USART_GetITStatus  stm32f10x_usart.o
    0x080047bc   0x0000004a   Code   RO         3992    i.USART_ITConfig    stm32f10x_usart.o
    0x08004806   0x00000002   PAD
    0x08004808   0x000000d8   Code   RO         3993    i.USART_Init        stm32f10x_usart.o
    0x080048e0   0x0000000a   Code   RO         4000    i.USART_ReceiveData  stm32f10x_usart.o
    0x080048ea   0x00000008   Code   RO         4003    i.USART_SendData    stm32f10x_usart.o
    0x080048f2   0x00000002   PAD
    0x080048f4   0x00000038   Code   RO          266    i.Uart1BufInit      uart.o
    0x0800492c   0x000000ac   Code   RO          267    i.Uart1CharSend     uart.o
    0x080049d8   0x00000004   Code   RO          448    i.UsageFault_Handler  stm32f10x_it.o
    0x080049dc   0x00000010   Code   RO          587    i.VirtualPwmOutPin  user.o
    0x080049ec   0x0000001e   Code   RO         5473    i._MakeReadRegRespone  modbusprocess.o
    0x08004a0a   0x00000014   Code   RO         5474    i._MakeWriteRegRespone  modbusprocess.o
    0x08004a1e   0x00000002   PAD
    0x08004a20   0x0000006c   Code   RO         5475    i._ModbusParameterProcess  modbusprocess.o
    0x08004a8c   0x0000001c   Code   RO         5476    i._ModbusReadBit    modbusprocess.o
    0x08004aa8   0x0000001c   Code   RO         5478    i._ModbusWriteBit   modbusprocess.o
    0x08004ac4   0x0000002a   Code   RO         5480    i._PlaceModbusFloat  modbusprocess.o
    0x08004aee   0x00000026   Code   RO         5481    i._SendModbusPark   modbusprocess.o
    0x08004b14   0x0000001a   Code   RO         5482    i._SendStringUartx  modbusprocess.o
    0x08004b2e   0x0000000e   Code   RO         5652    i.__scatterload_copy  mc_w.l(handlers.o)
    0x08004b3c   0x00000002   Code   RO         5653    i.__scatterload_null  mc_w.l(handlers.o)
    0x08004b3e   0x0000000e   Code   RO         5654    i.__scatterload_zeroinit  mc_w.l(handlers.o)
    0x08004b4c   0x00000018   Code   RO          791    i.delay_us          ads8328.o
    0x08004b64   0x00000060   Code   RO          233    i.main              main.o
    0x08004bc4   0x0000001c   Code   RO          534    i.uctsk_Blink       soft.o
    0x08004be0   0x0000003c   Data   RO          864    .constdata          pid.o
    0x08004c1c   0x00000074   Data   RO         4272    .constdata          os_dbg.o
    0x08004c90   0x00000100   Data   RO         4421    .constdata          os_core.o
    0x08004d90   0x00000020   Data   RO         5650    Region$$Table       anon$$obj.o


    Execution Region RW_IRAM1 (Base: 0x20000000, Size: 0x00003ac8, Max: 0x00010000, ABSOLUTE, COMPRESSED[0x00000140])

    Base Addr    Size         Type   Attr      Idx    E Section Name        Object

    0x20000000   0x0000000e   Data   RW          269    .data               uart.o
    0x2000000e   0x00000002   PAD
    0x20000010   0x0000001b   Data   RW          589    .data               user.o
    0x2000002b   0x00000001   PAD
    0x2000002c   0x00000006   Data   RW          910    .data               jump.o
    0x20000032   0x00000014   Data   RW         1560    .data               stm32f10x_rcc.o
    0x20000046   0x00000002   PAD
    0x20000048   0x00000014   Data   RW         4234    .data               system_stm32f10x.o
    0x2000005c   0x00000002   Data   RW         4299    .data               os_cpu_c.o
    0x2000005e   0x00000002   PAD
    0x20000060   0x00000060   Data   RW         4422    .data               os_core.o
    0x200000c0   0x00000004   Data   RW         5422    .data               parameter.o
    0x200000c4   0x00000200   Data   RW         5484    .data               modbusprocess.o
    0x200002c4   0x00000078   Zero   RW           11    .bss                stepmotor.o
    0x2000033c   0x00000108   Zero   RW          234    .bss                main.o
    0x20000444   0x00000224   Zero   RW          268    .bss                uart.o
    0x20000668   0x0000149c   Zero   RW          535    .bss                soft.o
    0x20001b04   0x00000144   Zero   RW          588    .bss                user.o
    0x20001c48   0x00000100   Zero   RW          831    .bss                pid_inc.o
    0x20001d48   0x00000114   Zero   RW          863    .bss                pid.o
    0x20001e5c   0x00001228   Zero   RW         4420    .bss                os_core.o
    0x20003084   0x0000023c   Zero   RW         5421    .bss                parameter.o
    0x200032c0   0x000000fb   Zero   RW         5483    .bss                modbusprocess.o
    0x200033bb   0x00000001   PAD
    0x200033bc   0x00000306   Zero   RW         5567    .bss                modbusrecv.o
    0x200036c2   0x00000006   PAD
    0x200036c8   0x00000400   Zero   RW         4264    STACK               startup_stm32f10x_ld.o


==============================================================================

Image component sizes


      Code (inc. data)   RO Data    RW Data    ZI Data      Debug   Object Name

       520         14          0          0          0       3507   ads8328.o
        32          0          0          0          0        552   core_cm3.o
        42          0          0          0          0        264   cpu_a.o
       840         68          0          0          0       2733   hd_159.o
       362         30          0          6          0      17702   jump.o
       122          0          0          0          0       1965   loopbuf.o
       190         36          0          0        264       1851   main.o
       136         24          0          0          0       1475   misc.o
       668         36          0        512        251       7946   modbusprocess.o
       452         18          0          0        774       2484   modbusrecv.o
        12          0          0          0          0       2273   os_apphooks.o
      2572        414        256         96       4648      22830   os_core.o
       164         32          0          0          0        316   os_cpu_a.o
       360         22          0          2          0      30310   os_cpu_c.o
       348        230        116          0          0       3358   os_dbg.o
        88         14          0          0          0        538   os_flag.o
        88         14          0          0          0        485   os_mem.o
        80          8          0          0          0        507   os_q.o
       426         24          0          0          0       2250   os_sem.o
       874         64          0          0          0       5152   os_task.o
       260         28          0          0          0       1340   os_time.o
       644        132          0          0          0       3487   os_tmr.o
       580        150          0          4        572       2807   parameter.o
       330         20         60          0        276       3478   pid.o
       184         12          0          0        256       1064   pid_inc.o
       880        294          0          0       5276       2148   soft.o
        36          8        236          0       1024        828   startup_stm32f10x_ld.o
      1820        166          0          0        120     296276   stepmotor.o
        52         16          0          0          0       2515   stm32f10x_bkp.o
       290          0          0          0          0       3469   stm32f10x_gpio.o
       104         12          0          0          0       4107   stm32f10x_it.o
        12          6          0          0          0        486   stm32f10x_pwr.o
       464         38          0         20          0       5090   stm32f10x_rcc.o
       256         42          0          0          0       3947   stm32f10x_tim.o
       446          6          0          0          0       5985   stm32f10x_usart.o
       372         32          0         20          0       1893   system_stm32f10x.o
       260         34          0         14        548       2241   uart.o
      2018        204          0         27        324      10520   user.o

    ----------------------------------------------------------------------
     17420       2248        700        708      14340     460179   Object Totals
         0          0         32          0          0          0   (incl. Generated)
        36          0          0          7          7          0   (incl. Padding)

    ----------------------------------------------------------------------

      Code (inc. data)   RO Data    RW Data    ZI Data      Debug   Library Member Name

        92          0          0          0          0          0   __dczerorl2.o
         0          0          0          0          0          0   entry.o
         8          4          0          0          0          0   entry2.o
         4          0          0          0          0          0   entry5.o
         0          0          0          0          0          0   entry7b.o
         8          4          0          0          0          0   entry8.o
        30          0          0          0          0          0   handlers.o
        36          8          0          0          0         68   init.o
         0          0          0          0          0          0   iusefp.o
        30          0          0          0          0         68   llshl.o
        36          0          0          0          0         68   llsshr.o
        32          0          0          0          0         68   llushr.o
        20          0          0          0          0         68   cfcmple.o
        20          0          0          0          0         68   cfrcmple.o
        56          0          0          0          0         88   d2f.o
       332          0          0          0          0        148   dadd.o
       190          0          0          0          0        176   depilogue.o
        26          0          0          0          0         76   dfltui.o
       224          0          0          0          0         96   dmul.o
        44          0          0          0          0         68   f2d.o
       176          0          0          0          0        140   fadd.o
       128          0          0          0          0         88   fdiv.o
       108          0          0          0          0        168   fepilogue.o
        50          0          0          0          0         68   ffixi.o
        10          0          0          0          0         68   ffltui.o
       108          0          0          0          0         76   fmul.o

    ----------------------------------------------------------------------
      1768         16          0          0          0       1668   Library Totals
         0          0          0          0          0          0   (incl. Padding)

    ----------------------------------------------------------------------

      Code (inc. data)   RO Data    RW Data    ZI Data      Debug   Library Name

       276         16          0          0          0        272   mc_w.l
      1492          0          0          0          0       1396   mf_w.l

    ----------------------------------------------------------------------
      1768         16          0          0          0       1668   Library Totals

    ----------------------------------------------------------------------

==============================================================================


      Code (inc. data)   RO Data    RW Data    ZI Data      Debug   

     19188       2264        700        708      14340     451707   Grand Totals
     19188       2264        700        320      14340     451707   ELF Image Totals (compressed)
     19188       2264        700        320          0          0   ROM Totals

==============================================================================

    Total RO  Size (Code + RO Data)                19888 (  19.42kB)
    Total RW  Size (RW Data + ZI Data)             15048 (  14.70kB)
    Total ROM Size (Code + RO Data + RW Data)      20208 (  19.73kB)

==============================================================================

