ARM Linker, RVCT4.0 [Build 524] for uVision [Standard]

==============================================================================

Section Cross References

    stepmotor.o(i.StepMotInit) refers to stm32f10x_gpio.o(i.GPIO_ResetBits) for GPIO_ResetBits
    stepmotor.o(i.StepMotInit) refers to hd_159.o(i.Init_Tim3) for Init_Tim3
    stepmotor.o(i.StepMotInit) refers to stepmotor.o(.bss) for StepMot1
    stepmotor.o(i.StepMotRun1) refers to stm32f10x_gpio.o(i.GPIO_ResetBits) for GPIO_ResetBits
    stepmotor.o(i.StepMotRun1) refers to stm32f10x_gpio.o(i.GPIO_SetBits) for GPIO_SetBits
    stepmotor.o(i.StepMotRun1) refers to stepmotor.o(.bss) for StepMot1
    stepmotor.o(i.StepMotRun2) refers to stm32f10x_gpio.o(i.GPIO_ResetBits) for GPIO_ResetBits
    stepmotor.o(i.StepMotRun2) refers to stm32f10x_gpio.o(i.GPIO_SetBits) for GPIO_SetBits
    stepmotor.o(i.StepMotRun2) refers to stepmotor.o(.bss) for StepMot2
    stepmotor.o(i.StepMotRun3) refers to stm32f10x_gpio.o(i.GPIO_ResetBits) for GPIO_ResetBits
    stepmotor.o(i.StepMotRun3) refers to stm32f10x_gpio.o(i.GPIO_SetBits) for GPIO_SetBits
    stepmotor.o(i.StepMotRun3) refers to stepmotor.o(.bss) for StepMot3
    stepmotor.o(i.StepMotRun4) refers to stm32f10x_gpio.o(i.GPIO_ResetBits) for GPIO_ResetBits
    stepmotor.o(i.StepMotRun4) refers to stm32f10x_gpio.o(i.GPIO_SetBits) for GPIO_SetBits
    stepmotor.o(i.StepMotRun4) refers to stepmotor.o(.bss) for StepMot4
    stepmotor.o(i.StepMotRun5) refers to stm32f10x_gpio.o(i.GPIO_ResetBits) for GPIO_ResetBits
    stepmotor.o(i.StepMotRun5) refers to stm32f10x_gpio.o(i.GPIO_SetBits) for GPIO_SetBits
    stepmotor.o(i.StepMotRun5) refers to stepmotor.o(.bss) for StepMot5
    stepmotor.o(i.StepMotRun6) refers to stm32f10x_gpio.o(i.GPIO_ResetBits) for GPIO_ResetBits
    stepmotor.o(i.StepMotRun6) refers to stm32f10x_gpio.o(i.GPIO_SetBits) for GPIO_SetBits
    stepmotor.o(i.StepMotRun6) refers to stepmotor.o(.bss) for StepMot6
    stepmotor.o(i.StepMotStop1) refers to stm32f10x_gpio.o(i.GPIO_ResetBits) for GPIO_ResetBits
    stepmotor.o(i.StepMotStop1) refers to stepmotor.o(.bss) for StepMot1
    stepmotor.o(i.StepMotStop2) refers to stm32f10x_gpio.o(i.GPIO_ResetBits) for GPIO_ResetBits
    stepmotor.o(i.StepMotStop2) refers to stepmotor.o(.bss) for StepMot2
    stepmotor.o(i.StepMoterPulseHandler) refers to stm32f10x_gpio.o(i.GPIO_SetBits) for GPIO_SetBits
    stepmotor.o(i.StepMoterPulseHandler) refers to stm32f10x_gpio.o(i.GPIO_ResetBits) for GPIO_ResetBits
    stepmotor.o(i.StepMoterPulseHandler) refers to stepmotor.o(.bss) for StepMot1
    main.o(i.App_TaskCreate) refers to soft.o(i.App_BlinkTaskCreate) for App_BlinkTaskCreate
    main.o(i.App_TaskStart) refers to misc.o(i.NVIC_PriorityGroupConfig) for NVIC_PriorityGroupConfig
    main.o(i.App_TaskStart) refers to main.o(i.GPIO_Configuration) for GPIO_Configuration
    main.o(i.App_TaskStart) refers to hd_159.o(i.InitGpio) for InitGpio
    main.o(i.App_TaskStart) refers to os_cpu_c.o(i.OS_CPU_SysTickInit) for OS_CPU_SysTickInit
    main.o(i.App_TaskStart) refers to hd_159.o(i.InitUSART1) for InitUSART1
    main.o(i.App_TaskStart) refers to uart.o(i.SendText_UART1) for SendText_UART1
    main.o(i.App_TaskStart) refers to os_core.o(i.OSStatInit) for OSStatInit
    main.o(i.App_TaskStart) refers to main.o(i.App_TaskCreate) for App_TaskCreate
    main.o(i.App_TaskStart) refers to os_time.o(i.OSTimeDlyHMSM) for OSTimeDlyHMSM
    main.o(i.main) refers to jump.o(i.IspMarkLoad) for IspMarkLoad
    main.o(i.main) refers to cpu_a.o(.text) for CPU_IntDis
    main.o(i.main) refers to os_core.o(i.OSInit) for OSInit
    main.o(i.main) refers to os_task.o(i.OSTaskCreateExt) for OSTaskCreateExt
    main.o(i.main) refers to os_task.o(i.OSTaskNameSet) for OSTaskNameSet
    main.o(i.main) refers to os_core.o(i.OSStart) for OSStart
    main.o(i.main) refers to main.o(.bss) for .bss
    main.o(i.main) refers to main.o(i.App_TaskStart) for App_TaskStart
    uart.o(i.GetOneFromUart1) refers to os_cpu_a.o(.text) for OS_CPU_SR_Save
    uart.o(i.GetOneFromUart1) refers to loopbuf.o(i.GetLoopbuf) for GetLoopbuf
    uart.o(i.GetOneFromUart1) refers to uart.o(.data) for Uart1RecvStruct
    uart.o(i.GetOneFromUart1) refers to uart.o(.bss) for Uart1RecvBuf
    uart.o(i.SendString_UART1) refers to uart.o(i.Uart1CharSend) for Uart1CharSend
    uart.o(i.SendText_UART1) refers to uart.o(i.Uart1CharSend) for Uart1CharSend
    uart.o(i.Uart1BufInit) refers to os_cpu_a.o(.text) for OS_CPU_SR_Save
    uart.o(i.Uart1BufInit) refers to loopbuf.o(i.ClearLoopBuf) for ClearLoopBuf
    uart.o(i.Uart1BufInit) refers to uart.o(.data) for Uart1Sending
    uart.o(i.Uart1CharSend) refers to os_time.o(i.OSTimeDly) for OSTimeDly
    uart.o(i.Uart1CharSend) refers to os_cpu_a.o(.text) for OS_CPU_SR_Save
    uart.o(i.Uart1CharSend) refers to loopbuf.o(i.AddLoopBuf) for AddLoopBuf
    uart.o(i.Uart1CharSend) refers to loopbuf.o(i.GetLoopbuf) for GetLoopbuf
[...]
    i.ModbusInit                             0x08001a90   Section       44  modbusrecv.o(i.ModbusInit)
    i.ModbusReadWord                         0x08001abc   Section       88  modbusprocess.o(i.ModbusReadWord)
    i.ModbusRecvProcess                      0x08001b14   Section      112  modbusprocess.o(i.ModbusRecvProcess)
    i.ModbusRxISRHandler                     0x08001b84   Section      148  modbusrecv.o(i.ModbusRxISRHandler)
    i.ModbusTimeHandler                      0x08001c18   Section      140  modbusrecv.o(i.ModbusTimeHandler)
    i.ModbusWriteWord                        0x08001ca4   Section       92  modbusprocess.o(i.ModbusWriteWord)
    i.MotorsRun                              0x08001d00   Section       72  user.o(i.MotorsRun)
    i.MotorsToPosition                       0x08001d48   Section      160  user.o(i.MotorsToPosition)
    i.MyTASK                                 0x08001de8   Section       30  soft.o(i.MyTASK)
    MyTASK                                   0x08001de9   Thumb Code    30  soft.o(i.MyTASK)
    i.NMI_Handler                            0x08001e06   Section        2  stm32f10x_it.o(i.NMI_Handler)
    i.NVIC_Init                              0x08001e08   Section      116  misc.o(i.NVIC_Init)
    i.NVIC_PriorityGroupConfig               0x08001e7c   Section       20  misc.o(i.NVIC_PriorityGroupConfig)
    i.OSDebugInit                            0x08001e90   Section      348  os_dbg.o(i.OSDebugInit)
    i.OSEventNameSet                         0x08001fec   Section      104  os_core.o(i.OSEventNameSet)
    i.OSInit                                 0x08002054   Section       56  os_core.o(i.OSInit)
    i.OSInitHookBegin                        0x0800208c   Section       12  os_cpu_c.o(i.OSInitHookBegin)
    i.OSInitHookEnd                          0x08002098   Section        2  os_cpu_c.o(i.OSInitHookEnd)
    i.OSIntExit                              0x0800209c   Section      144  os_core.o(i.OSIntExit)
    i.OSSchedLock                            0x0800212c   Section       64  os_core.o(i.OSSchedLock)
    i.OSSchedUnlock                          0x0800216c   Section       96  os_core.o(i.OSSchedUnlock)
    i.OSSemCreate                            0x080021cc   Section       84  os_sem.o(i.OSSemCreate)
    i.OSSemPend                              0x08002220   Section      248  os_sem.o(i.OSSemPend)
    i.OSSemPost                              0x08002318   Section       94  os_sem.o(i.OSSemPost)
    i.OSStart                                0x08002378   Section       72  os_core.o(i.OSStart)
    i.OSStatInit                             0x080023c0   Section       76  os_core.o(i.OSStatInit)
    i.OSTCBInitHook                          0x0800240c   Section       12  os_cpu_c.o(i.OSTCBInitHook)
    i.OSTaskCreate                           0x08002418   Section      168  os_task.o(i.OSTaskCreate)
    i.OSTaskCreateExt                        0x080024c0   Section      196  os_task.o(i.OSTaskCreateExt)
    i.OSTaskCreateHook                       0x08002584   Section       12  os_cpu_c.o(i.OSTaskCreateHook)
    i.OSTaskIdleHook                         0x08002590   Section        8  os_cpu_c.o(i.OSTaskIdleHook)
    i.OSTaskNameSet                          0x08002598   Section      132  os_task.o(i.OSTaskNameSet)
    i.OSTaskStatHook                         0x0800261c   Section        8  os_cpu_c.o(i.OSTaskStatHook)
    i.OSTaskStkChk                           0x08002624   Section      160  os_task.o(i.OSTaskStkChk)
    i.OSTaskStkInit                          0x080026c4   Section      154  os_cpu_c.o(i.OSTaskStkInit)
    i.OSTaskSuspend                          0x08002760   Section      196  os_task.o(i.OSTaskSuspend)
    i.OSTaskSwHook                           0x08002824   Section        8  os_cpu_c.o(i.OSTaskSwHook)
    i.OSTimeDly                              0x0800282c   Section      128  os_time.o(i.OSTimeDly)
    i.OSTimeDlyHMSM                          0x080028ac   Section      132  os_time.o(i.OSTimeDlyHMSM)
    i.OSTimeTick                             0x08002930   Section      232  os_core.o(i.OSTimeTick)
    i.OSTimeTickHook                         0x08002a18   Section       40  os_cpu_c.o(i.OSTimeTickHook)
    i.OSTmrSignal                            0x08002a40   Section       20  os_tmr.o(i.OSTmrSignal)
    i.OSTmr_Init                             0x08002a54   Section      244  os_tmr.o(i.OSTmr_Init)
    i.OSTmr_InitTask                         0x08002b48   Section       80  os_tmr.o(i.OSTmr_InitTask)
    OSTmr_InitTask                           0x08002b49   Thumb Code    54  os_tmr.o(i.OSTmr_InitTask)
    i.OSTmr_Link                             0x08002b98   Section      108  os_tmr.o(i.OSTmr_Link)
    OSTmr_Link                               0x08002b99   Thumb Code    98  os_tmr.o(i.OSTmr_Link)
    i.OSTmr_Task                             0x08002c04   Section      132  os_tmr.o(i.OSTmr_Task)
    OSTmr_Task                               0x08002c05   Thumb Code   118  os_tmr.o(i.OSTmr_Task)
    i.OSTmr_Unlink                           0x08002c88   Section       68  os_tmr.o(i.OSTmr_Unlink)
    OSTmr_Unlink                             0x08002c89   Thumb Code    62  os_tmr.o(i.OSTmr_Unlink)
    i.OS_CPU_SysTickInit                     0x08002ccc   Section      100  os_cpu_c.o(i.OS_CPU_SysTickInit)
    i.OS_EventTaskRdy                        0x08002d30   Section      168  os_core.o(i.OS_EventTaskRdy)
    i.OS_EventTaskRemove                     0x08002dd8   Section       48  os_core.o(i.OS_EventTaskRemove)
    i.OS_EventTaskRemoveMulti                0x08002e08   Section       78  os_core.o(i.OS_EventTaskRemoveMulti)
    i.OS_EventTaskWait                       0x08002e58   Section      132  os_core.o(i.OS_EventTaskWait)
    i.OS_EventWaitListInit                   0x08002edc   Section       26  os_core.o(i.OS_EventWaitListInit)
    i.OS_FlagInit                            0x08002ef8   Section       88  os_flag.o(i.OS_FlagInit)
    i.OS_InitEventList                       0x08002f50   Section       96  os_core.o(i.OS_InitEventList)
    OS_InitEventList                         0x08002f51   Thumb Code    84  os_core.o(i.OS_InitEventList)
    i.OS_InitMisc                            0x08002fb0   Section       84  os_core.o(i.OS_InitMisc)
    OS_InitMisc                              0x08002fb1   Thumb Code    44  os_core.o(i.OS_InitMisc)
    i.OS_InitRdyList                         0x08003004   Section       68  os_core.o(i.OS_InitRdyList)
    OS_InitRdyList                           0x08003005   Thumb Code    44  os_core.o(i.OS_InitRdyList)
    i.OS_InitTCBList                         0x08003048   Section      128  os_core.o(i.OS_InitTCBList)
    OS_InitTCBList                           0x08003049   Thumb Code   106  os_core.o(i.OS_InitTCBList)
    i.OS_InitTaskIdle                        0x080030c8   Section       80  os_core.o(i.OS_InitTaskIdle)
    OS_InitTaskIdle                          0x080030c9   Thumb Code    54  os_core.o(i.OS_InitTaskIdle)
    i.OS_InitTaskStat                        0x08003118   Section       80  os_core.o(i.OS_InitTaskStat)
    OS_InitTaskStat                          0x08003119   Thumb Code    54  os_core.o(i.OS_InitTaskStat)
    i.OS_MemClr                              0x08003168   Section       18  os_core.o(i.OS_MemClr)
    i.OS_MemInit                             0x0800317c   Section       88  os_mem.o(i.OS_MemInit)
    i.OS_QInit                               0x080031d4   Section       80  os_q.o(i.OS_QInit)
    i.OS_Sched                               0x08003224   Section      116  os_core.o(i.OS_Sched)
    i.OS_SchedNew                            0x08003298   Section       44  os_core.o(i.OS_SchedNew)
    OS_SchedNew                              0x08003299   Thumb Code    26  os_core.o(i.OS_SchedNew)
    i.OS_TCBInit                             0x080032c4   Section      376  os_core.o(i.OS_TCBInit)
    i.OS_TaskIdle                            0x0800343c   Section       40  os_core.o(i.OS_TaskIdle)
    i.OS_TaskStat                            0x08003464   Section      140  os_core.o(i.OS_TaskStat)
    i.OS_TaskStatStkChk                      0x080034f0   Section       60  os_core.o(i.OS_TaskStatStkChk)
    i.OS_TaskStkClr                          0x0800352c   Section       26  os_task.o(i.OS_TaskStkClr)
    i.PID_BufInit                            0x08003546   Section       20  pid.o(i.PID_BufInit)
    i.PID_Calc                               0x0800355c   Section      368  pid.o(i.PID_Calc)
    i.PID_ParaInit                           0x080036cc   Section       84  pid.o(i.PID_ParaInit)
    i.PWR_BackupAccessCmd                    0x08003720   Section       12  stm32f10x_pwr.o(i.PWR_BackupAccessCmd)
    i.RCC_APB1PeriphClockCmd                 0x0800372c   Section       32  stm32f10x_rcc.o(i.RCC_APB1PeriphClockCmd)
    i.RCC_APB2PeriphClockCmd                 0x0800374c   Section       32  stm32f10x_rcc.o(i.RCC_APB2PeriphClockCmd)
    i.RCC_GetClocksFreq                      0x0800376c   Section      396  stm32f10x_rcc.o(i.RCC_GetClocksFreq)
    i.RcvByte                                0x080038f8   Section      112  at24c1024.o(i.RcvByte)
    i.ReSetPositionOriginal                  0x08003968   Section      136  user.o(i.ReSetPositionOriginal)
    i.ReadByteEE                             0x080039f0   Section       28  at24c1024.o(i.ReadByteEE)
    i.SVC_Handler                            0x08003a0c   Section        2  stm32f10x_it.o(i.SVC_Handler)
    i.SendAck                                0x08003a10   Section       68  at24c1024.o(i.SendAck)
    i.SendByte                               0x08003a54   Section      168  at24c1024.o(i.SendByte)
    i.SendText_UART1                         0x08003afc   Section       32  uart.o(i.SendText_UART1)
    i.SetSysClock                            0x08003b1c   Section        8  system_stm32f10x.o(i.SetSysClock)
    SetSysClock                              0x08003b1d   Thumb Code     8  system_stm32f10x.o(i.SetSysClock)
    i.SetSysClockTo72                        0x08003b24   Section      256  system_stm32f10x.o(i.SetSysClockTo72)
    SetSysClockTo72                          0x08003b25   Thumb Code   240  system_stm32f10x.o(i.SetSysClockTo72)
    i.SoftReset                              0x08003c24   Section       52  jump.o(i.SoftReset)
    i.Start                                  0x08003c58   Section       80  at24c1024.o(i.Start)
    i.StepMotInit                            0x08003ca8   Section      380  stepmotor.o(i.StepMotInit)
    i.StepMotRun1                            0x08003e24   Section       96  stepmotor.o(i.StepMotRun1)
    i.StepMotRun2                            0x08003e84   Section      100  stepmotor.o(i.StepMotRun2)
    i.StepMotRun3                            0x08003ee8   Section      104  stepmotor.o(i.StepMotRun3)
    i.StepMotRun4                            0x08003f50   Section      100  stepmotor.o(i.StepMotRun4)
    i.StepMotRun5                            0x08003fb4   Section      104  stepmotor.o(i.StepMotRun5)
    i.StepMotRun6                            0x0800401c   Section      104  stepmotor.o(i.StepMotRun6)
    i.StepMoterPulseHandler                  0x08004084   Section      732  stepmotor.o(i.StepMoterPulseHandler)
    i.Stop                                   0x08004360   Section       60  at24c1024.o(i.Stop)
    i.SysTick_Handler                        0x0800439c   Section       40  stm32f10x_it.o(i.SysTick_Handler)
    i.SystemInit                             0x080043c4   Section      108  system_stm32f10x.o(i.SystemInit)
    i.TIM3_IRQHandler                        0x08004430   Section       32  stm32f10x_it.o(i.TIM3_IRQHandler)
    i.TIM_ClearITPendingBit                  0x08004450   Section        6  stm32f10x_tim.o(i.TIM_ClearITPendingBit)
    i.TIM_Cmd                                0x08004456   Section       24  stm32f10x_tim.o(i.TIM_Cmd)
    i.TIM_GetITStatus                        0x0800446e   Section       34  stm32f10x_tim.o(i.TIM_GetITStatus)
    i.TIM_ITConfig                           0x08004490   Section       24  stm32f10x_tim.o(i.TIM_ITConfig)
    i.TIM_SetCounter                         0x080044a8   Section        4  stm32f10x_tim.o(i.TIM_SetCounter)
    i.TIM_TimeBaseInit                       0x080044ac   Section      164  stm32f10x_tim.o(i.TIM_TimeBaseInit)
    i.TaskHeat                               0x08004550   Section      176  user.o(i.TaskHeat)
    i.TaskInput1                             0x08004600   Section       14  user.o(i.TaskInput1)
    i.TaskModbus                             0x08004610   Section      104  user.o(i.TaskModbus)
    i.TaskRecv                               0x08004678   Section       20  user.o(i.TaskRecv)
    i.TaskStatus                             0x0800468c   Section      140  user.o(i.TaskStatus)
    i.TaskStepMotor                          0x08004718   Section      684  user.o(i.TaskStepMotor)
    i.TaskSyncUp                             0x080049c4   Section      280  user.o(i.TaskSyncUp)
    i.TaskTimePr                             0x08004adc   Section       80  user.o(i.TaskTimePr)
    i.TaskTs                                 0x08004b2c   Section      264  user.o(i.TaskTs)
    i.TaskVirPwm                             0x08004c34   Section      124  user.o(i.TaskVirPwm)
    i.USART1_IRQHandler                      0x08004cb0   Section        8  stm32f10x_it.o(i.USART1_IRQHandler)
    i.USART1_RxTxISRHandler                  0x08004cb8   Section      224  hd_159.o(i.USART1_RxTxISRHandler)
    i.USART1_TxIntEn                         0x08004d98   Section       32  hd_159.o(i.USART1_TxIntEn)
    i.USART2_IRQHandler                      0x08004db8   Section        2  stm32f10x_it.o(i.USART2_IRQHandler)
    i.USART_ClearITPendingBit                0x08004dba   Section       30  stm32f10x_usart.o(i.USART_ClearITPendingBit)
    i.USART_Cmd                              0x08004dd8   Section       24  stm32f10x_usart.o(i.USART_Cmd)
    i.USART_GetITStatus                      0x08004df0   Section       84  stm32f10x_usart.o(i.USART_GetITStatus)
    i.USART_ITConfig                         0x08004e44   Section       72  stm32f10x_usart.o(i.USART_ITConfig)
    i.USART_Init                             0x08004e8c   Section      216  stm32f10x_usart.o(i.USART_Init)
    i.USART_ReceiveData                      0x08004f64   Section       10  stm32f10x_usart.o(i.USART_ReceiveData)
    i.USART_SendData                         0x08004f6e   Section        8  stm32f10x_usart.o(i.USART_SendData)
    i.Uart1BufInit                           0x08004f78   Section       56  uart.o(i.Uart1BufInit)
    i.Uart1CharSend                          0x08004fb0   Section      176  uart.o(i.Uart1CharSend)
    i.UsageFault_Handler                     0x08005060   Section        4  stm32f10x_it.o(i.UsageFault_Handler)
    i.VirtualPwmOutPin                       0x08005064   Section      168  user.o(i.VirtualPwmOutPin)
    i._GetParamCheck                         0x0800510c   Section       26  parameter.o(i._GetParamCheck)
    i._MakeReadRegRespone                    0x08005126   Section       30  modbusprocess.o(i._MakeReadRegRespone)
    i._MakeWriteRegRespone                   0x08005144   Section       20  modbusprocess.o(i._MakeWriteRegRespone)
    i._ModbusParameterProcess                0x08005158   Section      108  modbusprocess.o(i._ModbusParameterProcess)
    i._ModbusReadBit                         0x080051c4   Section       28  modbusprocess.o(i._ModbusReadBit)
    i._ModbusWriteBit                        0x080051e0   Section       28  modbusprocess.o(i._ModbusWriteBit)
    i._Param_SwapMemery                      0x080051fc   Section        6  parameter.o(i._Param_SwapMemery)
    i._PlaceModbusFloat                      0x08005202   Section       40  modbusprocess.o(i._PlaceModbusFloat)
    i._SendModbusPark                        0x0800522a   Section       38  modbusprocess.o(i._SendModbusPark)
    i._SendStringUartx                       0x08005250   Section       26  modbusprocess.o(i._SendStringUartx)
    i.__scatterload_copy                     0x0800526a   Section       14  handlers.o(i.__scatterload_copy)
    i.__scatterload_null                     0x08005278   Section        2  handlers.o(i.__scatterload_null)
    i.__scatterload_zeroinit                 0x0800527a   Section       14  handlers.o(i.__scatterload_zeroinit)
    i.delay_us                               0x08005288   Section       24  ads8328.o(i.delay_us)
    i.i2RcvChar                              0x080052a0   Section      128  at24c1024.o(i.i2RcvChar)
    i.main                                   0x08005320   Section       96  main.o(i.main)
    i.nop_                                   0x08005380   Section       16  at24c1024.o(i.nop_)
    i.uctsk_Blink                            0x08005390   Section       30  soft.o(i.uctsk_Blink)
    uctsk_Blink                              0x08005391   Thumb Code    30  soft.o(i.uctsk_Blink)
    .constdata                               0x080053b0   Section      116  os_dbg.o(.constdata)
    .constdata                               0x08005424   Section      256  os_core.o(.constdata)
    .data                                    0x20000000   Section        4  stepmotor.o(.data)
    .data                                    0x20000004   Section       14  uart.o(.data)
    .data                                    0x20000014   Section       27  user.o(.data)
    old1                                     0x20000016   Data           1  user.o(.data)
    old2                                     0x20000017   Data           1  user.o(.data)
    old3                                     0x20000018   Data           1  user.o(.data)
    old4                                     0x20000019   Data           1  user.o(.data)
    old5                                     0x2000001a   Data           1  user.o(.data)
    .data                                    0x20000030   Section        6  jump.o(.data)
    .data                                    0x20000036   Section        1  at24c1024.o(.data)
    .data                                    0x20000037   Section       20  stm32f10x_rcc.o(.data)
    APBAHBPrescTable                         0x20000037   Data          16  stm32f10x_rcc.o(.data)
    ADCPrescTable                            0x20000047   Data           4  stm32f10x_rcc.o(.data)
    .data                                    0x2000004c   Section       20  system_stm32f10x.o(.data)
    .data                                    0x20000060   Section        2  os_cpu_c.o(.data)
    OSTmrCtr                                 0x20000060   Data           2  os_cpu_c.o(.data)
    .data                                    0x20000064   Section       96  os_core.o(.data)
    .data                                    0x200000c4   Section        6  parameter.o(.data)
    .data                                    0x200000ca   Section      512  modbusprocess.o(.data)
    auchCRCHi                                0x200000ca   Data         256  modbusprocess.o(.data)
    auchCRCLo                                0x200001ca   Data         256  modbusprocess.o(.data)
    .bss                                     0x200002cc   Section      120  stepmotor.o(.bss)
    .bss                                     0x20000344   Section      264  main.o(.bss)
    App_TaskStartStk                         0x20000344   Data         264  main.o(.bss)
    .bss                                     0x2000044c   Section      548  uart.o(.bss)
    .bss                                     0x20000670   Section     5276  soft.o(.bss)
    App_TaskBlinkStk                         0x20000670   Data         520  soft.o(.bss)
    MyTASKStk                                0x20000878   Data         264  soft.o(.bss)
    TaskRecvStk                              0x20000980   Data         312  soft.o(.bss)
    TaskTsStk                                0x20000ab8   Data         808  soft.o(.bss)
    TaskInput1Stk                            0x20000de0   Data         264  soft.o(.bss)
    TaskSyncUpStk                            0x20000ee8   Data         312  soft.o(.bss)
    TaskVirPwmStk                            0x20001020   Data         312  soft.o(.bss)
    TaskModbusStk                            0x20001158   Data         628  soft.o(.bss)
    TaskStepMotorStk                         0x200013cc   Data         664  soft.o(.bss)
    TaskTimePrStk                            0x20001664   Data         360  soft.o(.bss)
    TaskHeatStk                              0x200017cc   Data         488  soft.o(.bss)
    TaskStatusStk                            0x200019b4   Data         344  soft.o(.bss)
    .bss                                     0x20001b0c   Section      356  user.o(.bss)
    .bss                                     0x20001c70   Section      512  pid.o(.bss)
    .bss                                     0x20001e70   Section     4648  os_core.o(.bss)
    .bss                                     0x20003098   Section      764  parameter.o(.bss)
    .bss                                     0x20003394   Section      251  modbusprocess.o(.bss)
    .bss                                     0x20003490   Section      774  modbusrecv.o(.bss)
    STACK                                    0x20003798   Section     1024  startup_stm32f10x_ld.o(STACK)

    Global Symbols

    Symbol Name                              Value     Ov Type        Size  Object(Section)

    BuildAttributes$$THM_ISAv4$P$D$K$B$S$PE$A:L22UL41UL21$X:L11$S22US41US21$IEEE1$IW$USESV6$~STKCKD$USESV7$~SHL$OSPACE$ROPI$EBA8$MICROLIB$REQ8$PRES8$EABIv2 0x00000000   Number         0  anon$$obj.o ABSOLUTE
    __ARM_use_no_argv                        0x00000000   Number         0  main.o ABSOLUTE
    __Vectors_Size                           0x000000ec   Number         0  startup_stm32f10x_ld.o ABSOLUTE
    __Vectors                                0x08000000   Data           4  startup_stm32f10x_ld.o(RESET)
    __Vectors_End                            0x080000ec   Data           0  startup_stm32f10x_ld.o(RESET)
    __main                                   0x080000ed   Thumb Code     0  entry.o(.ARM.Collect$$$$00000000)
    _main_stk                                0x080000ed   Thumb Code     0  entry2.o(.ARM.Collect$$$$00000001)
    _main_scatterload                        0x080000f1   Thumb Code     0  entry5.o(.ARM.Collect$$$$00000004)
    __main_after_scatterload                 0x080000f5   Thumb Code     0  entry5.o(.ARM.Collect$$$$00000004)
    _main_init                               0x080000f5   Thumb Code     0  entry7.o(.ARM.Collect$$$$00000007)
    __get_PSP                                0x08000101   Thumb Code     6  core_cm3.o(.emb_text)
    __set_PSP                                0x08000107   Thumb Code     6  core_cm3.o(.emb_text)
    __get_MSP                                0x0800010d   Thumb Code     6  core_cm3.o(.emb_text)
    __set_MSP                                0x08000113   Thumb Code     6  core_cm3.o(.emb_text)
    __REV16                                  0x08000119   Thumb Code     4  core_cm3.o(.emb_text)
    __REVSH                                  0x0800011d   Thumb Code     4  core_cm3.o(.emb_text)
    Reset_Handler                            0x08000121   Thumb Code     8  startup_stm32f10x_ld.o(.text)
    ADC1_2_IRQHandler                        0x0800013b   Thumb Code     0  startup_stm32f10x_ld.o(.text)
    CAN1_RX1_IRQHandler                      0x0800013b   Thumb Code     0  startup_stm32f10x_ld.o(.text)
    CAN1_SCE_IRQHandler                      0x0800013b   Thumb Code     0  startup_stm32f10x_ld.o(.text)
    DMA1_Channel1_IRQHandler                 0x0800013b   Thumb Code     0  startup_stm32f10x_ld.o(.text)
    DMA1_Channel2_IRQHandler                 0x0800013b   Thumb Code     0  startup_stm32f10x_ld.o(.text)
    DMA1_Channel3_IRQHandler                 0x0800013b   Thumb Code     0  startup_stm32f10x_ld.o(.text)
    DMA1_Channel4_IRQHandler                 0x0800013b   Thumb Code     0  startup_stm32f10x_ld.o(.text)
    DMA1_Channel5_IRQHandler                 0x0800013b   Thumb Code     0  startup_stm32f10x_ld.o(.text)
    DMA1_Channel6_IRQHandler                 0x0800013b   Thumb Code     0  startup_stm32f10x_ld.o(.text)
    DMA1_Channel7_IRQHandler                 0x0800013b   Thumb Code     0  startup_stm32f10x_ld.o(.text)
    EXTI0_IRQHandler                         0x0800013b   Thumb Code     0  startup_stm32f10x_ld.o(.text)
    EXTI15_10_IRQHandler                     0x0800013b   Thumb Code     0  startup_stm32f10x_ld.o(.text)
    EXTI1_IRQHandler                         0x0800013b   Thumb Code     0  startup_stm32f10x_ld.o(.text)
    EXTI2_IRQHandler                         0x0800013b   Thumb Code     0  startup_stm32f10x_ld.o(.text)
    EXTI3_IRQHandler                         0x0800013b   Thumb Code     0  startup_stm32f10x_ld.o(.text)
    EXTI4_IRQHandler                         0x0800013b   Thumb Code     0  startup_stm32f10x_ld.o(.text)
    EXTI9_5_IRQHandler                       0x0800013b   Thumb Code     0  startup_stm32f10x_ld.o(.text)
    FLASH_IRQHandler                         0x0800013b   Thumb Code     0  startup_stm32f10x_ld.o(.text)
    I2C1_ER_IRQHandler                       0x0800013b   Thumb Code     0  startup_stm32f10x_ld.o(.text)
    I2C1_EV_IRQHandler                       0x0800013b   Thumb Code     0  startup_stm32f10x_ld.o(.text)
    PVD_IRQHandler                           0x0800013b   Thumb Code     0  startup_stm32f10x_ld.o(.text)
    RCC_IRQHandler                           0x0800013b   Thumb Code     0  startup_stm32f10x_ld.o(.text)
    RTCAlarm_IRQHandler                      0x0800013b   Thumb Code     0  startup_stm32f10x_ld.o(.text)
    RTC_IRQHandler                           0x0800013b   Thumb Code     0  startup_stm32f10x_ld.o(.text)
    SPI1_IRQHandler                          0x0800013b   Thumb Code     0  startup_stm32f10x_ld.o(.text)
    TAMPER_IRQHandler                        0x0800013b   Thumb Code     0  startup_stm32f10x_ld.o(.text)
    TIM1_BRK_IRQHandler                      0x0800013b   Thumb Code     0  startup_stm32f10x_ld.o(.text)
    TIM1_CC_IRQHandler                       0x0800013b   Thumb Code     0  startup_stm32f10x_ld.o(.text)
    TIM1_TRG_COM_IRQHandler                  0x0800013b   Thumb Code     0  startup_stm32f10x_ld.o(.text)
    TIM1_UP_IRQHandler                       0x0800013b   Thumb Code     0  startup_stm32f10x_ld.o(.text)
    TIM2_IRQHandler                          0x0800013b   Thumb Code     0  startup_stm32f10x_ld.o(.text)
    USBWakeUp_IRQHandler                     0x0800013b   Thumb Code     0  startup_stm32f10x_ld.o(.text)
    USB_HP_CAN1_TX_IRQHandler                0x0800013b   Thumb Code     0  startup_stm32f10x_ld.o(.text)
    USB_LP_CAN1_RX0_IRQHandler               0x0800013b   Thumb Code     0  startup_stm32f10x_ld.o(.text)
    WWDG_IRQHandler                          0x0800013b   Thumb Code     0  startup_stm32f10x_ld.o(.text)
    OS_CPU_SR_Save                           0x08000145   Thumb Code     0  os_cpu_a.o(.text)
    OS_CPU_SR_Restore                        0x0800014d   Thumb Code     0  os_cpu_a.o(.text)
    OSStartHighRdy                           0x08000153   Thumb Code     0  os_cpu_a.o(.text)
    OSCtxSw                                  0x08000173   Thumb Code     0  os_cpu_a.o(.text)
    OSIntCtxSw                               0x0800017d   Thumb Code     0  os_cpu_a.o(.text)
    PendSV_Handler                           0x08000187   Thumb Code     0  os_cpu_a.o(.text)
    CPU_IntDis                               0x080001e9   Thumb Code     0  cpu_a.o(.text)
    CPU_IntEn                                0x080001ed   Thumb Code     0  cpu_a.o(.text)
    CPU_SR_Save                              0x080001f1   Thumb Code     0  cpu_a.o(.text)
    CPU_SR_Restore                           0x080001f9   Thumb Code     0  cpu_a.o(.text)
    CPU_CntLeadZeros                         0x080001ff   Thumb Code     0  cpu_a.o(.text)
    CPU_RevBits                              0x08000205   Thumb Code     0  cpu_a.o(.text)
    CPU_WaitForInt                           0x0800020b   Thumb Code     0  cpu_a.o(.text)
    CPU_WaitForExcept                        0x0800020f   Thumb Code     0  cpu_a.o(.text)
    __aeabi_fadd                             0x0800028d   Thumb Code    14  fadd.o(.text)
    __aeabi_fsub                             0x0800029b   Thumb Code    14  fadd.o(.text)
    __aeabi_frsub                            0x080002a9   Thumb Code    18  fadd.o(.text)
    __aeabi_fmul                             0x080002bb   Thumb Code   102  fmul.o(.text)
    __aeabi_fdiv                             0x08000321   Thumb Code   108  fdiv.o(.text)
    __aeabi_dadd                             0x0800049b   Thumb Code    48  dadd.o(.text)
    __aeabi_dsub                             0x080004cb   Thumb Code    48  dadd.o(.text)
    __aeabi_drsub                            0x080004fb   Thumb Code    48  dadd.o(.text)
    __aeabi_dmul                             0x0800052b   Thumb Code   232  dmul.o(.text)
    __aeabi_i2f                              0x08000613   Thumb Code    20  fflti.o(.text)
    __aeabi_ui2f                             0x08000627   Thumb Code    10  ffltui.o(.text)
    __aeabi_ui2d                             0x08000631   Thumb Code    26  dfltui.o(.text)
    __aeabi_f2iz                             0x0800064b   Thumb Code    50  ffixi.o(.text)
    __aeabi_f2d                              0x0800067d   Thumb Code    36  f2d.o(.text)
    __aeabi_cdcmpeq                          0x080006a1   Thumb Code     0  cdcmple.o(.text)
    __aeabi_cdcmple                          0x080006a1   Thumb Code    74  cdcmple.o(.text)
    __aeabi_d2f                              0x080006ed   Thumb Code    58  d2f.o(.text)
    __aeabi_cfcmpeq                          0x08000729   Thumb Code     0  cfcmple.o(.text)
    __aeabi_cfcmple                          0x08000729   Thumb Code    20  cfcmple.o(.text)
    __aeabi_cfrcmple                         0x0800073d   Thumb Code    20  cfrcmple.o(.text)
    __aeabi_llsl                             0x08000751   Thumb Code    32  llshl.o(.text)
    _ll_shift_l                              0x08000751   Thumb Code     0  llshl.o(.text)
    __aeabi_llsr                             0x08000771   Thumb Code    30  llushr.o(.text)
    _ll_ushift_r                             0x08000771   Thumb Code     0  llushr.o(.text)
    __I$use$fp                               0x0800078f   Thumb Code     0  iusefp.o(.text)
    _float_round                             0x0800078f   Thumb Code    18  fepilogue.o(.text)
    _float_epilogue                          0x080007a1   Thumb Code    74  fepilogue.o(.text)
    _double_round                            0x080007ed   Thumb Code    54  depilogue.o(.text)
    _double_epilogue                         0x08000823   Thumb Code   142  depilogue.o(.text)
    __scatterload                            0x080008b5   Thumb Code    28  init.o(.text)
    __scatterload_rt2                        0x080008b5   Thumb Code     0  init.o(.text)
    __decompress                             0x080008d9   Thumb Code     0  __dczerorl2.o(.text)
    __decompress1                            0x080008d9   Thumb Code    88  __dczerorl2.o(.text)
    ADS8328_DataConvert                      0x08000931   Thumb Code   162  ads8328.o(i.ADS8328_DataConvert)
    ADS8328_Init                             0x080009d9   Thumb Code    66  ads8328.o(i.ADS8328_Init)
    ADS8328_ReadWord                         0x08000a1d   Thumb Code   140  ads8328.o(i.ADS8328_ReadWord)
    ADS8328_SelectChannel                    0x08000aad   Thumb Code    26  ads8328.o(i.ADS8328_SelectChannel)
    ADS8328_WriteWord                        0x08000ac9   Thumb Code    92  ads8328.o(i.ADS8328_WriteWord)
    AddLoopBuf                               0x08000b29   Thumb Code    52  loopbuf.o(i.AddLoopBuf)
    App_BlinkTaskCreate                      0x08000b5d   Thumb Code   554  soft.o(i.App_BlinkTaskCreate)
    App_TCBInitHook                          0x08000e81   Thumb Code     2  os_apphooks.o(i.App_TCBInitHook)
    App_TaskCreateHook                       0x08000e8b   Thumb Code     2  os_apphooks.o(i.App_TaskCreateHook)
    App_TaskIdleHook                         0x08000e8d   Thumb Code     2  os_apphooks.o(i.App_TaskIdleHook)
    App_TaskStatHook                         0x08000ee9   Thumb Code     2  os_apphooks.o(i.App_TaskStatHook)
    App_TaskSwHook                           0x08000eeb   Thumb Code     2  os_apphooks.o(i.App_TaskSwHook)
    App_TimeTickHook                         0x08000eed   Thumb Code     2  os_apphooks.o(i.App_TimeTickHook)
    BKP_ClearFlag                            0x08000ef1   Thumb Code    16  stm32f10x_bkp.o(i.BKP_ClearFlag)
    BKP_ReadBackupRegister                   0x08000f09   Thumb Code    12  stm32f10x_bkp.o(i.BKP_ReadBackupRegister)
    BKP_WriteBackupRegister                  0x08000f19   Thumb Code    10  stm32f10x_bkp.o(i.BKP_WriteBackupRegister)
    BusFault_Handler                         0x08000f29   Thumb Code     4  stm32f10x_it.o(i.BusFault_Handler)
    CHECK_AD590OneTCCheckUseADS8328          0x08000f2d   Thumb Code   206  user.o(i.CHECK_AD590OneTCCheckUseADS8328)
    CHECK_SelectChannel                      0x08001005   Thumb Code   104  user.o(i.CHECK_SelectChannel)
    CheckAdrressKey                          0x0800107d   Thumb Code   116  user.o(i.CheckAdrressKey)
    ClearLoopBuf                             0x080010fd   Thumb Code    10  loopbuf.o(i.ClearLoopBuf)
    DebugMon_Handler                         0x08001107   Thumb Code     2  stm32f10x_it.o(i.DebugMon_Handler)
    Default_ParamInit                        0x08001109   Thumb Code   466  parameter.o(i.Default_ParamInit)
    Default_ParamInit0                       0x08001375   Thumb Code     2  parameter.o(i.Default_ParamInit0)
    Default_ParamInit1                       0x08001377   Thumb Code     2  parameter.o(i.Default_ParamInit1)
    Default_ParamInit2                       0x08001379   Thumb Code     2  parameter.o(i.Default_ParamInit2)
    GPIO_Init                                0x0800137d   Thumb Code   268  stm32f10x_gpio.o(i.GPIO_Init)
    GPIO_ReadInputData                       0x08001489   Thumb Code     8  stm32f10x_gpio.o(i.GPIO_ReadInputData)
    GPIO_ReadInputDataBit                    0x08001491   Thumb Code    18  stm32f10x_gpio.o(i.GPIO_ReadInputDataBit)
    GPIO_ResetBits                           0x080014a3   Thumb Code     4  stm32f10x_gpio.o(i.GPIO_ResetBits)
    GPIO_SetBits                             0x080014a7   Thumb Code     4  stm32f10x_gpio.o(i.GPIO_SetBits)
    GetCRC_Checksum4                         0x080014ad   Thumb Code    46  modbusprocess.o(i.GetCRC_Checksum4)
    GetLoopbuf                               0x080014e5   Thumb Code    60  loopbuf.o(i.GetLoopbuf)
    GetModbusPark                            0x08001521   Thumb Code   116  modbusrecv.o(i.GetModbusPark)
    GetSlaAdr                                0x08001599   Thumb Code    12  at24c1024.o(i.GetSlaAdr)
    HardFault_Handler                        0x080015a5   Thumb Code     4  stm32f10x_it.o(i.HardFault_Handler)
    InitGpio                                 0x080015a9   Thumb Code   376  hd_159.o(i.InitGpio)
    InitUSART1                               0x08001735   Thumb Code   106  hd_159.o(i.InitUSART1)
    Init_Tim3                                0x080017a5   Thumb Code    96  hd_159.o(i.Init_Tim3)
    IspMarkLoad                              0x08001809   Thumb Code    74  jump.o(i.IspMarkLoad)
    IspMarkWrite                             0x08001859   Thumb Code    24  jump.o(i.IspMarkWrite)
    JumpAppAdr                               0x08001871   Thumb Code    22  jump.o(i.JumpAppAdr)
    Load_Param                               0x08001889   Thumb Code    84  parameter.o(i.Load_Param)
    MemManage_Handler                        0x080018e5   Thumb Code     4  stm32f10x_it.o(i.MemManage_Handler)
    ModbusCommand1                           0x080018e9   Thumb Code   260  jump.o(i.ModbusCommand1)
    ModbusCommand2                           0x08001a01   Thumb Code   136  user.o(i.ModbusCommand2)
    ModbusInit                               0x08001a91   Thumb Code    40  modbusrecv.o(i.ModbusInit)
    ModbusReadWord                           0x08001abd   Thumb Code    84  modbusprocess.o(i.ModbusReadWord)
    ModbusRecvProcess                        0x08001b15   Thumb Code   102  modbusprocess.o(i.ModbusRecvProcess)
    ModbusRxISRHandler                       0x08001b85   Thumb Code   142  modbusrecv.o(i.ModbusRxISRHandler)
    ModbusTimeHandler                        0x08001c19   Thumb Code   136  modbusrecv.o(i.ModbusTimeHandler)
    ModbusWriteWord                          0x08001ca5   Thumb Code    88  modbusprocess.o(i.ModbusWriteWord)
    MotorsRun                                0x08001d01   Thumb Code    72  user.o(i.MotorsRun)
    MotorsToPosition                         0x08001d49   Thumb Code   132  user.o(i.MotorsToPosition)
    NMI_Handler                              0x08001e07   Thumb Code     2  stm32f10x_it.o(i.NMI_Handler)
    NVIC_Init                                0x08001e09   Thumb Code   102  misc.o(i.NVIC_Init)
    NVIC_PriorityGroupConfig                 0x08001e7d   Thumb Code    10  misc.o(i.NVIC_PriorityGroupConfig)
    OSDebugInit                              0x08001e91   Thumb Code   118  os_dbg.o(i.OSDebugInit)
    OSEventNameSet                           0x08001fed   Thumb Code    98  os_core.o(i.OSEventNameSet)
    OSInit                                   0x08002055   Thumb Code    56  os_core.o(i.OSInit)
    OSInitHookBegin                          0x0800208d   Thumb Code     8  os_cpu_c.o(i.OSInitHookBegin)
    OSInitHookEnd                            0x08002099   Thumb Code     2  os_cpu_c.o(i.OSInitHookEnd)
    OSIntExit                                0x0800209d   Thumb Code   112  os_core.o(i.OSIntExit)
    OSSchedLock                              0x0800212d   Thumb Code    50  os_core.o(i.OSSchedLock)
    OSSchedUnlock                            0x0800216d   Thumb Code    82  os_core.o(i.OSSchedUnlock)
    OSSemCreate                              0x080021cd   Thumb Code    72  os_sem.o(i.OSSemCreate)
    OSSemPend                                0x08002221   Thumb Code   234  os_sem.o(i.OSSemPend)
    OSSemPost                                0x08002319   Thumb Code    94  os_sem.o(i.OSSemPost)
    OSStart                                  0x08002379   Thumb Code    48  os_core.o(i.OSStart)
    OSStatInit                               0x080023c1   Thumb Code    62  os_core.o(i.OSStatInit)
    OSTCBInitHook                            0x0800240d   Thumb Code    12  os_cpu_c.o(i.OSTCBInitHook)
    OSTaskCreate                             0x08002419   Thumb Code   156  os_task.o(i.OSTaskCreate)
    OSTaskCreateExt                          0x080024c1   Thumb Code   182  os_task.o(i.OSTaskCreateExt)
    OSTaskCreateHook                         0x08002585   Thumb Code    12  os_cpu_c.o(i.OSTaskCreateHook)
    OSTaskIdleHook                           0x08002591   Thumb Code     8  os_cpu_c.o(i.OSTaskIdleHook)
    OSTaskNameSet                            0x08002599   Thumb Code   118  os_task.o(i.OSTaskNameSet)
    OSTaskStatHook                           0x0800261d   Thumb Code     8  os_cpu_c.o(i.OSTaskStatHook)
    OSTaskStkChk                             0x08002625   Thumb Code   152  os_task.o(i.OSTaskStkChk)
    OSTaskStkInit                            0x080026c5   Thumb Code   154  os_cpu_c.o(i.OSTaskStkInit)
    OSTaskSuspend                            0x08002761   Thumb Code   180  os_task.o(i.OSTaskSuspend)
    OSTaskSwHook                             0x08002825   Thumb Code     8  os_cpu_c.o(i.OSTaskSwHook)
    OSTimeDly                                0x0800282d   Thumb Code   106  os_time.o(i.OSTimeDly)
    OSTimeDlyHMSM                            0x080028ad   Thumb Code   124  os_time.o(i.OSTimeDlyHMSM)
    OSTimeTick                               0x08002931   Thumb Code   208  os_core.o(i.OSTimeTick)
    OSTimeTickHook                           0x08002a19   Thumb Code    34  os_cpu_c.o(i.OSTimeTickHook)
    OSTmrSignal                              0x08002a41   Thumb Code    16  os_tmr.o(i.OSTmrSignal)
    OSTmr_Init                               0x08002a55   Thumb Code   168  os_tmr.o(i.OSTmr_Init)
    OS_CPU_SysTickInit                       0x08002ccd   Thumb Code    88  os_cpu_c.o(i.OS_CPU_SysTickInit)
    OS_EventTaskRdy                          0x08002d31   Thumb Code   150  os_core.o(i.OS_EventTaskRdy)
    OS_EventTaskRemove                       0x08002dd9   Thumb Code    48  os_core.o(i.OS_EventTaskRemove)
    OS_EventTaskRemoveMulti                  0x08002e09   Thumb Code    78  os_core.o(i.OS_EventTaskRemoveMulti)
    OS_EventTaskWait                         0x08002e59   Thumb Code   120  os_core.o(i.OS_EventTaskWait)
    OS_EventWaitListInit                     0x08002edd   Thumb Code    26  os_core.o(i.OS_EventWaitListInit)
    OS_FlagInit                              0x08002ef9   Thumb Code    74  os_flag.o(i.OS_FlagInit)
    OS_MemClr                                0x08003169   Thumb Code    18  os_core.o(i.OS_MemClr)
    OS_MemInit                               0x0800317d   Thumb Code    74  os_mem.o(i.OS_MemInit)
    OS_QInit                                 0x080031d5   Thumb Code    72  os_q.o(i.OS_QInit)
    OS_Sched                                 0x08003225   Thumb Code    88  os_core.o(i.OS_Sched)
    OS_TCBInit                               0x080032c5   Thumb Code   346  os_core.o(i.OS_TCBInit)
    OS_TaskIdle                              0x0800343d   Thumb Code    36  os_core.o(i.OS_TaskIdle)
    OS_TaskStat                              0x08003465   Thumb Code   120  os_core.o(i.OS_TaskStat)
    OS_TaskStatStkChk                        0x080034f1   Thumb Code    54  os_core.o(i.OS_TaskStatStkChk)
    OS_TaskStkClr                            0x0800352d   Thumb Code    26  os_task.o(i.OS_TaskStkClr)
    PID_BufInit                              0x08003547   Thumb Code    20  pid.o(i.PID_BufInit)
    PID_Calc                                 0x0800355d   Thumb Code   354  pid.o(i.PID_Calc)
    PID_ParaInit                             0x080036cd   Thumb Code    48  pid.o(i.PID_ParaInit)
    PWR_BackupAccessCmd                      0x08003721   Thumb Code     6  stm32f10x_pwr.o(i.PWR_BackupAccessCmd)
    RCC_APB1PeriphClockCmd                   0x0800372d   Thumb Code    26  stm32f10x_rcc.o(i.RCC_APB1PeriphClockCmd)
    RCC_APB2PeriphClockCmd                   0x0800374d   Thumb Code    26  stm32f10x_rcc.o(i.RCC_APB2PeriphClockCmd)
    RCC_GetClocksFreq                        0x0800376d   Thumb Code   374  stm32f10x_rcc.o(i.RCC_GetClocksFreq)
    RcvByte                                  0x080038f9   Thumb Code   108  at24c1024.o(i.RcvByte)
    ReSetPositionOriginal                    0x08003969   Thumb Code   110  user.o(i.ReSetPositionOriginal)
    ReadByteEE                               0x080039f1   Thumb Code    28  at24c1024.o(i.ReadByteEE)
    SVC_Handler                              0x08003a0d   Thumb Code     2  stm32f10x_it.o(i.SVC_Handler)
    SendAck                                  0x08003a11   Thumb Code    62  at24c1024.o(i.SendAck)
    SendByte                                 0x08003a55   Thumb Code   158  at24c1024.o(i.SendByte)
    SendText_UART1                           0x08003afd   Thumb Code    32  uart.o(i.SendText_UART1)
    SoftReset                                0x08003c25   Thumb Code    44  jump.o(i.SoftReset)
    Start                                    0x08003c59   Thumb Code    74  at24c1024.o(i.Start)
    StepMotInit                              0x08003ca9   Thumb Code   342  stepmotor.o(i.StepMotInit)
    StepMotRun1                              0x08003e25   Thumb Code    88  stepmotor.o(i.StepMotRun1)
    StepMotRun2                              0x08003e85   Thumb Code    90  stepmotor.o(i.StepMotRun2)
    StepMotRun3                              0x08003ee9   Thumb Code    88  stepmotor.o(i.StepMotRun3)
    StepMotRun4                              0x08003f51   Thumb Code    90  stepmotor.o(i.StepMotRun4)
    StepMotRun5                              0x08003fb5   Thumb Code    90  stepmotor.o(i.StepMotRun5)
    StepMotRun6                              0x0800401d   Thumb Code    90  stepmotor.o(i.StepMotRun6)
    StepMoterPulseHandler                    0x08004085   Thumb Code   696  stepmotor.o(i.StepMoterPulseHandler)
    Stop                                     0x08004361   Thumb Code    54  at24c1024.o(i.Stop)
    SysTick_Handler                          0x0800439d   Thumb Code    34  stm32f10x_it.o(i.SysTick_Handler)
    SystemInit                               0x080043c5   Thumb Code    92  system_stm32f10x.o(i.SystemInit)
    TIM3_IRQHandler                          0x08004431   Thumb Code    26  stm32f10x_it.o(i.TIM3_IRQHandler)
    TIM_ClearITPendingBit                    0x08004451   Thumb Code     6  stm32f10x_tim.o(i.TIM_ClearITPendingBit)
    TIM_Cmd                                  0x08004457   Thumb Code    24  stm32f10x_tim.o(i.TIM_Cmd)
    TIM_GetITStatus                          0x0800446f   Thumb Code    34  stm32f10x_tim.o(i.TIM_GetITStatus)
    TIM_ITConfig                             0x08004491   Thumb Code    24  stm32f10x_tim.o(i.TIM_ITConfig)
    TIM_SetCounter                           0x080044a9   Thumb Code     4  stm32f10x_tim.o(i.TIM_SetCounter)
    TIM_TimeBaseInit                         0x080044ad   Thumb Code   122  stm32f10x_tim.o(i.TIM_TimeBaseInit)
    TaskHeat                                 0x08004551   Thumb Code   156  user.o(i.TaskHeat)
    TaskInput1                               0x08004601   Thumb Code    14  user.o(i.TaskInput1)
    TaskModbus                               0x08004611   Thumb Code    90  user.o(i.TaskModbus)
    TaskRecv                                 0x08004679   Thumb Code    20  user.o(i.TaskRecv)
    TaskStatus                               0x0800468d   Thumb Code   126  user.o(i.TaskStatus)
    TaskStepMotor                            0x08004719   Thumb Code   614  user.o(i.TaskStepMotor)
    TaskSyncUp                               0x080049c5   Thumb Code   250  user.o(i.TaskSyncUp)
    TaskTimePr                               0x08004add   Thumb Code    68  user.o(i.TaskTimePr)
    TaskTs                                   0x08004b2d   Thumb Code   246  user.o(i.TaskTs)
    TaskVirPwm                               0x08004c35   Thumb Code   118  user.o(i.TaskVirPwm)
    USART1_IRQHandler                        0x08004cb1   Thumb Code     8  stm32f10x_it.o(i.USART1_IRQHandler)
    USART1_RxTxISRHandler                    0x08004cb9   Thumb Code   192  hd_159.o(i.USART1_RxTxISRHandler)
    USART1_TxIntEn                           0x08004d99   Thumb Code    28  hd_159.o(i.USART1_TxIntEn)
    USART2_IRQHandler                        0x08004db9   Thumb Code     2  stm32f10x_it.o(i.USART2_IRQHandler)
    USART_ClearITPendingBit                  0x08004dbb   Thumb Code    30  stm32f10x_usart.o(i.USART_ClearITPendingBit)
    USART_Cmd                                0x08004dd9   Thumb Code    24  stm32f10x_usart.o(i.USART_Cmd)
    USART_GetITStatus                        0x08004df1   Thumb Code    84  stm32f10x_usart.o(i.USART_GetITStatus)
    USART_ITConfig                           0x08004e45   Thumb Code    72  stm32f10x_usart.o(i.USART_ITConfig)
    USART_Init                               0x08004e8d   Thumb Code   210  stm32f10x_usart.o(i.USART_Init)
    USART_ReceiveData                        0x08004f65   Thumb Code    10  stm32f10x_usart.o(i.USART_ReceiveData)
    USART_SendData                           0x08004f6f   Thumb Code     8  stm32f10x_usart.o(i.USART_SendData)
    Uart1BufInit                             0x08004f79   Thumb Code    42  uart.o(i.Uart1BufInit)
    Uart1CharSend                            0x08004fb1   Thumb Code   154  uart.o(i.Uart1CharSend)
    UsageFault_Handler                       0x08005061   Thumb Code     4  stm32f10x_it.o(i.UsageFault_Handler)
    VirtualPwmOutPin                         0x08005065   Thumb Code   162  user.o(i.VirtualPwmOutPin)
    _GetParamCheck                           0x0800510d   Thumb Code    26  parameter.o(i._GetParamCheck)
    _MakeReadRegRespone                      0x08005127   Thumb Code    30  modbusprocess.o(i._MakeReadRegRespone)
    _MakeWriteRegRespone                     0x08005145   Thumb Code    20  modbusprocess.o(i._MakeWriteRegRespone)
    _ModbusParameterProcess                  0x08005159   Thumb Code   100  modbusprocess.o(i._ModbusParameterProcess)
    _ModbusReadBit                           0x080051c5   Thumb Code    28  modbusprocess.o(i._ModbusReadBit)
    _ModbusWriteBit                          0x080051e1   Thumb Code    28  modbusprocess.o(i._ModbusWriteBit)
    _Param_SwapMemery                        0x080051fd   Thumb Code     6  parameter.o(i._Param_SwapMemery)
    _PlaceModbusFloat                        0x08005203   Thumb Code    40  modbusprocess.o(i._PlaceModbusFloat)
    _SendModbusPark                          0x0800522b   Thumb Code    38  modbusprocess.o(i._SendModbusPark)
    _SendStringUartx                         0x08005251   Thumb Code    26  modbusprocess.o(i._SendStringUartx)
    __scatterload_copy                       0x0800526b   Thumb Code    14  handlers.o(i.__scatterload_copy)
    __scatterload_null                       0x08005279   Thumb Code     2  handlers.o(i.__scatterload_null)
    __scatterload_zeroinit                   0x0800527b   Thumb Code    14  handlers.o(i.__scatterload_zeroinit)
    delay_us                                 0x08005289   Thumb Code    24  ads8328.o(i.delay_us)
    i2RcvChar                                0x080052a1   Thumb Code   122  at24c1024.o(i.i2RcvChar)
    main                                     0x08005321   Thumb Code    74  main.o(i.main)
    nop_                                     0x08005381   Thumb Code    16  at24c1024.o(i.nop_)
    OSDebugEn                                0x080053b0   Data           2  os_dbg.o(.constdata)
    OSEndiannessTest                         0x080053b4   Data           4  os_dbg.o(.constdata)
    OSEventEn                                0x080053b8   Data           2  os_dbg.o(.constdata)
    OSEventMax                               0x080053ba   Data           2  os_dbg.o(.constdata)
    OSEventNameEn                            0x080053bc   Data           2  os_dbg.o(.constdata)
    OSEventSize                              0x080053be   Data           2  os_dbg.o(.constdata)
    OSEventTblSize                           0x080053c0   Data           2  os_dbg.o(.constdata)
    OSEventMultiEn                           0x080053c2   Data           2  os_dbg.o(.constdata)
    OSFlagEn                                 0x080053c4   Data           2  os_dbg.o(.constdata)
    OSFlagGrpSize                            0x080053c6   Data           2  os_dbg.o(.constdata)
    OSFlagNodeSize                           0x080053c8   Data           2  os_dbg.o(.constdata)
    OSFlagWidth                              0x080053ca   Data           2  os_dbg.o(.constdata)
    OSFlagMax                                0x080053cc   Data           2  os_dbg.o(.constdata)
    OSFlagNameEn                             0x080053ce   Data           2  os_dbg.o(.constdata)
    OSLowestPrio                             0x080053d0   Data           2  os_dbg.o(.constdata)
    OSMboxEn                                 0x080053d2   Data           2  os_dbg.o(.constdata)
    OSMemEn                                  0x080053d4   Data           2  os_dbg.o(.constdata)
    OSMemMax                                 0x080053d6   Data           2  os_dbg.o(.constdata)
    OSMemNameEn                              0x080053d8   Data           2  os_dbg.o(.constdata)
    OSMemSize                                0x080053da   Data           2  os_dbg.o(.constdata)
    OSMemTblSize                             0x080053dc   Data           2  os_dbg.o(.constdata)
    OSMutexEn                                0x080053de   Data           2  os_dbg.o(.constdata)
    OSPtrSize                                0x080053e0   Data           2  os_dbg.o(.constdata)
    OSQEn                                    0x080053e2   Data           2  os_dbg.o(.constdata)
    OSQMax                                   0x080053e4   Data           2  os_dbg.o(.constdata)
    OSQSize                                  0x080053e6   Data           2  os_dbg.o(.constdata)
    OSRdyTblSize                             0x080053e8   Data           2  os_dbg.o(.constdata)
    OSSemEn                                  0x080053ea   Data           2  os_dbg.o(.constdata)
    OSStkWidth                               0x080053ec   Data           2  os_dbg.o(.constdata)
    OSTaskCreateEn                           0x080053ee   Data           2  os_dbg.o(.constdata)
    OSTaskCreateExtEn                        0x080053f0   Data           2  os_dbg.o(.constdata)
    OSTaskDelEn                              0x080053f2   Data           2  os_dbg.o(.constdata)
    OSTaskIdleStkSize                        0x080053f4   Data           2  os_dbg.o(.constdata)
    OSTaskProfileEn                          0x080053f6   Data           2  os_dbg.o(.constdata)
    OSTaskMax                                0x080053f8   Data           2  os_dbg.o(.constdata)
    OSTaskNameEn                             0x080053fa   Data           2  os_dbg.o(.constdata)
    OSTaskStatEn                             0x080053fc   Data           2  os_dbg.o(.constdata)
    OSTaskStatStkSize                        0x080053fe   Data           2  os_dbg.o(.constdata)
    OSTaskStatStkChkEn                       0x08005400   Data           2  os_dbg.o(.constdata)
    OSTaskSwHookEn                           0x08005402   Data           2  os_dbg.o(.constdata)
    OSTaskRegTblSize                         0x08005404   Data           2  os_dbg.o(.constdata)
    OSTCBPrioTblMax                          0x08005406   Data           2  os_dbg.o(.constdata)
    OSTCBSize                                0x08005408   Data           2  os_dbg.o(.constdata)
    OSTicksPerSec                            0x0800540a   Data           2  os_dbg.o(.constdata)
    OSTimeTickHookEn                         0x0800540c   Data           2  os_dbg.o(.constdata)
    OSVersionNbr                             0x0800540e   Data           2  os_dbg.o(.constdata)
    OSTmrEn                                  0x08005410   Data           2  os_dbg.o(.constdata)
    OSTmrCfgMax                              0x08005412   Data           2  os_dbg.o(.constdata)
    OSTmrCfgNameEn                           0x08005414   Data           2  os_dbg.o(.constdata)
    OSTmrCfgWheelSize                        0x08005416   Data           2  os_dbg.o(.constdata)
    OSTmrCfgTicksPerSec                      0x08005418   Data           2  os_dbg.o(.constdata)
    OSTmrSize                                0x0800541a   Data           2  os_dbg.o(.constdata)
    OSTmrTblSize                             0x0800541c   Data           2  os_dbg.o(.constdata)
    OSTmrWheelSize                           0x0800541e   Data           2  os_dbg.o(.constdata)
    OSTmrWheelTblSize                        0x08005420   Data           2  os_dbg.o(.constdata)
    OSDataSize                               0x08005422   Data           2  os_dbg.o(.constdata)
    OSUnMapTbl                               0x08005424   Data         256  os_core.o(.constdata)
    Region$$Table$$Base                      0x08005524   Number         0  anon$$obj.o(Region$$Table)
    Region$$Table$$Limit                     0x08005544   Number         0  anon$$obj.o(Region$$Table)
    RelativeOrigin                           0x20000000   Data           4  stepmotor.o(.data)
    Uart1Sending                             0x20000004   Data           1  uart.o(.data)
    Uart1RecvStruct                          0x20000006   Data           6  uart.o(.data)
    Uart1SendStruct                          0x2000000c   Data           6  uart.o(.data)
    EventTimeBuz                             0x20000014   Data           1  user.o(.data)
    EventTimeLed                             0x20000015   Data           1  user.o(.data)
    OSSemMotors                              0x2000001c   Data           4  user.o(.data)
    OSSemUart1                               0x20000020   Data           4  user.o(.data)
    OSSemTimePid_StepMotor                   0x20000024   Data           4  user.o(.data)
    OSSemTimePid_Heat                        0x20000028   Data           4  user.o(.data)
    LenFromUser                              0x2000002c   Data           1  user.o(.data)
    lAddressKey                              0x2000002d   Data           1  user.o(.data)
    FlagKey                                  0x2000002e   Data           1  user.o(.data)
    TimeAutoLock1                            0x20000030   Data           2  jump.o(.data)
    TimeAutoLock2                            0x20000032   Data           2  jump.o(.data)
    TimeAutoLock3                            0x20000034   Data           2  jump.o(.data)
    ack                                      0x20000036   Data           1  at24c1024.o(.data)
    SystemCoreClock                          0x2000004c   Data           4  system_stm32f10x.o(.data)
    AHBPrescTable                            0x20000050   Data          16  system_stm32f10x.o(.data)
    OSCtxSwCtr                               0x20000064   Data           4  os_core.o(.data)
    OSEventFreeList                          0x20000068   Data           4  os_core.o(.data)
    OSFlagFreeList                           0x2000006c   Data           4  os_core.o(.data)
    OSCPUUsage                               0x20000070   Data           1  os_core.o(.data)
    OSIdleCtrMax                             0x20000074   Data           4  os_core.o(.data)
    OSIdleCtrRun                             0x20000078   Data           4  os_core.o(.data)
    OSStatRdy                                0x2000007c   Data           1  os_core.o(.data)
    OSIntNesting                             0x2000007d   Data           1  os_core.o(.data)
    OSLockNesting                            0x2000007e   Data           1  os_core.o(.data)
    OSPrioCur                                0x2000007f   Data           1  os_core.o(.data)
    OSPrioHighRdy                            0x20000080   Data           1  os_core.o(.data)
    OSRdyGrp                                 0x20000081   Data           1  os_core.o(.data)
    OSRdyTbl                                 0x20000082   Data           8  os_core.o(.data)
    OSRunning                                0x2000008a   Data           1  os_core.o(.data)
    OSTaskCtr                                0x2000008b   Data           1  os_core.o(.data)
    OSIdleCtr                                0x2000008c   Data           4  os_core.o(.data)
    OSTCBCur                                 0x20000090   Data           4  os_core.o(.data)
    OSTCBFreeList                            0x20000094   Data           4  os_core.o(.data)
    OSTCBHighRdy                             0x20000098   Data           4  os_core.o(.data)
    OSTCBList                                0x2000009c   Data           4  os_core.o(.data)
    OSTickStepState                          0x200000a0   Data           1  os_core.o(.data)
    OSMemFreeList                            0x200000a4   Data           4  os_core.o(.data)
    OSQFreeList                              0x200000a8   Data           4  os_core.o(.data)
    OSTime                                   0x200000ac   Data           4  os_core.o(.data)
    OSTmrFree                                0x200000b0   Data           2  os_core.o(.data)
    OSTmrUsed                                0x200000b2   Data           2  os_core.o(.data)
    OSTmrTime                                0x200000b4   Data           4  os_core.o(.data)
    OSTmrSem                                 0x200000b8   Data           4  os_core.o(.data)
    OSTmrSemSignal                           0x200000bc   Data           4  os_core.o(.data)
    OSTmrFreeList                            0x200000c0   Data           4  os_core.o(.data)
    FlagSetAllDefault                        0x200000c4   Data           1  parameter.o(.data)
    TimeForSaveParam                         0x200000c6   Data           2  parameter.o(.data)
    Stm32IdSum6                              0x200000c8   Data           2  parameter.o(.data)
    StepMot1                                 0x200002cc   Data          20  stepmotor.o(.bss)
    StepMot2                                 0x200002e0   Data          20  stepmotor.o(.bss)
    StepMot3                                 0x200002f4   Data          20  stepmotor.o(.bss)
    StepMot4                                 0x20000308   Data          20  stepmotor.o(.bss)
    StepMot5                                 0x2000031c   Data          20  stepmotor.o(.bss)
    StepMot6                                 0x20000330   Data          20  stepmotor.o(.bss)
    Uart1RecvBuf                             0x2000044c   Data         274  uart.o(.bss)
    Uart1SendBuf                             0x2000055e   Data         274  uart.o(.bss)
    BufFromUser                              0x20001b0c   Data         252  user.o(.bss)
    TempratureCurrent                        0x20001c08   Data          32  user.o(.bss)
    wAdcResoult                              0x20001c28   Data          32  user.o(.bss)
    PowerOutBuf                              0x20001c48   Data          20  user.o(.bss)
    TestOutBuf                               0x20001c5c   Data          20  user.o(.bss)
    HeatPidBuf                               0x20001c70   Data         256  pid.o(.bss)
    StepPidBuf                               0x20001d70   Data         256  pid.o(.bss)
    OSEventTbl                               0x20001e70   Data         552  os_core.o(.bss)
    OSFlagTbl                                0x20002098   Data          80  os_core.o(.bss)
    OSTaskStatStk                            0x200020e8   Data         256  os_core.o(.bss)
    OSTaskIdleStk                            0x200021e8   Data         128  os_core.o(.bss)
    OSTCBPrioTbl                             0x20002268   Data         256  os_core.o(.bss)
    OSTCBTbl                                 0x20002368   Data        2200  os_core.o(.bss)
    OSMemTbl                                 0x20002c00   Data         120  os_core.o(.bss)
    OSQTbl                                   0x20002c78   Data          96  os_core.o(.bss)
    OSTmrTbl                                 0x20002cd8   Data         640  os_core.o(.bss)
    OSTmrTaskStk                             0x20002f58   Data         256  os_core.o(.bss)
    OSTmrWheelTbl                            0x20003058   Data          64  os_core.o(.bss)
    cMemBufA                                 0x20003098   Data          22  parameter.o(.bss)
    cMemBufB                                 0x200030ae   Data          22  parameter.o(.bss)
    Coldw                                    0x200030c4   Data         720  parameter.o(.bss)
    ResponeBuf                               0x20003394   Data         251  modbusprocess.o(.bss)
    Modbusx                                  0x20003490   Data         774  modbusrecv.o(.bss)
    __initial_sp                             0x20003b98   Data           0  startup_stm32f10x_ld.o(STACK)



==============================================================================

Memory Map of the image

  Image Entry point : 0x080000ed

  Load Region LR_IROM1 (Base: 0x08000000, Size: 0x00005810, Max: 0x00040000, ABSOLUTE, COMPRESSED[0x00005688])

    Execution Region ER_IROM1 (Base: 0x08000000, Size: 0x00005544, Max: 0x00040000, ABSOLUTE)

    Base Addr    Size         Type   Attr      Idx    E Section Name        Object

    0x08000000   0x000000ec   Data   RO         4197    RESET               startup_stm32f10x_ld.o
    0x080000ec   0x00000000   Code   RO         5549  * .ARM.Collect$$$$00000000  entry.o(mc_w.l)
    0x080000ec   0x00000004   Code   RO         5580    .ARM.Collect$$$$00000001  entry2.o(mc_w.l)
    0x080000f0   0x00000004   Code   RO         5583    .ARM.Collect$$$$00000004  entry5.o(mc_w.l)
    0x080000f4   0x00000008   Code   RO         5584    .ARM.Collect$$$$00000007  entry7.o(mc_w.l)
    0x080000fc   0x00000004   Code   RO         5581    .ARM.Collect$$$$00002712  entry2.o(mc_w.l)
    0x08000100   0x00000020   Code   RO         4150    .emb_text           core_cm3.o
    0x08000120   0x00000024   Code   RO         4198    .text               startup_stm32f10x_ld.o
    0x08000144   0x000000a4   Code   RO         4314    .text               os_cpu_a.o
    0x080001e8   0x0000002a   Code   RO         5209    .text               cpu_a.o
    0x08000212   0x000000a8   Code   RO         5552    .text               fadd.o(mf_w.l)
    0x080002ba   0x00000066   Code   RO         5554    .text               fmul.o(mf_w.l)
    0x08000320   0x0000006c   Code   RO         5556    .text               fdiv.o(mf_w.l)
    0x0800038c   0x0000019e   Code   RO         5558    .text               dadd.o(mf_w.l)
    0x0800052a   0x000000e8   Code   RO         5560    .text               dmul.o(mf_w.l)
    0x08000612   0x00000014   Code   RO         5562    .text               fflti.o(mf_w.l)
    0x08000626   0x0000000a   Code   RO         5564    .text               ffltui.o(mf_w.l)
    0x08000630   0x0000001a   Code   RO         5566    .text               dfltui.o(mf_w.l)
    0x0800064a   0x00000032   Code   RO         5568    .text               ffixi.o(mf_w.l)
    0x0800067c   0x00000024   Code   RO         5570    .text               f2d.o(mf_w.l)
    0x080006a0   0x0000004c   Code   RO         5572    .text               cdcmple.o(mf_w.l)
    0x080006ec   0x0000003a   Code   RO         5574    .text               d2f.o(mf_w.l)
    0x08000726   0x00000002   PAD
    0x08000728   0x00000014   Code   RO         5576    .text               cfcmple.o(mf_w.l)
    0x0800073c   0x00000014   Code   RO         5578    .text               cfrcmple.o(mf_w.l)
    0x08000750   0x00000020   Code   RO         5585    .text               llshl.o(mc_w.l)
    0x08000770   0x0000001e   Code   RO         5587    .text               llushr.o(mc_w.l)
    0x0800078e   0x00000000   Code   RO         5589    .text               iusefp.o(mc_w.l)
    0x0800078e   0x0000005c   Code   RO         5590    .text               fepilogue.o(mf_w.l)
    0x080007ea   0x00000002   PAD
    0x080007ec   0x000000c8   Code   RO         5592    .text               depilogue.o(mf_w.l)
    0x080008b4   0x00000024   Code   RO         5594    .text               init.o(mc_w.l)
    0x080008d8   0x00000058   Code   RO         5604    .text               __dczerorl2.o(mc_w.l)
    0x08000930   0x000000a8   Code   RO          764    i.ADS8328_DataConvert  ads8328.o
    0x080009d8   0x00000042   Code   RO          765    i.ADS8328_Init      ads8328.o
    0x08000a1a   0x00000002   PAD
    0x08000a1c   0x00000090   Code   RO          766    i.ADS8328_ReadWord  ads8328.o
    0x08000aac   0x0000001a   Code   RO          767    i.ADS8328_SelectChannel  ads8328.o
    0x08000ac6   0x00000002   PAD
    0x08000ac8   0x00000060   Code   RO          768    i.ADS8328_WriteWord  ads8328.o
    0x08000b28   0x00000034   Code   RO          401    i.AddLoopBuf        loopbuf.o
    0x08000b5c   0x00000324   Code   RO          527    i.App_BlinkTaskCreate  soft.o
    0x08000e80   0x00000002   Code   RO         5107    i.App_TCBInitHook   os_apphooks.o
    0x08000e82   0x00000008   Code   RO          226    i.App_TaskCreate    main.o
    0x08000e8a   0x00000002   Code   RO         5108    i.App_TaskCreateHook  os_apphooks.o
    0x08000e8c   0x00000002   Code   RO         5110    i.App_TaskIdleHook  os_apphooks.o
    0x08000e8e   0x00000002   PAD
    0x08000e90   0x00000058   Code   RO          227    i.App_TaskStart     main.o
    0x08000ee8   0x00000002   Code   RO         5112    i.App_TaskStatHook  os_apphooks.o
    0x08000eea   0x00000002   Code   RO         5113    i.App_TaskSwHook    os_apphooks.o
    0x08000eec   0x00000002   Code   RO         5114    i.App_TimeTickHook  os_apphooks.o
    0x08000eee   0x00000002   PAD
    0x08000ef0   0x00000018   Code   RO         1926    i.BKP_ClearFlag     stm32f10x_bkp.o
    0x08000f08   0x00000010   Code   RO         1933    i.BKP_ReadBackupRegister  stm32f10x_bkp.o
    0x08000f18   0x00000010   Code   RO         1937    i.BKP_WriteBackupRegister  stm32f10x_bkp.o
    0x08000f28   0x00000004   Code   RO          431    i.BusFault_Handler  stm32f10x_it.o
    0x08000f2c   0x000000d8   Code   RO          558    i.CHECK_AD590OneTCCheckUseADS8328  user.o
    0x08001004   0x00000078   Code   RO          559    i.CHECK_SelectChannel  user.o
    0x0800107c   0x00000080   Code   RO          560    i.CheckAdrressKey   user.o
    0x080010fc   0x0000000a   Code   RO          402    i.ClearLoopBuf      loopbuf.o
    0x08001106   0x00000002   Code   RO          432    i.DebugMon_Handler  stm32f10x_it.o
    0x08001108   0x0000026c   Code   RO         5345    i.Default_ParamInit  parameter.o
    0x08001374   0x00000002   Code   RO         5346    i.Default_ParamInit0  parameter.o
    0x08001376   0x00000002   Code   RO         5347    i.Default_ParamInit1  parameter.o
    0x08001378   0x00000002   Code   RO         5348    i.Default_ParamInit2  parameter.o
    0x0800137a   0x00000002   Code   RO          228    i.GPIO_Configuration  main.o
    0x0800137c   0x0000010c   Code   RO         1342    i.GPIO_Init         stm32f10x_gpio.o
    0x08001488   0x00000008   Code   RO         1345    i.GPIO_ReadInputData  stm32f10x_gpio.o
    0x08001490   0x00000012   Code   RO         1346    i.GPIO_ReadInputDataBit  stm32f10x_gpio.o
    0x080014a2   0x00000004   Code   RO         1349    i.GPIO_ResetBits    stm32f10x_gpio.o
    0x080014a6   0x00000004   Code   RO         1350    i.GPIO_SetBits      stm32f10x_gpio.o
    0x080014aa   0x00000002   PAD
    0x080014ac   0x00000038   Code   RO         5419    i.GetCRC_Checksum4  modbusprocess.o
    0x080014e4   0x0000003c   Code   RO          403    i.GetLoopbuf        loopbuf.o
    0x08001520   0x00000078   Code   RO         5513    i.GetModbusPark     modbusrecv.o
    0x08001598   0x0000000c   Code   RO          889    i.GetSlaAdr         at24c1024.o
    0x080015a4   0x00000004   Code   RO          433    i.HardFault_Handler  stm32f10x_it.o
    0x080015a8   0x0000018c   Code   RO         1063    i.InitGpio          hd_159.o
    0x08001734   0x00000070   Code   RO         1066    i.InitUSART1        hd_159.o
    0x080017a4   0x00000064   Code   RO         1069    i.Init_Tim3         hd_159.o
    0x08001808   0x00000050   Code   RO          840    i.IspMarkLoad       jump.o
    0x08001858   0x00000018   Code   RO          841    i.IspMarkWrite      jump.o
    0x08001870   0x00000016   Code   RO          842    i.JumpAppAdr        jump.o
    0x08001886   0x00000002   PAD
    0x08001888   0x0000005c   Code   RO         5350    i.Load_Param        parameter.o
    0x080018e4   0x00000004   Code   RO          434    i.MemManage_Handler  stm32f10x_it.o
    0x080018e8   0x00000118   Code   RO          843    i.ModbusCommand1    jump.o
    0x08001a00   0x00000090   Code   RO          561    i.ModbusCommand2    user.o
    0x08001a90   0x0000002c   Code   RO         5514    i.ModbusInit        modbusrecv.o
    0x08001abc   0x00000058   Code   RO         5420    i.ModbusReadWord    modbusprocess.o
    0x08001b14   0x00000070   Code   RO         5421    i.ModbusRecvProcess  modbusprocess.o
    0x08001b84   0x00000094   Code   RO         5515    i.ModbusRxISRHandler  modbusrecv.o
    0x08001c18   0x0000008c   Code   RO         5516    i.ModbusTimeHandler  modbusrecv.o
    0x08001ca4   0x0000005c   Code   RO         5422    i.ModbusWriteWord   modbusprocess.o
    0x08001d00   0x00000048   Code   RO          562    i.MotorsRun         user.o
    0x08001d48   0x000000a0   Code   RO          563    i.MotorsToPosition  user.o
    0x08001de8   0x0000001e   Code   RO          529    i.MyTASK            soft.o
    0x08001e06   0x00000002   Code   RO          435    i.NMI_Handler       stm32f10x_it.o
    0x08001e08   0x00000074   Code   RO         1123    i.NVIC_Init         misc.o
    0x08001e7c   0x00000014   Code   RO         1124    i.NVIC_PriorityGroupConfig  misc.o
    0x08001e90   0x0000015c   Code   RO         4202    i.OSDebugInit       os_dbg.o
    0x08001fec   0x00000068   Code   RO         4318    i.OSEventNameSet    os_core.o
    0x08002054   0x00000038   Code   RO         4320    i.OSInit            os_core.o
    0x0800208c   0x0000000c   Code   RO         4217    i.OSInitHookBegin   os_cpu_c.o
    0x08002098   0x00000002   Code   RO         4218    i.OSInitHookEnd     os_cpu_c.o
    0x0800209a   0x00000002   PAD
    0x0800209c   0x00000090   Code   RO         4322    i.OSIntExit         os_core.o
    0x0800212c   0x00000040   Code   RO         4323    i.OSSchedLock       os_core.o
    0x0800216c   0x00000060   Code   RO         4324    i.OSSchedUnlock     os_core.o
    0x080021cc   0x00000054   Code   RO         4832    i.OSSemCreate       os_sem.o
    0x08002220   0x000000f8   Code   RO         4834    i.OSSemPend         os_sem.o
    0x08002318   0x0000005e   Code   RO         4836    i.OSSemPost         os_sem.o
    0x08002376   0x00000002   PAD
    0x08002378   0x00000048   Code   RO         4325    i.OSStart           os_core.o
    0x080023c0   0x0000004c   Code   RO         4326    i.OSStatInit        os_core.o
    0x0800240c   0x0000000c   Code   RO         4219    i.OSTCBInitHook     os_cpu_c.o
    0x08002418   0x000000a8   Code   RO         4886    i.OSTaskCreate      os_task.o
    0x080024c0   0x000000c4   Code   RO         4887    i.OSTaskCreateExt   os_task.o
    0x08002584   0x0000000c   Code   RO         4220    i.OSTaskCreateHook  os_cpu_c.o
    0x08002590   0x00000008   Code   RO         4222    i.OSTaskIdleHook    os_cpu_c.o
    0x08002598   0x00000084   Code   RO         4891    i.OSTaskNameSet     os_task.o
    0x0800261c   0x00000008   Code   RO         4223    i.OSTaskStatHook    os_cpu_c.o
    0x08002624   0x000000a0   Code   RO         4896    i.OSTaskStkChk      os_task.o
    0x080026c4   0x0000009a   Code   RO         4224    i.OSTaskStkInit     os_cpu_c.o
    0x0800275e   0x00000002   PAD
    0x08002760   0x000000c4   Code   RO         4897    i.OSTaskSuspend     os_task.o
    0x08002824   0x00000008   Code   RO         4225    i.OSTaskSwHook      os_cpu_c.o
    0x0800282c   0x00000080   Code   RO         4981    i.OSTimeDly         os_time.o
    0x080028ac   0x00000084   Code   RO         4982    i.OSTimeDlyHMSM     os_time.o
    0x08002930   0x000000e8   Code   RO         4327    i.OSTimeTick        os_core.o
    0x08002a18   0x00000028   Code   RO         4226    i.OSTimeTickHook    os_cpu_c.o
    0x08002a40   0x00000014   Code   RO         5021    i.OSTmrSignal       os_tmr.o
    0x08002a54   0x000000f4   Code   RO         5027    i.OSTmr_Init        os_tmr.o
    0x08002b48   0x00000050   Code   RO         5028    i.OSTmr_InitTask    os_tmr.o
    0x08002b98   0x0000006c   Code   RO         5029    i.OSTmr_Link        os_tmr.o
    0x08002c04   0x00000084   Code   RO         5030    i.OSTmr_Task        os_tmr.o
    0x08002c88   0x00000044   Code   RO         5031    i.OSTmr_Unlink      os_tmr.o
    0x08002ccc   0x00000064   Code   RO         4229    i.OS_CPU_SysTickInit  os_cpu_c.o
    0x08002d30   0x000000a8   Code   RO         4330    i.OS_EventTaskRdy   os_core.o
    0x08002dd8   0x00000030   Code   RO         4331    i.OS_EventTaskRemove  os_core.o
    0x08002e08   0x0000004e   Code   RO         4332    i.OS_EventTaskRemoveMulti  os_core.o
    0x08002e56   0x00000002   PAD
    0x08002e58   0x00000084   Code   RO         4333    i.OS_EventTaskWait  os_core.o
    0x08002edc   0x0000001a   Code   RO         4335    i.OS_EventWaitListInit  os_core.o
    0x08002ef6   0x00000002   PAD
    0x08002ef8   0x00000058   Code   RO         4538    i.OS_FlagInit       os_flag.o
    0x08002f50   0x00000060   Code   RO         4336    i.OS_InitEventList  os_core.o
    0x08002fb0   0x00000054   Code   RO         4337    i.OS_InitMisc       os_core.o
    0x08003004   0x00000044   Code   RO         4338    i.OS_InitRdyList    os_core.o
    0x08003048   0x00000080   Code   RO         4339    i.OS_InitTCBList    os_core.o
    0x080030c8   0x00000050   Code   RO         4340    i.OS_InitTaskIdle   os_core.o
    0x08003118   0x00000050   Code   RO         4341    i.OS_InitTaskStat   os_core.o
    0x08003168   0x00000012   Code   RO         4342    i.OS_MemClr         os_core.o
    0x0800317a   0x00000002   PAD
    0x0800317c   0x00000058   Code   RO         4670    i.OS_MemInit        os_mem.o
    0x080031d4   0x00000050   Code   RO         4769    i.OS_QInit          os_q.o
    0x08003224   0x00000074   Code   RO         4344    i.OS_Sched          os_core.o
    0x08003298   0x0000002c   Code   RO         4345    i.OS_SchedNew       os_core.o
    0x080032c4   0x00000178   Code   RO         4347    i.OS_TCBInit        os_core.o
    0x0800343c   0x00000028   Code   RO         4348    i.OS_TaskIdle       os_core.o
    0x08003464   0x0000008c   Code   RO         4349    i.OS_TaskStat       os_core.o
    0x080034f0   0x0000003c   Code   RO         4350    i.OS_TaskStatStkChk  os_core.o
    0x0800352c   0x0000001a   Code   RO         4899    i.OS_TaskStkClr     os_task.o
    0x08003546   0x00000014   Code   RO          806    i.PID_BufInit       pid.o
    0x0800355a   0x00000002   PAD
    0x0800355c   0x00000170   Code   RO          807    i.PID_Calc          pid.o
    0x080036cc   0x00000054   Code   RO          808    i.PID_ParaInit      pid.o
    0x08003720   0x0000000c   Code   RO         2876    i.PWR_BackupAccessCmd  stm32f10x_pwr.o
    0x0800372c   0x00000020   Code   RO         1453    i.RCC_APB1PeriphClockCmd  stm32f10x_rcc.o
    0x0800374c   0x00000020   Code   RO         1455    i.RCC_APB2PeriphClockCmd  stm32f10x_rcc.o
    0x0800376c   0x0000018c   Code   RO         1463    i.RCC_GetClocksFreq  stm32f10x_rcc.o
    0x080038f8   0x00000070   Code   RO          891    i.RcvByte           at24c1024.o
    0x08003968   0x00000088   Code   RO          564    i.ReSetPositionOriginal  user.o
    0x080039f0   0x0000001c   Code   RO          892    i.ReadByteEE        at24c1024.o
    0x08003a0c   0x00000002   Code   RO          436    i.SVC_Handler       stm32f10x_it.o
    0x08003a0e   0x00000002   PAD
    0x08003a10   0x00000044   Code   RO          896    i.SendAck           at24c1024.o
    0x08003a54   0x000000a8   Code   RO          897    i.SendByte          at24c1024.o
    0x08003afc   0x00000020   Code   RO          261    i.SendText_UART1    uart.o
    0x08003b1c   0x00000008   Code   RO         4161    i.SetSysClock       system_stm32f10x.o
    0x08003b24   0x00000100   Code   RO         4162    i.SetSysClockTo72   system_stm32f10x.o
    0x08003c24   0x00000034   Code   RO          844    i.SoftReset         jump.o
    0x08003c58   0x00000050   Code   RO          898    i.Start             at24c1024.o
    0x08003ca8   0x0000017c   Code   RO            1    i.StepMotInit       stepmotor.o
    0x08003e24   0x00000060   Code   RO            2    i.StepMotRun1       stepmotor.o
    0x08003e84   0x00000064   Code   RO            3    i.StepMotRun2       stepmotor.o
    0x08003ee8   0x00000068   Code   RO            4    i.StepMotRun3       stepmotor.o
    0x08003f50   0x00000064   Code   RO            5    i.StepMotRun4       stepmotor.o
    0x08003fb4   0x00000068   Code   RO            6    i.StepMotRun5       stepmotor.o
    0x0800401c   0x00000068   Code   RO            7    i.StepMotRun6       stepmotor.o
    0x08004084   0x000002dc   Code   RO           10    i.StepMoterPulseHandler  stepmotor.o
    0x08004360   0x0000003c   Code   RO          899    i.Stop              at24c1024.o
    0x0800439c   0x00000028   Code   RO          437    i.SysTick_Handler   stm32f10x_it.o
    0x080043c4   0x0000006c   Code   RO         4164    i.SystemInit        system_stm32f10x.o
    0x08004430   0x00000020   Code   RO          438    i.TIM3_IRQHandler   stm32f10x_it.o
    0x08004450   0x00000006   Code   RO         3376    i.TIM_ClearITPendingBit  stm32f10x_tim.o
    0x08004456   0x00000018   Code   RO         3381    i.TIM_Cmd           stm32f10x_tim.o
    0x0800446e   0x00000022   Code   RO         3402    i.TIM_GetITStatus   stm32f10x_tim.o
    0x08004490   0x00000018   Code   RO         3406    i.TIM_ITConfig      stm32f10x_tim.o
    0x080044a8   0x00000004   Code   RO         3446    i.TIM_SetCounter    stm32f10x_tim.o
    0x080044ac   0x000000a4   Code   RO         3452    i.TIM_TimeBaseInit  stm32f10x_tim.o
    0x08004550   0x000000b0   Code   RO          566    i.TaskHeat          user.o
    0x08004600   0x0000000e   Code   RO          567    i.TaskInput1        user.o
    0x0800460e   0x00000002   PAD
    0x08004610   0x00000068   Code   RO          568    i.TaskModbus        user.o
    0x08004678   0x00000014   Code   RO          569    i.TaskRecv          user.o
    0x0800468c   0x0000008c   Code   RO          571    i.TaskStatus        user.o
    0x08004718   0x000002ac   Code   RO          572    i.TaskStepMotor     user.o
    0x080049c4   0x00000118   Code   RO          573    i.TaskSyncUp        user.o
    0x08004adc   0x00000050   Code   RO          574    i.TaskTimePr        user.o
    0x08004b2c   0x00000108   Code   RO          575    i.TaskTs            user.o
    0x08004c34   0x0000007c   Code   RO          576    i.TaskVirPwm        user.o
    0x08004cb0   0x00000008   Code   RO          441    i.USART1_IRQHandler  stm32f10x_it.o
    0x08004cb8   0x000000e0   Code   RO         1070    i.USART1_RxTxISRHandler  hd_159.o
    0x08004d98   0x00000020   Code   RO         1071    i.USART1_TxIntEn    hd_159.o
    0x08004db8   0x00000002   Code   RO          442    i.USART2_IRQHandler  stm32f10x_it.o
    0x08004dba   0x0000001e   Code   RO         3914    i.USART_ClearITPendingBit  stm32f10x_usart.o
    0x08004dd8   0x00000018   Code   RO         3917    i.USART_Cmd         stm32f10x_usart.o
    0x08004df0   0x00000054   Code   RO         3921    i.USART_GetITStatus  stm32f10x_usart.o
    0x08004e44   0x00000048   Code   RO         3923    i.USART_ITConfig    stm32f10x_usart.o
    0x08004e8c   0x000000d8   Code   RO         3924    i.USART_Init        stm32f10x_usart.o
    0x08004f64   0x0000000a   Code   RO         3931    i.USART_ReceiveData  stm32f10x_usart.o
    0x08004f6e   0x00000008   Code   RO         3934    i.USART_SendData    stm32f10x_usart.o
    0x08004f76   0x00000002   PAD
    0x08004f78   0x00000038   Code   RO          262    i.Uart1BufInit      uart.o
    0x08004fb0   0x000000b0   Code   RO          263    i.Uart1CharSend     uart.o
    0x08005060   0x00000004   Code   RO          444    i.UsageFault_Handler  stm32f10x_it.o
    0x08005064   0x000000a8   Code   RO          580    i.VirtualPwmOutPin  user.o
    0x0800510c   0x0000001a   Code   RO         5352    i._GetParamCheck    parameter.o
    0x08005126   0x0000001e   Code   RO         5423    i._MakeReadRegRespone  modbusprocess.o
    0x08005144   0x00000014   Code   RO         5424    i._MakeWriteRegRespone  modbusprocess.o
    0x08005158   0x0000006c   Code   RO         5425    i._ModbusParameterProcess  modbusprocess.o
    0x080051c4   0x0000001c   Code   RO         5426    i._ModbusReadBit    modbusprocess.o
    0x080051e0   0x0000001c   Code   RO         5428    i._ModbusWriteBit   modbusprocess.o
    0x080051fc   0x00000006   Code   RO         5353    i._Param_SwapMemery  parameter.o
    0x08005202   0x00000028   Code   RO         5430    i._PlaceModbusFloat  modbusprocess.o
    0x0800522a   0x00000026   Code   RO         5431    i._SendModbusPark   modbusprocess.o
    0x08005250   0x0000001a   Code   RO         5432    i._SendStringUartx  modbusprocess.o
    0x0800526a   0x0000000e   Code   RO         5598    i.__scatterload_copy  handlers.o(mc_w.l)
    0x08005278   0x00000002   Code   RO         5599    i.__scatterload_null  handlers.o(mc_w.l)
    0x0800527a   0x0000000e   Code   RO         5600    i.__scatterload_zeroinit  handlers.o(mc_w.l)
    0x08005288   0x00000018   Code   RO          769    i.delay_us          ads8328.o
    0x080052a0   0x00000080   Code   RO          900    i.i2RcvChar         at24c1024.o
    0x08005320   0x00000060   Code   RO          229    i.main              main.o
    0x08005380   0x00000010   Code   RO          907    i.nop_              at24c1024.o
    0x08005390   0x0000001e   Code   RO          530    i.uctsk_Blink       soft.o
    0x080053ae   0x00000002   PAD
    0x080053b0   0x00000074   Data   RO         4203    .constdata          os_dbg.o
    0x08005424   0x00000100   Data   RO         4352    .constdata          os_core.o
    0x08005524   0x00000020   Data   RO         5596    Region$$Table       anon$$obj.o


    Execution Region RW_IRAM1 (Base: 0x20000000, Size: 0x00003b98, Max: 0x00010000, ABSOLUTE, COMPRESSED[0x00000144])

    Base Addr    Size         Type   Attr      Idx    E Section Name        Object

    0x20000000   0x00000004   Data   RW           12    .data               stepmotor.o
    0x20000004   0x0000000e   Data   RW          265    .data               uart.o
    0x20000012   0x00000002   PAD
    0x20000014   0x0000001b   Data   RW          582    .data               user.o
    0x2000002f   0x00000001   PAD
    0x20000030   0x00000006   Data   RW          845    .data               jump.o
    0x20000036   0x00000001   Data   RW          908    .data               at24c1024.o
    0x20000037   0x00000014   Data   RW         1491    .data               stm32f10x_rcc.o
    0x2000004b   0x00000001   PAD
    0x2000004c   0x00000014   Data   RW         4165    .data               system_stm32f10x.o
    0x20000060   0x00000002   Data   RW         4230    .data               os_cpu_c.o
    0x20000062   0x00000002   PAD
    0x20000064   0x00000060   Data   RW         4353    .data               os_core.o
    0x200000c4   0x00000006   Data   RW         5356    .data               parameter.o
    0x200000ca   0x00000200   Data   RW         5434    .data               modbusprocess.o
    0x200002ca   0x00000002   PAD
    0x200002cc   0x00000078   Zero   RW           11    .bss                stepmotor.o
    0x20000344   0x00000108   Zero   RW          230    .bss                main.o
    0x2000044c   0x00000224   Zero   RW          264    .bss                uart.o
    0x20000670   0x0000149c   Zero   RW          531    .bss                soft.o
    0x20001b0c   0x00000164   Zero   RW          581    .bss                user.o
    0x20001c70   0x00000200   Zero   RW          809    .bss                pid.o
    0x20001e70   0x00001228   Zero   RW         4351    .bss                os_core.o
    0x20003098   0x000002fc   Zero   RW         5355    .bss                parameter.o
    0x20003394   0x000000fb   Zero   RW         5433    .bss                modbusprocess.o
    0x2000348f   0x00000001   PAD
    0x20003490   0x00000306   Zero   RW         5517    .bss                modbusrecv.o
    0x20003796   0x00000002   PAD
    0x20003798   0x00000400   Zero   RW         4195    STACK               startup_stm32f10x_ld.o


==============================================================================

Image component sizes


      Code (inc. data)   RO Data    RW Data    ZI Data      Debug   Object Name

       524         14          0          0          0       3631   ads8328.o
       672         38          0          1          0       4892   at24c1024.o
        32          0          0          0          0        452   core_cm3.o
        42          0          0          0          0        284   cpu_a.o
       864         66          0          0          0       2945   hd_159.o
       458         34          0          6          0      17978   jump.o
       122          0          0          0          0       2121   loopbuf.o
       194         36          0          0        264       2107   main.o
       136         24          0          0          0       1587   misc.o
       666         36          0        512        251       8458   modbusprocess.o
       452         18          0          0        774       2724   modbusrecv.o
        12          0          0          0          0       2513   os_apphooks.o
      2626        414        256         96       4648      23914   os_core.o
       164         32          0          0          0        336   os_cpu_a.o
       356         22          0          2          0      30826   os_cpu_c.o
       348        230        116          0          0       3478   os_dbg.o
        88         14          0          0          0        578   os_flag.o
        88         14          0          0          0        521   os_mem.o
        80          8          0          0          0        551   os_q.o
       426         26          0          0          0       2330   os_sem.o
       878         64          0          0          0       5172   os_task.o
       260         30          0          0          0       1396   os_time.o
       652        136          0          0          0       3755   os_tmr.o
       750        162          0          6        764       6227   parameter.o
       472         50          0          0        512       3044   pid.o
       864        250          0          0       5276       2384   soft.o
        36          8        236          0       1024        576   startup_stm32f10x_ld.o
      1720        146          0          4        120     296432   stepmotor.o
        56         18          0          0          0       2675   stm32f10x_bkp.o
       302          0          0          0          0       4281   stm32f10x_gpio.o
       104         12          0          0          0       4539   stm32f10x_it.o
        12          6          0          0          0        526   stm32f10x_pwr.o
       460         34          0         20          0       5282   stm32f10x_rcc.o
       256         42          0          0          0       4215   stm32f10x_tim.o
       444          6          0          0          0       6281   stm32f10x_usart.o
       372         32          0         20          0       2089   system_stm32f10x.o
       264         36          0         14        548       2361   uart.o
      3030        310          0         27        356      12527   user.o

    ----------------------------------------------------------------------
     19316       2368        640        716      14540     475988   Object Totals
         0          0         32          0          0          0   (incl. Generated)
        34          0          0          8          3          2   (incl. Padding)

    ----------------------------------------------------------------------

      Code (inc. data)   RO Data    RW Data    ZI Data      Debug   Library Member Name

        88          0          0          0          0          0   __dczerorl2.o
        76          2          0          0          0         68   cdcmple.o
        20          0          0          0          0         68   cfcmple.o
        20          0          0          0          0         68   cfrcmple.o
        58          0          0          0          0         96   d2f.o
       414          0          0          0          0        184   dadd.o
       200          4          0          0          0        136   depilogue.o
        26          0          0          0          0         76   dfltui.o
       232          0          0          0          0         96   dmul.o
         0          0          0          0          0          0   entry.o
         8          4          0          0          0          0   entry2.o
         4          0          0          0          0          0   entry5.o
         8          4          0          0          0          0   entry7.o
        36          0          0          0          0         68   f2d.o
       168          0          0          0          0        144   fadd.o
       108          0          0          0          0         96   fdiv.o
        92          0          0          0          0        152   fepilogue.o
        50          0          0          0          0         68   ffixi.o
        20          0          0          0          0         68   fflti.o
        10          0          0          0          0         68   ffltui.o
       102          0          0          0          0         76   fmul.o
        30          0          0          0          0          0   handlers.o
        36          8          0          0          0         68   init.o
         0          0          0          0          0          0   iusefp.o
        32          0          0          0          0         68   llshl.o
        30          0          0          0          0         68   llushr.o

    ----------------------------------------------------------------------
      1872         22          0          0          0       1736   Library Totals
         4          0          0          0          0          0   (incl. Padding)

    ----------------------------------------------------------------------

      Code (inc. data)   RO Data    RW Data    ZI Data      Debug   Library Name

       236         16          0          0          0        204   mc_w.l
      1632          6          0          0          0       1532   mf_w.l

    ----------------------------------------------------------------------
      1872         22          0          0          0       1736   Library Totals

    ----------------------------------------------------------------------

==============================================================================


      Code (inc. data)   RO Data    RW Data    ZI Data      Debug   

     21188       2390        640        716      14540     467376   Grand Totals
     21188       2390        640        324      14540     467376   ELF Image Totals (compressed)
     21188       2390        640        324          0          0   ROM Totals

==============================================================================

    Total RO  Size (Code + RO Data)                21828 (  21.32kB)
    Total RW  Size (RW Data + ZI Data)             15256 (  14.90kB)
    Total ROM Size (Code + RO Data + RW Data)      22152 (  21.63kB)

==============================================================================

