<html>
<body>
<pre>
<h1>µVision3 Build Log</h1>
<h2>Project:</h2>
D:\Work2017\cur_work\Code_Water\StepWaterCC\MDK-ARM\StepWaterCC.uv2
Project File Date:  02/13/2017

<h2>Output:</h2>
Build target 'STM32_Mode'
compiling StepMotor.c...
..\USER\App\pid.h(72): error:  #20: identifier "Error" is undefined
compiling main.c...
..\USER\App\pid.h(72): error:  #20: identifier "Error" is undefined
compiling uart.c...
..\USER\App\pid.h(72): error:  #20: identifier "Error" is undefined
compiling NOMAL.c...
..\USER\App\pid.h(72): error:  #20: identifier "Error" is undefined
compiling LoopBuf.c...
..\USER\App\pid.h(72): error:  #20: identifier "Error" is undefined
compiling stm32f10x_it.c...
..\USER\App\pid.h(72): error:  #20: identifier "Error" is undefined
Project build/rebuild aborted.
Target not created
Build target 'STM32_Mode'
compiling StepMotor.c...
compiling main.c...
compiling uart.c...
compiling NOMAL.c...
compiling LoopBuf.c...
compiling stm32f10x_it.c...
compiling uctsk_OSView.c...
compiling Soft.c...
compiling user.c...
..\USER\App\user.c(269): warning:  #177-D: variable "err" was declared but never referenced
..\USER\App\user.c(454): warning:  #177-D: variable "err" was declared but never referenced
..\USER\App\user.c(518): warning:  #177-D: variable "err" was declared but never referenced
..\USER\App\user.c(519): warning:  #177-D: variable "i" was declared but never referenced
..\USER\App\user.c(588): warning:  #177-D: variable "err" was declared but never referenced
..\USER\App\user.c(652): warning:  #177-D: variable "err" was declared but never referenced
..\USER\App\user.c(742): warning:  #177-D: variable "err" was declared but never referenced
..\USER\App\user.c(977): warning:  #177-D: variable "err" was declared but never referenced
..\USER\App\user.c(1275): warning:  #550-D: variable "kd" was set but never used
compiling adc.c...
compiling Test.c...
compiling ADS8328.c...
compiling PID_INC.C...
compiling PID.c...
compiling jump.c...
compiling AT24C1024.C...
..\USER\App\AT24C1024.C(324): warning:  #550-D: variable "btemp" was set but never used
compiling HD_159.c...
compiling os_cpu_c.c...
compiling OS_AppHooks.c...
compiling os_view.c...
compiling os_viewc.c...
compiling Parameter.c...
..\USER\App\Parameter.c(305): warning:  #177-D: variable "i" was declared but never referenced
compiling ModbusProcess.c...
..\USER\App\ModbusProcess.c(49): warning:  #177-D: variable "i" was declared but never referenced
..\USER\App\ModbusProcess.c(145): warning:  #550-D: variable "ParaAdrress" was set but never used
..\USER\App\ModbusProcess.c(146): warning:  #550-D: variable "ParaNumb" was set but never used
..\USER\App\ModbusProcess.c(163): warning:  #550-D: variable "ParaAdrress" was set but never used
..\USER\App\ModbusProcess.c(164): warning:  #550-D: variable "ParaNumb" was set but never used
..\USER\App\ModbusProcess.c(280): warning:  #177-D: variable "i" was declared but never referenced
..\USER\App\ModbusProcess.c(280): warning:  #177-D: variable "j" was declared but never referenced
compiling ModbusRecv.c...
linking...
Program Size: Code=19448 RO-data=700 RW-data=708 ZI-data=14340  
FromELF: creating hex file...
".\Obj\StepWaterCC.axf" - 0 Error(s), 18 Warning(s).
Build target 'STM32_Mode'
compiling user.c...
..\USER\App\user.c(269): warning:  #177-D: variable "err" was declared but never referenced
..\USER\App\user.c(454): warning:  #177-D: variable "err" was declared but never referenced
..\USER\App\user.c(518): warning:  #177-D: variable "err" was declared but never referenced
..\USER\App\user.c(519): warning:  #177-D: variable "i" was declared but never referenced
..\USER\App\user.c(588): warning:  #177-D: variable "err" was declared but never referenced
..\USER\App\user.c(652): warning:  #177-D: variable "err" was declared but never referenced
..\USER\App\user.c(742): warning:  #177-D: variable "err" was declared but never referenced
..\USER\App\user.c(977): warning:  #177-D: variable "err" was declared but never referenced
..\USER\App\user.c(1275): warning:  #550-D: variable "kd" was set but never used
linking...
Program Size: Code=19448 RO-data=700 RW-data=708 ZI-data=14340  
FromELF: creating hex file...
".\Obj\StepWaterCC.axf" - 0 Error(s), 9 Warning(s).
Build target 'STM32_Mode'
compiling user.c...
..\USER\App\user.c(269): warning:  #177-D: variable "err" was declared but never referenced
..\USER\App\user.c(454): warning:  #177-D: variable "err" was declared but never referenced
..\USER\App\user.c(518): warning:  #177-D: variable "err" was declared but never referenced
..\USER\App\user.c(519): warning:  #177-D: variable "i" was declared but never referenced
..\USER\App\user.c(588): warning:  #177-D: variable "err" was declared but never referenced
..\USER\App\user.c(652): warning:  #177-D: variable "err" was declared but never referenced
..\USER\App\user.c(742): warning:  #177-D: variable "err" was declared but never referenced
..\USER\App\user.c(977): warning:  #177-D: variable "err" was declared but never referenced
..\USER\App\user.c(1275): warning:  #550-D: variable "kd" was set but never used
linking...
Program Size: Code=19448 RO-data=700 RW-data=708 ZI-data=14340  
FromELF: creating hex file...
".\Obj\StepWaterCC.axf" - 0 Error(s), 9 Warning(s).
Build target 'STM32_Mode'
compiling user.c...
..\USER\App\user.c(269): warning:  #177-D: variable "err" was declared but never referenced
..\USER\App\user.c(454): warning:  #177-D: variable "err" was declared but never referenced
..\USER\App\user.c(518): warning:  #177-D: variable "err" was declared but never referenced
..\USER\App\user.c(519): warning:  #177-D: variable "i" was declared but never referenced
..\USER\App\user.c(588): warning:  #177-D: variable "err" was declared but never referenced
..\USER\App\user.c(652): warning:  #177-D: variable "err" was declared but never referenced
..\USER\App\user.c(742): warning:  #177-D: variable "err" was declared but never referenced
..\USER\App\user.c(977): warning:  #177-D: variable "err" was declared but never referenced
..\USER\App\user.c(1280): warning:  #550-D: variable "kd" was set but never used
linking...
Program Size: Code=19468 RO-data=700 RW-data=708 ZI-data=14340  
FromELF: creating hex file...
".\Obj\StepWaterCC.axf" - 0 Error(s), 9 Warning(s).
