<html>
<body>
<pre>
<h1>µVision3 Build Log</h1>
<h2>Project:</h2>
E:\working_public\Code_Water\StepWaterCC\MDK-ARM\StepWaterCC.uv2
Project File Date:  02/13/2017

<h2>Output:</h2>
Build target 'STM32_Mode'
compiling user.c...
..\USER\App\user.c(275): warning:  #177-D: variable "err" was declared but never referenced
..\USER\App\user.c(460): warning:  #177-D: variable "err" was declared but never referenced
..\USER\App\user.c(524): warning:  #177-D: variable "err" was declared but never referenced
..\USER\App\user.c(525): warning:  #177-D: variable "i" was declared but never referenced
..\USER\App\user.c(620): warning:  #177-D: variable "err" was declared but never referenced
..\USER\App\user.c(684): warning:  #177-D: variable "err" was declared but never referenced
..\USER\App\user.c(774): warning:  #177-D: variable "err" was declared but never referenced
..\USER\App\user.c(1009): warning:  #177-D: variable "err" was declared but never referenced
..\USER\App\user.c(1325): warning:  #550-D: variable "kd" was set but never used
linking...
Program Size: Code=19552 RO-data=700 RW-data=708 ZI-data=14340  
FromELF: creating hex file...
".\Obj\StepWaterCC.axf" - 0 Error(s), 9 Warning(s).
</pre>
</body>
</html>
