<!doctype html public "-//w3c//dtd html 4.0 transitional//en">
<html><head>
<title>Static Call Graph - [.\Obj\StepWaterCC.axf]</title></head>
<body><HR>
<H1>Static Call Graph for image .\Obj\StepWaterCC.axf</H1><HR>
<BR><P>#&#060CALLGRAPH&#062# ARM Linker, RVCT4.0 [Build 524]: Last Updated: Wed Apr 12 12:44:53 2017
<BR><P>
<H3>Maximum Stack Usage =        216 bytes + Unknown(Functions without stacksize, Cycles, Untraceable Function Pointers)</H3><H3>
Call chain for Maximum Stack Depth:</H3>
TaskTs &rArr; CHECK_AD590OneTCCheckUseADS8328 &rArr; ADS8328_DataConvert &rArr; ADS8328_ReadWord
<P>
<H3>
Functions with no stack information
</H3><UL>
 <LI><a href="#[d0aa78]">OS_CPU_SR_Save</a>
 <LI><a href="#[d0aab4]">OS_CPU_SR_Restore</a>
 <LI><a href="#[18909b4]">OSStartHighRdy</a>
 <LI><a href="#[1890978]">OSCtxSw</a>
 <LI><a href="#[189093c]">OSIntCtxSw</a>
 <LI><a href="#[1890900]">PendSV_Handler</a>
 <LI><a href="#[d0bb94]">CPU_IntDis</a>
 <LI><a href="#[18ef6b8]">CPU_IntEn</a>
 <LI><a href="#[d52dd0]">CPU_SR_Save</a>
 <LI><a href="#[d52e0c]">CPU_SR_Restore</a>
 <LI><a href="#[18ef67c]">CPU_CntLeadZeros</a>
 <LI><a href="#[18ef7e4]">CPU_RevBits</a>
 <LI><a href="#[18ef640]">CPU_WaitForInt</a>
 <LI><a href="#[18ef604]">CPU_WaitForExcept</a>
</UL>
</UL>
<P>
<H3>
Mutually Recursive functions
</H3> <LI><a href="#[1894230]">ADC1_2_IRQHandler</a>&nbsp;&nbsp;&nbsp;&rArr;&nbsp;&nbsp;&nbsp;<a href="#[1894230]">ADC1_2_IRQHandler</a><BR>
 <LI><a href="#[18e80d4]">_float_round</a>&nbsp;&nbsp;&nbsp;&rArr;&nbsp;&nbsp;&nbsp;<a href="#[18e80d4]">_float_round</a><BR>
</UL>
<P>
<H3>
Function Pointers
</H3><UL>
 <LI><a href="#[1894488]">Reset_Handler</a>
 <LI><a href="#[d0701c]">NMI_Handler</a>
 <LI><a href="#[d07094]">HardFault_Handler</a>
 <LI><a href="#[d07058]">MemManage_Handler</a>
 <LI><a href="#[d0710c]">BusFault_Handler</a>
 <LI><a href="#[d06e00]">UsageFault_Handler</a>
 <LI><a href="#[d06fe0]">SVC_Handler</a>
 <LI><a href="#[d070d0]">DebugMon_Handler</a>
 <LI><a href="#[1890900]">PendSV_Handler</a>
 <LI><a href="#[d06fa4]">SysTick_Handler</a>
 <LI><a href="#[1893984]">WWDG_IRQHandler</a>
 <LI><a href="#[1893d80]">PVD_IRQHandler</a>
 <LI><a href="#[1893c54]">TAMPER_IRQHandler</a>
 <LI><a href="#[1893ccc]">RTC_IRQHandler</a>
 <LI><a href="#[1893e34]">FLASH_IRQHandler</a>
 <LI><a href="#[1893d44]">RCC_IRQHandler</a>
 <LI><a href="#[1893fd8]">EXTI0_IRQHandler</a>
 <LI><a href="#[1893f60]">EXTI1_IRQHandler</a>
 <LI><a href="#[1893f24]">EXTI2_IRQHandler</a>
 <LI><a href="#[1893ee8]">EXTI3_IRQHandler</a>
 <LI><a href="#[1893eac]">EXTI4_IRQHandler</a>
 <LI><a href="#[189417c]">DMA1_Channel1_IRQHandler</a>
 <LI><a href="#[1894140]">DMA1_Channel2_IRQHandler</a>
 <LI><a href="#[1894104]">DMA1_Channel3_IRQHandler</a>
 <LI><a href="#[18940c8]">DMA1_Channel4_IRQHandler</a>
 <LI><a href="#[189408c]">DMA1_Channel5_IRQHandler</a>
 <LI><a href="#[1894050]">DMA1_Channel6_IRQHandler</a>
 <LI><a href="#[1894014]">DMA1_Channel7_IRQHandler</a>
 <LI><a href="#[1894230]">ADC1_2_IRQHandler</a>
 <LI><a href="#[18939fc]">USB_HP_CAN1_TX_IRQHandler</a>
 <LI><a href="#[18939c0]">USB_LP_CAN1_RX0_IRQHandler</a>
 <LI><a href="#[18941f4]">CAN1_RX1_IRQHandler</a>
 <LI><a href="#[18941b8]">CAN1_SCE_IRQHandler</a>
 <LI><a href="#[1893e70]">EXTI9_5_IRQHandler</a>
 <LI><a href="#[1893c18]">TIM1_BRK_IRQHandler</a>
 <LI><a href="#[1893b64]">TIM1_UP_IRQHandler</a>
 <LI><a href="#[1893ba0]">TIM1_TRG_COM_IRQHandler</a>
 <LI><a href="#[1893bdc]">TIM1_CC_IRQHandler</a>
 <LI><a href="#[1893b28]">TIM2_IRQHandler</a>
 <LI><a href="#[d06f68]">TIM3_IRQHandler</a>
 <LI><a href="#[1893dbc]">I2C1_EV_IRQHandler</a>
 <LI><a href="#[1893df8]">I2C1_ER_IRQHandler</a>
 <LI><a href="#[1893c90]">SPI1_IRQHandler</a>
 <LI><a href="#[d06eb4]">USART1_IRQHandler</a>
 <LI><a href="#[d06e78]">USART2_IRQHandler</a>
 <LI><a href="#[1893f9c]">EXTI15_10_IRQHandler</a>
 <LI><a href="#[1893d08]">RTCAlarm_IRQHandler</a>
 <LI><a href="#[1893a38]">USBWakeUp_IRQHandler</a>
 <LI><a href="#[d0bc0c]">main</a>
 <LI><a href="#[1894848]">SystemInit</a>
 <LI><a href="#[18e96dc]">__main</a>
 <LI><a href="#[1890d74]">OSTaskSwHook</a>
 <LI><a href="#[d060e0]">uctsk_Blink</a>
 <LI><a href="#[d0611c]">MyTASK</a>
 <LI><a href="#[d05d5c]">TaskRecv</a>
 <LI><a href="#[d05c30]">TaskTs</a>
 <LI><a href="#[d05ca8]">TaskSyncUp</a>
 <LI><a href="#[d05dd4]">TaskInput1</a>
 <LI><a href="#[d05bf4]">TaskVirPwm</a>
 <LI><a href="#[d05d98]">TaskModbus</a>
 <LI><a href="#[d05ce4]">TaskStepMotor</a>
 <LI><a href="#[d05c6c]">TaskTimePr</a>
 <LI><a href="#[d05e10]">TaskHeat</a>
 <LI><a href="#[d05d20]">TaskStatus</a>
 <LI><a href="#[18f156c]">OSTmr_Task</a>
 <LI><a href="#[188c79c]">OS_TaskIdle</a>
 <LI><a href="#[188c760]">OS_TaskStat</a>
 <LI><a href="#[d0bedc]">App_TaskStart</a>
</UL>
<P>
<H3>
Global Symbols
</H3>
<P><STRONG><a name="[18e96dc]"></a>__main</STRONG> (Thumb, 0 bytes, Stack size unknown bytes, entry.o(.ARM.Collect$$$$00000000))
<BR>[Address Reference Count : 1]<UL><LI> startup_stm32f10x_ld.o(.text)
</UL>
<P><STRONG><a name="[18e8764]"></a>_main_stk</STRONG> (Thumb, 0 bytes, Stack size unknown bytes, entry2.o(.ARM.Collect$$$$00000001))

<P><STRONG><a name="[18e8638]"></a>_main_scatterload</STRONG> (Thumb, 0 bytes, Stack size unknown bytes, entry5.o(.ARM.Collect$$$$00000004))
<BR><BR>[Calls]<UL><LI><a href="#[18e7ef4]">&gt;&gt;</a>&nbsp;&nbsp;&nbsp;__scatterload
</UL>

<P><STRONG><a name="[18e85fc]"></a>__main_after_scatterload</STRONG> (Thumb, 0 bytes, Stack size unknown bytes, entry5.o(.ARM.Collect$$$$00000004))
<BR><BR>[Called By]<UL><LI><a href="#[18e7ef4]">&gt;&gt;</a>&nbsp;&nbsp;&nbsp;__scatterload
</UL>

<P><STRONG><a name="[18e850c]"></a>_main_init</STRONG> (Thumb, 0 bytes, Stack size unknown bytes, entry7.o(.ARM.Collect$$$$00000007))

<P><STRONG><a name="[189534c]"></a>__get_PSP</STRONG> (Thumb, 6 bytes, Stack size 0 bytes, core_cm3.o(.emb_text), UNUSED)

<P><STRONG><a name="[1895310]"></a>__set_PSP</STRONG> (Thumb, 6 bytes, Stack size 0 bytes, core_cm3.o(.emb_text), UNUSED)

<P><STRONG><a name="[18952d4]"></a>__get_MSP</STRONG> (Thumb, 6 bytes, Stack size 0 bytes, core_cm3.o(.emb_text), UNUSED)

<P><STRONG><a name="[d56fe8]"></a>__set_MSP</STRONG> (Thumb, 6 bytes, Stack size 0 bytes, core_cm3.o(.emb_text))
<BR><BR>[Called By]<UL><LI><a href="#[d571c8]">&gt;&gt;</a>&nbsp;&nbsp;&nbsp;JumpAppAdr
</UL>

<P><STRONG><a name="[1895298]"></a>__REV16</STRONG> (Thumb, 4 bytes, Stack size 0 bytes, core_cm3.o(.emb_text), UNUSED)

<P><STRONG><a name="[189525c]"></a>__REVSH</STRONG> (Thumb, 4 bytes, Stack size 0 bytes, core_cm3.o(.emb_text), UNUSED)

<P><STRONG><a name="[1894488]"></a>Reset_Handler</STRONG> (Thumb, 8 bytes, Stack size 0 bytes, startup_stm32f10x_ld.o(.text))
<BR>[Address Reference Count : 1]<UL><LI> startup_stm32f10x_ld.o(RESET)
</UL>
<P><STRONG><a name="[1894230]"></a>ADC1_2_IRQHandler</STRONG> (Thumb, 0 bytes, Stack size 0 bytes, startup_stm32f10x_ld.o(.text))
<BR><BR>[Calls]<UL><LI><a href="#[1894230]">&gt;&gt;</a>&nbsp;&nbsp;&nbsp;ADC1_2_IRQHandler
</UL>
<BR>[Called By]<UL><LI><a href="#[1894230]">&gt;&gt;</a>&nbsp;&nbsp;&nbsp;ADC1_2_IRQHandler
</UL>
<BR>[Address Reference Count : 1]<UL><LI> startup_stm32f10x_ld.o(RESET)
</UL>
<P><STRONG><a name="[18941f4]"></a>CAN1_RX1_IRQHandler</STRONG> (Thumb, 0 bytes, Stack size 0 bytes, startup_stm32f10x_ld.o(.text))
<BR>[Address Reference Count : 1]<UL><LI> startup_stm32f10x_ld.o(RESET)
</UL>
<P><STRONG><a name="[18941b8]"></a>CAN1_SCE_IRQHandler</STRONG> (Thumb, 0 bytes, Stack size 0 bytes, startup_stm32f10x_ld.o(.text))
<BR>[Address Reference Count : 1]<UL><LI> startup_stm32f10x_ld.o(RESET)
</UL>
<P><STRONG><a name="[189417c]"></a>DMA1_Channel1_IRQHandler</STRONG> (Thumb, 0 bytes, Stack size 0 bytes, startup_stm32f10x_ld.o(.text))
<BR>[Address Reference Count : 1]<UL><LI> startup_stm32f10x_ld.o(RESET)
</UL>
<P><STRONG><a name="[1894140]"></a>DMA1_Channel2_IRQHandler</STRONG> (Thumb, 0 bytes, Stack size 0 bytes, startup_stm32f10x_ld.o(.text))
<BR>[Address Reference Count : 1]<UL><LI> startup_stm32f10x_ld.o(RESET)
</UL>
<P><STRONG><a name="[1894104]"></a>DMA1_Channel3_IRQHandler</STRONG> (Thumb, 0 bytes, Stack size 0 bytes, startup_stm32f10x_ld.o(.text))
<BR>[Address Reference Count : 1]<UL><LI> startup_stm32f10x_ld.o(RESET)
</UL>
<P><STRONG><a name="[18940c8]"></a>DMA1_Channel4_IRQHandler</STRONG> (Thumb, 0 bytes, Stack size 0 bytes, startup_stm32f10x_ld.o(.text))
<BR>[Address Reference Count : 1]<UL><LI> startup_stm32f10x_ld.o(RESET)
</UL>
<P><STRONG><a name="[189408c]"></a>DMA1_Channel5_IRQHandler</STRONG> (Thumb, 0 bytes, Stack size 0 bytes, startup_stm32f10x_ld.o(.text))
<BR>[Address Reference Count : 1]<UL><LI> startup_stm32f10x_ld.o(RESET)
</UL>
<P><STRONG><a name="[1894050]"></a>DMA1_Channel6_IRQHandler</STRONG> (Thumb, 0 bytes, Stack size 0 bytes, startup_stm32f10x_ld.o(.text))
<BR>[Address Reference Count : 1]<UL><LI> startup_stm32f10x_ld.o(RESET)
</UL>
<P><STRONG><a name="[1894014]"></a>DMA1_Channel7_IRQHandler</STRONG> (Thumb, 0 bytes, Stack size 0 bytes, startup_stm32f10x_ld.o(.text))
<BR>[Address Reference Count : 1]<UL><LI> startup_stm32f10x_ld.o(RESET)
</UL>
<P><STRONG><a name="[1893fd8]"></a>EXTI0_IRQHandler</STRONG> (Thumb, 0 bytes, Stack size 0 bytes, startup_stm32f10x_ld.o(.text))
<BR>[Address Reference Count : 1]<UL><LI> startup_stm32f10x_ld.o(RESET)
</UL>
<P><STRONG><a name="[1893f9c]"></a>EXTI15_10_IRQHandler</STRONG> (Thumb, 0 bytes, Stack size 0 bytes, startup_stm32f10x_ld.o(.text))
<BR>[Address Reference Count : 1]<UL><LI> startup_stm32f10x_ld.o(RESET)
</UL>
<P><STRONG><a name="[1893f60]"></a>EXTI1_IRQHandler</STRONG> (Thumb, 0 bytes, Stack size 0 bytes, startup_stm32f10x_ld.o(.text))
<BR>[Address Reference Count : 1]<UL><LI> startup_stm32f10x_ld.o(RESET)
</UL>
<P><STRONG><a name="[1893f24]"></a>EXTI2_IRQHandler</STRONG> (Thumb, 0 bytes, Stack size 0 bytes, startup_stm32f10x_ld.o(.text))
<BR>[Address Reference Count : 1]<UL><LI> startup_stm32f10x_ld.o(RESET)
</UL>
<P><STRONG><a name="[1893ee8]"></a>EXTI3_IRQHandler</STRONG> (Thumb, 0 bytes, Stack size 0 bytes, startup_stm32f10x_ld.o(.text))
<BR>[Address Reference Count : 1]<UL><LI> startup_stm32f10x_ld.o(RESET)
</UL>
<P><STRONG><a name="[1893eac]"></a>EXTI4_IRQHandler</STRONG> (Thumb, 0 bytes, Stack size 0 bytes, startup_stm32f10x_ld.o(.text))
<BR>[Address Reference Count : 1]<UL><LI> startup_stm32f10x_ld.o(RESET)
</UL>
<P><STRONG><a name="[1893e70]"></a>EXTI9_5_IRQHandler</STRONG> (Thumb, 0 bytes, Stack size 0 bytes, startup_stm32f10x_ld.o(.text))
<BR>[Address Reference Count : 1]<UL><LI> startup_stm32f10x_ld.o(RESET)
</UL>
<P><STRONG><a name="[1893e34]"></a>FLASH_IRQHandler</STRONG> (Thumb, 0 bytes, Stack size 0 bytes, startup_stm32f10x_ld.o(.text))
<BR>[Address Reference Count : 1]<UL><LI> startup_stm32f10x_ld.o(RESET)
</UL>
<P><STRONG><a name="[1893df8]"></a>I2C1_ER_IRQHandler</STRONG> (Thumb, 0 bytes, Stack size 0 bytes, startup_stm32f10x_ld.o(.text))
<BR>[Address Reference Count : 1]<UL><LI> startup_stm32f10x_ld.o(RESET)
</UL>
<P><STRONG><a name="[1893dbc]"></a>I2C1_EV_IRQHandler</STRONG> (Thumb, 0 bytes, Stack size 0 bytes, startup_stm32f10x_ld.o(.text))
<BR>[Address Reference Count : 1]<UL><LI> startup_stm32f10x_ld.o(RESET)
</UL>
<P><STRONG><a name="[1893d80]"></a>PVD_IRQHandler</STRONG> (Thumb, 0 bytes, Stack size 0 bytes, startup_stm32f10x_ld.o(.text))
<BR>[Address Reference Count : 1]<UL><LI> startup_stm32f10x_ld.o(RESET)
</UL>
<P><STRONG><a name="[1893d44]"></a>RCC_IRQHandler</STRONG> (Thumb, 0 bytes, Stack size 0 bytes, startup_stm32f10x_ld.o(.text))
<BR>[Address Reference Count : 1]<UL><LI> startup_stm32f10x_ld.o(RESET)
</UL>
<P><STRONG><a name="[1893d08]"></a>RTCAlarm_IRQHandler</STRONG> (Thumb, 0 bytes, Stack size 0 bytes, startup_stm32f10x_ld.o(.text))
<BR>[Address Reference Count : 1]<UL><LI> startup_stm32f10x_ld.o(RESET)
</UL>
<P><STRONG><a name="[1893ccc]"></a>RTC_IRQHandler</STRONG> (Thumb, 0 bytes, Stack size 0 bytes, startup_stm32f10x_ld.o(.text))
<BR>[Address Reference Count : 1]<UL><LI> startup_stm32f10x_ld.o(RESET)
</UL>
<P><STRONG><a name="[1893c90]"></a>SPI1_IRQHandler</STRONG> (Thumb, 0 bytes, Stack size 0 bytes, startup_stm32f10x_ld.o(.text))
<BR>[Address Reference Count : 1]<UL><LI> startup_stm32f10x_ld.o(RESET)
</UL>
<P><STRONG><a name="[1893c54]"></a>TAMPER_IRQHandler</STRONG> (Thumb, 0 bytes, Stack size 0 bytes, startup_stm32f10x_ld.o(.text))
<BR>[Address Reference Count : 1]<UL><LI> startup_stm32f10x_ld.o(RESET)
</UL>
<P><STRONG><a name="[1893c18]"></a>TIM1_BRK_IRQHandler</STRONG> (Thumb, 0 bytes, Stack size 0 bytes, startup_stm32f10x_ld.o(.text))
<BR>[Address Reference Count : 1]<UL><LI> startup_stm32f10x_ld.o(RESET)
</UL>
<P><STRONG><a name="[1893bdc]"></a>TIM1_CC_IRQHandler</STRONG> (Thumb, 0 bytes, Stack size 0 bytes, startup_stm32f10x_ld.o(.text))
<BR>[Address Reference Count : 1]<UL><LI> startup_stm32f10x_ld.o(RESET)
</UL>
<P><STRONG><a name="[1893ba0]"></a>TIM1_TRG_COM_IRQHandler</STRONG> (Thumb, 0 bytes, Stack size 0 bytes, startup_stm32f10x_ld.o(.text))
<BR>[Address Reference Count : 1]<UL><LI> startup_stm32f10x_ld.o(RESET)
</UL>
<P><STRONG><a name="[1893b64]"></a>TIM1_UP_IRQHandler</STRONG> (Thumb, 0 bytes, Stack size 0 bytes, startup_stm32f10x_ld.o(.text))
<BR>[Address Reference Count : 1]<UL><LI> startup_stm32f10x_ld.o(RESET)
</UL>
<P><STRONG><a name="[1893b28]"></a>TIM2_IRQHandler</STRONG> (Thumb, 0 bytes, Stack size 0 bytes, startup_stm32f10x_ld.o(.text))
<BR>[Address Reference Count : 1]<UL><LI> startup_stm32f10x_ld.o(RESET)
</UL>
<P><STRONG><a name="[1893a38]"></a>USBWakeUp_IRQHandler</STRONG> (Thumb, 0 bytes, Stack size 0 bytes, startup_stm32f10x_ld.o(.text))
<BR>[Address Reference Count : 1]<UL><LI> startup_stm32f10x_ld.o(RESET)
</UL>
<P><STRONG><a name="[18939fc]"></a>USB_HP_CAN1_TX_IRQHandler</STRONG> (Thumb, 0 bytes, Stack size 0 bytes, startup_stm32f10x_ld.o(.text))
<BR>[Address Reference Count : 1]<UL><LI> startup_stm32f10x_ld.o(RESET)
</UL>
<P><STRONG><a name="[18939c0]"></a>USB_LP_CAN1_RX0_IRQHandler</STRONG> (Thumb, 0 bytes, Stack size 0 bytes, startup_stm32f10x_ld.o(.text))
<BR>[Address Reference Count : 1]<UL><LI> startup_stm32f10x_ld.o(RESET)
</UL>
<P><STRONG><a name="[1893984]"></a>WWDG_IRQHandler</STRONG> (Thumb, 0 bytes, Stack size 0 bytes, startup_stm32f10x_ld.o(.text))
<BR>[Address Reference Count : 1]<UL><LI> startup_stm32f10x_ld.o(RESET)
</UL>
<P><STRONG><a name="[d0aa78]"></a>OS_CPU_SR_Save</STRONG> (Thumb, 0 bytes, Stack size unknown bytes, os_cpu_a.o(.text))
<BR><BR>[Called By]<UL><LI><a href="#[d02d14]">&gt;&gt;</a>&nbsp;&nbsp;&nbsp;OSSemPost
<LI><a href="#[d02d50]">&gt;&gt;</a>&nbsp;&nbsp;&nbsp;OSSemPend
<LI><a href="#[d05e4c]">&gt;&gt;</a>&nbsp;&nbsp;&nbsp;OSTaskCreate
<LI><a href="#[d05f3c]">&gt;&gt;</a>&nbsp;&nbsp;&nbsp;OSSemCreate
<LI><a href="#[d06d4c]">&gt;&gt;</a>&nbsp;&nbsp;&nbsp;OSTimeTick
<LI><a href="#[d06dc4]">&gt;&gt;</a>&nbsp;&nbsp;&nbsp;OSIntExit
<LI><a href="#[d06fa4]">&gt;&gt;</a>&nbsp;&nbsp;&nbsp;SysTick_Handler
<LI><a href="#[d0aaf0]">&gt;&gt;</a>&nbsp;&nbsp;&nbsp;OSTimeDly
<LI><a href="#[d0abe0]">&gt;&gt;</a>&nbsp;&nbsp;&nbsp;Uart1CharSend
<LI><a href="#[d0ac1c]">&gt;&gt;</a>&nbsp;&nbsp;&nbsp;Uart1BufInit
<LI><a href="#[d0b978]">&gt;&gt;</a>&nbsp;&nbsp;&nbsp;OSTaskNameSet
<LI><a href="#[d0b9b4]">&gt;&gt;</a>&nbsp;&nbsp;&nbsp;OSTaskCreateExt
<LI><a href="#[d0b9f0]">&gt;&gt;</a>&nbsp;&nbsp;&nbsp;OSStatInit
<LI><a href="#[188c6ac]">&gt;&gt;</a>&nbsp;&nbsp;&nbsp;OSTaskSuspend
<LI><a href="#[188c6e8]">&gt;&gt;</a>&nbsp;&nbsp;&nbsp;OSTaskStkChk
<LI><a href="#[188c760]">&gt;&gt;</a>&nbsp;&nbsp;&nbsp;OS_TaskStat
<LI><a href="#[188c79c]">&gt;&gt;</a>&nbsp;&nbsp;&nbsp;OS_TaskIdle
<LI><a href="#[188c7d8]">&gt;&gt;</a>&nbsp;&nbsp;&nbsp;OS_TCBInit
<LI><a href="#[188c850]">&gt;&gt;</a>&nbsp;&nbsp;&nbsp;OS_Sched
<LI><a href="#[188cae4]">&gt;&gt;</a>&nbsp;&nbsp;&nbsp;OSSchedUnlock
<LI><a href="#[188cb20]">&gt;&gt;</a>&nbsp;&nbsp;&nbsp;OSSchedLock
<LI><a href="#[188cbd4]">&gt;&gt;</a>&nbsp;&nbsp;&nbsp;OSEventNameSet
</UL>

<P><STRONG><a name="[d0aab4]"></a>OS_CPU_SR_Restore</STRONG> (Thumb, 0 bytes, Stack size unknown bytes, os_cpu_a.o(.text))
<BR><BR>[Called By]<UL><LI><a href="#[d02d14]">&gt;&gt;</a>&nbsp;&nbsp;&nbsp;OSSemPost
<LI><a href="#[d02d50]">&gt;&gt;</a>&nbsp;&nbsp;&nbsp;OSSemPend
<LI><a href="#[d05e4c]">&gt;&gt;</a>&nbsp;&nbsp;&nbsp;OSTaskCreate
<LI><a href="#[d05f3c]">&gt;&gt;</a>&nbsp;&nbsp;&nbsp;OSSemCreate
<LI><a href="#[d06d4c]">&gt;&gt;</a>&nbsp;&nbsp;&nbsp;OSTimeTick
<LI><a href="#[d06dc4]">&gt;&gt;</a>&nbsp;&nbsp;&nbsp;OSIntExit
<LI><a href="#[d06fa4]">&gt;&gt;</a>&nbsp;&nbsp;&nbsp;SysTick_Handler
<LI><a href="#[d0aaf0]">&gt;&gt;</a>&nbsp;&nbsp;&nbsp;OSTimeDly
<LI><a href="#[d0abe0]">&gt;&gt;</a>&nbsp;&nbsp;&nbsp;Uart1CharSend
<LI><a href="#[d0ac1c]">&gt;&gt;</a>&nbsp;&nbsp;&nbsp;Uart1BufInit
<LI><a href="#[d0b978]">&gt;&gt;</a>&nbsp;&nbsp;&nbsp;OSTaskNameSet
<LI><a href="#[d0b9b4]">&gt;&gt;</a>&nbsp;&nbsp;&nbsp;OSTaskCreateExt
<LI><a href="#[d0b9f0]">&gt;&gt;</a>&nbsp;&nbsp;&nbsp;OSStatInit
<LI><a href="#[188c6ac]">&gt;&gt;</a>&nbsp;&nbsp;&nbsp;OSTaskSuspend
<LI><a href="#[188c6e8]">&gt;&gt;</a>&nbsp;&nbsp;&nbsp;OSTaskStkChk
<LI><a href="#[188c760]">&gt;&gt;</a>&nbsp;&nbsp;&nbsp;OS_TaskStat
<LI><a href="#[188c79c]">&gt;&gt;</a>&nbsp;&nbsp;&nbsp;OS_TaskIdle
<LI><a href="#[188c7d8]">&gt;&gt;</a>&nbsp;&nbsp;&nbsp;OS_TCBInit
<LI><a href="#[188c850]">&gt;&gt;</a>&nbsp;&nbsp;&nbsp;OS_Sched
<LI><a href="#[188cae4]">&gt;&gt;</a>&nbsp;&nbsp;&nbsp;OSSchedUnlock
<LI><a href="#[188cb20]">&gt;&gt;</a>&nbsp;&nbsp;&nbsp;OSSchedLock
<LI><a href="#[188cbd4]">&gt;&gt;</a>&nbsp;&nbsp;&nbsp;OSEventNameSet
</UL>

<P><STRONG><a name="[18909b4]"></a>OSStartHighRdy</STRONG> (Thumb, 0 bytes, Stack size unknown bytes, os_cpu_a.o(.text))
<BR><BR>[Called By]<UL><LI><a href="#[d0ba2c]">&gt;&gt;</a>&nbsp;&nbsp;&nbsp;OSStart
</UL>

<P><STRONG><a name="[1890978]"></a>OSCtxSw</STRONG> (Thumb, 0 bytes, Stack size unknown bytes, os_cpu_a.o(.text))
<BR><BR>[Called By]<UL><LI><a href="#[188c850]">&gt;&gt;</a>&nbsp;&nbsp;&nbsp;OS_Sched
</UL>

<P><STRONG><a name="[189093c]"></a>OSIntCtxSw</STRONG> (Thumb, 0 bytes, Stack size unknown bytes, os_cpu_a.o(.text))
<BR><BR>[Called By]<UL><LI><a href="#[d06dc4]">&gt;&gt;</a>&nbsp;&nbsp;&nbsp;OSIntExit
</UL>

<P><STRONG><a name="[1890900]"></a>PendSV_Handler</STRONG> (Thumb, 0 bytes, Stack size unknown bytes, os_cpu_a.o(.text))
<BR>[Address Reference Count : 1]<UL><LI> startup_stm32f10x_ld.o(RESET)
</UL>
<P><STRONG><a name="[d0bb94]"></a>CPU_IntDis</STRONG> (Thumb, 0 bytes, Stack size unknown bytes, cpu_a.o(.text))
<BR><BR>[Called By]<UL><LI><a href="#[d0bc0c]">&gt;&gt;</a>&nbsp;&nbsp;&nbsp;main
</UL>

<P><STRONG><a name="[18ef6b8]"></a>CPU_IntEn</STRONG> (Thumb, 0 bytes, Stack size unknown bytes, cpu_a.o(.text), UNUSED)

<P><STRONG><a name="[d52dd0]"></a>CPU_SR_Save</STRONG> (Thumb, 0 bytes, Stack size unknown bytes, cpu_a.o(.text))
<BR><BR>[Called By]<UL><LI><a href="#[d06c98]">&gt;&gt;</a>&nbsp;&nbsp;&nbsp;USART1_RxTxISRHandler
</UL>

<P><STRONG><a name="[d52e0c]"></a>CPU_SR_Restore</STRONG> (Thumb, 0 bytes, Stack size unknown bytes, cpu_a.o(.text))
<BR><BR>[Called By]<UL><LI><a href="#[d06c98]">&gt;&gt;</a>&nbsp;&nbsp;&nbsp;USART1_RxTxISRHandler
</UL>

<P><STRONG><a name="[18ef67c]"></a>CPU_CntLeadZeros</STRONG> (Thumb, 0 bytes, Stack size unknown bytes, cpu_a.o(.text), UNUSED)

<P><STRONG><a name="[18ef7e4]"></a>CPU_RevBits</STRONG> (Thumb, 0 bytes, Stack size unknown bytes, cpu_a.o(.text), UNUSED)

<P><STRONG><a name="[18ef640]"></a>CPU_WaitForInt</STRONG> (Thumb, 0 bytes, Stack size unknown bytes, cpu_a.o(.text), UNUSED)

<P><STRONG><a name="[18ef604]"></a>CPU_WaitForExcept</STRONG> (Thumb, 0 bytes, Stack size unknown bytes, cpu_a.o(.text), UNUSED)

<P><STRONG><a name="[d029cc]"></a>__aeabi_fadd</STRONG> (Thumb, 14 bytes, Stack size 0 bytes, fadd.o(.text))
<BR><BR>[Stack]<UL><LI>Max Depth = 24<LI>Call Chain = __aeabi_fadd &rArr; _float_addcore &rArr; _float_epilogue
</UL>
<BR>[Calls]<UL><LI><a href="#[18e940c]">&gt;&gt;</a>&nbsp;&nbsp;&nbsp;_float_addcore
</UL>
<BR>[Called By]<UL><LI><a href="#[d02cd8]">&gt;&gt;</a>&nbsp;&nbsp;&nbsp;PID_Calc
<LI><a href="#[d033e0]">&gt;&gt;</a>&nbsp;&nbsp;&nbsp;CHECK_AD590OneTCCheckUseADS8328
</UL>

<P><STRONG><a name="[d02918]"></a>__aeabi_fsub</STRONG> (Thumb, 14 bytes, Stack size 0 bytes, fadd.o(.text))
<BR><BR>[Stack]<UL><LI>Max Depth = 24<LI>Call Chain = __aeabi_fsub &rArr; _float_addcore &rArr; _float_epilogue
</UL>
<BR>[Calls]<UL><LI><a href="#[18e940c]">&gt;&gt;</a>&nbsp;&nbsp;&nbsp;_float_addcore
</UL>
<BR>[Called By]<UL><LI><a href="#[d02cd8]">&gt;&gt;</a>&nbsp;&nbsp;&nbsp;PID_Calc
<LI><a href="#[d05ca8]">&gt;&gt;</a>&nbsp;&nbsp;&nbsp;TaskSyncUp
<LI><a href="#[d05ce4]">&gt;&gt;</a>&nbsp;&nbsp;&nbsp;TaskStepMotor
<LI><a href="#[d05e10]">&gt;&gt;</a>&nbsp;&nbsp;&nbsp;TaskHeat
</UL>

<P><STRONG><a name="[18e93d0]"></a>__aeabi_frsub</STRONG> (Thumb, 18 bytes, Stack size 0 bytes, fadd.o(.text), UNUSED)
<BR><BR>[Calls]<UL><LI><a href="#[18e940c]">&gt;&gt;</a>&nbsp;&nbsp;&nbsp;_float_addcore
</UL>

<P><STRONG><a name="[d02954]"></a>__aeabi_fmul</STRONG> (Thumb, 102 bytes, Stack size 8 bytes, fmul.o(.text))
<BR><BR>[Stack]<UL><LI>Max Depth = 8<LI>Call Chain = __aeabi_fmul
</UL>
<BR>[Called By]<UL><LI><a href="#[d02cd8]">&gt;&gt;</a>&nbsp;&nbsp;&nbsp;PID_Calc
<LI><a href="#[d033e0]">&gt;&gt;</a>&nbsp;&nbsp;&nbsp;CHECK_AD590OneTCCheckUseADS8328
</UL>

<P><STRONG><a name="[d02990]"></a>__aeabi_fdiv</STRONG> (Thumb, 108 bytes, Stack size 16 bytes, fdiv.o(.text))
<BR><BR>[Stack]<UL><LI>Max Depth = 24<LI>Call Chain = __aeabi_fdiv &rArr; _float_epilogue
</UL>
<BR>[Calls]<UL><LI><a href="#[18e9358]">&gt;&gt;</a>&nbsp;&nbsp;&nbsp;_float_epilogue
</UL>
<BR>[Called By]<UL><LI><a href="#[d02cd8]">&gt;&gt;</a>&nbsp;&nbsp;&nbsp;PID_Calc
<LI><a href="#[d033e0]">&gt;&gt;</a>&nbsp;&nbsp;&nbsp;CHECK_AD590OneTCCheckUseADS8328
</UL>

<P><STRONG><a name="[d02a80]"></a>__aeabi_dadd</STRONG> (Thumb, 48 bytes, Stack size 24 bytes, dadd.o(.text))
<BR><BR>[Stack]<UL><LI>Max Depth = 144<LI>Call Chain = __aeabi_dadd &rArr; _double_addcore &rArr; _double_epilogue &rArr; _double_round
</UL>
<BR>[Calls]<UL><LI><a href="#[18e9100]">&gt;&gt;</a>&nbsp;&nbsp;&nbsp;_double_addcore
</UL>
<BR>[Called By]<UL><LI><a href="#[d05ce4]">&gt;&gt;</a>&nbsp;&nbsp;&nbsp;TaskStepMotor
</UL>

<P><STRONG><a name="[d02a44]"></a>__aeabi_dsub</STRONG> (Thumb, 48 bytes, Stack size 24 bytes, dadd.o(.text))
<BR><BR>[Stack]<UL><LI>Max Depth = 144<LI>Call Chain = __aeabi_dsub &rArr; _double_addcore &rArr; _double_epilogue &rArr; _double_round
</UL>
<BR>[Calls]<UL><LI><a href="#[18e9100]">&gt;&gt;</a>&nbsp;&nbsp;&nbsp;_double_addcore
</UL>
<BR>[Called By]<UL><LI><a href="#[d05ce4]">&gt;&gt;</a>&nbsp;&nbsp;&nbsp;TaskStepMotor
</UL>

<P><STRONG><a name="[18e90c4]"></a>__aeabi_drsub</STRONG> (Thumb, 48 bytes, Stack size 24 bytes, dadd.o(.text), UNUSED)
<BR><BR>[Calls]<UL><LI><a href="#[18e9100]">&gt;&gt;</a>&nbsp;&nbsp;&nbsp;_double_addcore
</UL>

<P><STRONG><a name="[18ebc5c]"></a>__aeabi_dmul</STRONG> (Thumb, 232 bytes, Stack size 88 bytes, dmul.o(.text))
<BR><BR>[Stack]<UL><LI>Max Depth = 136<LI>Call Chain = __aeabi_dmul &rArr; _double_epilogue &rArr; _double_round
</UL>
<BR>[Calls]<UL><LI><a href="#[18e9010]">&gt;&gt;</a>&nbsp;&nbsp;&nbsp;_double_epilogue
</UL>
<BR>[Called By]<UL><LI><a href="#[d02fe4]">&gt;&gt;</a>&nbsp;&nbsp;&nbsp;Default_ParamInit
</UL>

<P><STRONG><a name="[18ebc20]"></a>__aeabi_i2f</STRONG> (Thumb, 20 bytes, Stack size 0 bytes, fflti.o(.text))
<BR><BR>[Stack]<UL><LI>Max Depth = 8<LI>Call Chain = __aeabi_i2f &rArr; _float_epilogue
</UL>
<BR>[Calls]<UL><LI><a href="#[18e9358]">&gt;&gt;</a>&nbsp;&nbsp;&nbsp;_float_epilogue
</UL>
<BR>[Called By]<UL><LI><a href="#[d02fe4]">&gt;&gt;</a>&nbsp;&nbsp;&nbsp;Default_ParamInit
</UL>

<P><STRONG><a name="[d028dc]"></a>__aeabi_ui2f</STRONG> (Thumb, 10 bytes, Stack size 0 bytes, ffltui.o(.text))
<BR><BR>[Stack]<UL><LI>Max Depth = 8<LI>Call Chain = __aeabi_ui2f &rArr; _float_epilogue
</UL>
<BR>[Calls]<UL><LI><a href="#[18e9358]">&gt;&gt;</a>&nbsp;&nbsp;&nbsp;_float_epilogue
</UL>
<BR>[Called By]<UL><LI><a href="#[d033e0]">&gt;&gt;</a>&nbsp;&nbsp;&nbsp;CHECK_AD590OneTCCheckUseADS8328
</UL>

<P><STRONG><a name="[18ebbe4]"></a>__aeabi_ui2d</STRONG> (Thumb, 26 bytes, Stack size 16 bytes, dfltui.o(.text))
<BR><BR>[Stack]<UL><LI>Max Depth = 64<LI>Call Chain = __aeabi_ui2d &rArr; _double_epilogue &rArr; _double_round
</UL>
<BR>[Calls]<UL><LI><a href="#[18e9010]">&gt;&gt;</a>&nbsp;&nbsp;&nbsp;_double_epilogue
</UL>
<BR>[Called By]<UL><LI><a href="#[d02fe4]">&gt;&gt;</a>&nbsp;&nbsp;&nbsp;Default_ParamInit
</UL>

<P><STRONG><a name="[d57eac]"></a>__aeabi_f2iz</STRONG> (Thumb, 50 bytes, Stack size 0 bytes, ffixi.o(.text))
<BR><BR>[Called By]<UL><LI><a href="#[d02cd8]">&gt;&gt;</a>&nbsp;&nbsp;&nbsp;PID_Calc
</UL>

<P><STRONG><a name="[d02a08]"></a>__aeabi_f2d</STRONG> (Thumb, 36 bytes, Stack size 0 bytes, f2d.o(.text))
<BR><BR>[Called By]<UL><LI><a href="#[d05ca8]">&gt;&gt;</a>&nbsp;&nbsp;&nbsp;TaskSyncUp
<LI><a href="#[d05ce4]">&gt;&gt;</a>&nbsp;&nbsp;&nbsp;TaskStepMotor
</UL>

<P><STRONG><a name="[18e8ae8]"></a>__aeabi_cdcmpeq</STRONG> (Thumb, 0 bytes, Stack size 0 bytes, cdcmple.o(.text), UNUSED)

<P><STRONG><a name="[d02b70]"></a>__aeabi_cdcmple</STRONG> (Thumb, 74 bytes, Stack size 0 bytes, cdcmple.o(.text))
<BR><BR>[Called By]<UL><LI><a href="#[d05ca8]">&gt;&gt;</a>&nbsp;&nbsp;&nbsp;TaskSyncUp
</UL>

<P><STRONG><a name="[d02abc]"></a>__aeabi_d2f</STRONG> (Thumb, 58 bytes, Stack size 16 bytes, d2f.o(.text))
<BR><BR>[Stack]<UL><LI>Max Depth = 24<LI>Call Chain = __aeabi_d2f &rArr; _float_epilogue
</UL>
<BR>[Calls]<UL><LI><a href="#[18e9358]">&gt;&gt;</a>&nbsp;&nbsp;&nbsp;_float_epilogue
</UL>
<BR>[Called By]<UL><LI><a href="#[d02fe4]">&gt;&gt;</a>&nbsp;&nbsp;&nbsp;Default_ParamInit
<LI><a href="#[d05ce4]">&gt;&gt;</a>&nbsp;&nbsp;&nbsp;TaskStepMotor
</UL>

<P><STRONG><a name="[d57ee8]"></a>__aeabi_cfcmpeq</STRONG> (Thumb, 0 bytes, Stack size 0 bytes, cfcmple.o(.text))
<BR><BR>[Called By]<UL><LI><a href="#[d02cd8]">&gt;&gt;</a>&nbsp;&nbsp;&nbsp;PID_Calc
</UL>

<P><STRONG><a name="[d02b34]"></a>__aeabi_cfcmple</STRONG> (Thumb, 20 bytes, Stack size 0 bytes, cfcmple.o(.text))
<BR><BR>[Called By]<UL><LI><a href="#[d02cd8]">&gt;&gt;</a>&nbsp;&nbsp;&nbsp;PID_Calc
<LI><a href="#[d05ca8]">&gt;&gt;</a>&nbsp;&nbsp;&nbsp;TaskSyncUp
</UL>

<P><STRONG><a name="[d02af8]"></a>__aeabi_cfrcmple</STRONG> (Thumb, 20 bytes, Stack size 0 bytes, cfrcmple.o(.text))
<BR><BR>[Called By]<UL><LI><a href="#[d02cd8]">&gt;&gt;</a>&nbsp;&nbsp;&nbsp;PID_Calc
<LI><a href="#[d05ca8]">&gt;&gt;</a>&nbsp;&nbsp;&nbsp;TaskSyncUp
<LI><a href="#[d05ce4]">&gt;&gt;</a>&nbsp;&nbsp;&nbsp;TaskStepMotor
</UL>

<P><STRONG><a name="[18e83e0]"></a>__aeabi_llsl</STRONG> (Thumb, 32 bytes, Stack size 0 bytes, llshl.o(.text))
<BR><BR>[Called By]<UL><LI><a href="#[18e9100]">&gt;&gt;</a>&nbsp;&nbsp;&nbsp;_double_addcore
</UL>

<P><STRONG><a name="[18e83a4]"></a>_ll_shift_l</STRONG> (Thumb, 0 bytes, Stack size 0 bytes, llshl.o(.text), UNUSED)

<P><STRONG><a name="[18e82b4]"></a>__aeabi_llsr</STRONG> (Thumb, 30 bytes, Stack size 0 bytes, llushr.o(.text))
<BR><BR>[Called By]<UL><LI><a href="#[18e9100]">&gt;&gt;</a>&nbsp;&nbsp;&nbsp;_double_addcore
</UL>

<P><STRONG><a name="[18e8278]"></a>_ll_ushift_r</STRONG> (Thumb, 0 bytes, Stack size 0 bytes, llushr.o(.text), UNUSED)

<P><STRONG><a name="[18e81c4]"></a>__I$use$fp</STRONG> (Thumb, 0 bytes, Stack size 0 bytes, iusefp.o(.text), UNUSED)

<P><STRONG><a name="[18e80d4]"></a>_float_round</STRONG> (Thumb, 18 bytes, Stack size 0 bytes, fepilogue.o(.text))
<BR><BR>[Calls]<UL><LI><a href="#[18e80d4]">&gt;&gt;</a>&nbsp;&nbsp;&nbsp;_float_round
</UL>
<BR>[Called By]<UL><LI><a href="#[18e80d4]">&gt;&gt;</a>&nbsp;&nbsp;&nbsp;_float_round
<LI><a href="#[18e9358]">&gt;&gt;</a>&nbsp;&nbsp;&nbsp;_float_epilogue
</UL>

<P><STRONG><a name="[18e9358]"></a>_float_epilogue</STRONG> (Thumb, 74 bytes, Stack size 8 bytes, fepilogue.o(.text))
<BR><BR>[Stack]<UL><LI>Max Depth = 8<LI>Call Chain = _float_epilogue
</UL>
<BR>[Calls]<UL><LI><a href="#[18e80d4]">&gt;&gt;</a>&nbsp;&nbsp;&nbsp;_float_round
</UL>
<BR>[Called By]<UL><LI><a href="#[d028dc]">&gt;&gt;</a>&nbsp;&nbsp;&nbsp;__aeabi_ui2f
<LI><a href="#[d02990]">&gt;&gt;</a>&nbsp;&nbsp;&nbsp;__aeabi_fdiv
<LI><a href="#[d02abc]">&gt;&gt;</a>&nbsp;&nbsp;&nbsp;__aeabi_d2f
<LI><a href="#[18e940c]">&gt;&gt;</a>&nbsp;&nbsp;&nbsp;_float_addcore
<LI><a href="#[18ebc20]">&gt;&gt;</a>&nbsp;&nbsp;&nbsp;__aeabi_i2f
</UL>

<P><STRONG><a name="[18e7fe4]"></a>_double_round</STRONG> (Thumb, 54 bytes, Stack size 20 bytes, depilogue.o(.text))
<BR><BR>[Stack]<UL><LI>Max Depth = 20<LI>Call Chain = _double_round
</UL>
<BR>[Called By]<UL><LI><a href="#[18e9010]">&gt;&gt;</a>&nbsp;&nbsp;&nbsp;_double_epilogue
</UL>

<P><STRONG><a name="[18e9010]"></a>_double_epilogue</STRONG> (Thumb, 142 bytes, Stack size 28 bytes, depilogue.o(.text))
<BR><BR>[Stack]<UL><LI>Max Depth = 48<LI>Call Chain = _double_epilogue &rArr; _double_round
</UL>
<BR>[Calls]<UL><LI><a href="#[18e7fe4]">&gt;&gt;</a>&nbsp;&nbsp;&nbsp;_double_round
</UL>
<BR>[Called By]<UL><LI><a href="#[18e9100]">&gt;&gt;</a>&nbsp;&nbsp;&nbsp;_double_addcore
<LI><a href="#[18ebbe4]">&gt;&gt;</a>&nbsp;&nbsp;&nbsp;__aeabi_ui2d
<LI><a href="#[18ebc5c]">&gt;&gt;</a>&nbsp;&nbsp;&nbsp;__aeabi_dmul
</UL>

<P><STRONG><a name="[18e7ef4]"></a>__scatterload</STRONG> (Thumb, 28 bytes, Stack size 0 bytes, init.o(.text))
<BR><BR>[Calls]<UL><LI><a href="#[18e85fc]">&gt;&gt;</a>&nbsp;&nbsp;&nbsp;__main_after_scatterload
</UL>
<BR>[Called By]<UL><LI><a href="#[18e8638]">&gt;&gt;</a>&nbsp;&nbsp;&nbsp;_main_scatterload
</UL>

<P><STRONG><a name="[18e7eb8]"></a>__scatterload_rt2</STRONG> (Thumb, 0 bytes, Stack size 0 bytes, init.o(.text), UNUSED)

<P><STRONG><a name="[18e79cc]"></a>__decompress</STRONG> (Thumb, 0 bytes, Stack size unknown bytes, __dczerorl2.o(.text), UNUSED)

<P><STRONG><a name="[18e7990]"></a>__decompress1</STRONG> (Thumb, 88 bytes, Stack size unknown bytes, __dczerorl2.o(.text), UNUSED)

<P><STRONG><a name="[d030d4]"></a>ADS8328_DataConvert</STRONG> (Thumb, 162 bytes, Stack size 40 bytes, ads8328.o(i.ADS8328_DataConvert))
<BR><BR>[Stack]<UL><LI>Max Depth = 64<LI>Call Chain = ADS8328_DataConvert &rArr; ADS8328_ReadWord
</UL>
<BR>[Calls]<UL><LI><a href="#[d02eb8]">&gt;&gt;</a>&nbsp;&nbsp;&nbsp;GPIO_ReadInputData
<LI><a href="#[d0c620]">&gt;&gt;</a>&nbsp;&nbsp;&nbsp;GPIO_SetBits
<LI><a href="#[d0c65c]">&gt;&gt;</a>&nbsp;&nbsp;&nbsp;GPIO_ResetBits
<LI><a href="#[d58884]">&gt;&gt;</a>&nbsp;&nbsp;&nbsp;delay_us
<LI><a href="#[d588fc]">&gt;&gt;</a>&nbsp;&nbsp;&nbsp;ADS8328_ReadWord
</UL>
<BR>[Called By]<UL><LI><a href="#[d033e0]">&gt;&gt;</a>&nbsp;&nbsp;&nbsp;CHECK_AD590OneTCCheckUseADS8328
</UL>

<P><STRONG><a name="[d03098]"></a>ADS8328_Init</STRONG> (Thumb, 66 bytes, Stack size 8 bytes, ads8328.o(i.ADS8328_Init))
<BR><BR>[Stack]<UL><LI>Max Depth = 24<LI>Call Chain = ADS8328_Init &rArr; ADS8328_WriteWord
</UL>
<BR>[Calls]<UL><LI><a href="#[d58884]">&gt;&gt;</a>&nbsp;&nbsp;&nbsp;delay_us
<LI><a href="#[d588c0]">&gt;&gt;</a>&nbsp;&nbsp;&nbsp;ADS8328_WriteWord
</UL>
<BR>[Called By]<UL><LI><a href="#[d05c30]">&gt;&gt;</a>&nbsp;&nbsp;&nbsp;TaskTs
</UL>

<P><STRONG><a name="[d588fc]"></a>ADS8328_ReadWord</STRONG> (Thumb, 140 bytes, Stack size 24 bytes, ads8328.o(i.ADS8328_ReadWord))
<BR><BR>[Stack]<UL><LI>Max Depth = 24<LI>Call Chain = ADS8328_ReadWord
</UL>
<BR>[Calls]<UL><LI><a href="#[d02eb8]">&gt;&gt;</a>&nbsp;&nbsp;&nbsp;GPIO_ReadInputData
<LI><a href="#[d0c620]">&gt;&gt;</a>&nbsp;&nbsp;&nbsp;GPIO_SetBits
<LI><a href="#[d0c65c]">&gt;&gt;</a>&nbsp;&nbsp;&nbsp;GPIO_ResetBits
<LI><a href="#[d58884]">&gt;&gt;</a>&nbsp;&nbsp;&nbsp;delay_us
</UL>
<BR>[Called By]<UL><LI><a href="#[d030d4]">&gt;&gt;</a>&nbsp;&nbsp;&nbsp;ADS8328_DataConvert
</UL>

<P><STRONG><a name="[d0305c]"></a>ADS8328_SelectChannel</STRONG> (Thumb, 26 bytes, Stack size 8 bytes, ads8328.o(i.ADS8328_SelectChannel))
<BR><BR>[Stack]<UL><LI>Max Depth = 24<LI>Call Chain = ADS8328_SelectChannel &rArr; ADS8328_WriteWord
</UL>
<BR>[Calls]<UL><LI><a href="#[d588c0]">&gt;&gt;</a>&nbsp;&nbsp;&nbsp;ADS8328_WriteWord
</UL>
<BR>[Called By]<UL><LI><a href="#[d05c30]">&gt;&gt;</a>&nbsp;&nbsp;&nbsp;TaskTs
</UL>

<P><STRONG><a name="[d588c0]"></a>ADS8328_WriteWord</STRONG> (Thumb, 92 bytes, Stack size 16 bytes, ads8328.o(i.ADS8328_WriteWord))
<BR><BR>[Stack]<UL><LI>Max Depth = 16<LI>Call Chain = ADS8328_WriteWord
</UL>
<BR>[Calls]<UL><LI><a href="#[d0c620]">&gt;&gt;</a>&nbsp;&nbsp;&nbsp;GPIO_SetBits
<LI><a href="#[d0c65c]">&gt;&gt;</a>&nbsp;&nbsp;&nbsp;GPIO_ResetBits
</UL>
<BR>[Called By]<UL><LI><a href="#[d0305c]">&gt;&gt;</a>&nbsp;&nbsp;&nbsp;ADS8328_SelectChannel
<LI><a href="#[d03098]">&gt;&gt;</a>&nbsp;&nbsp;&nbsp;ADS8328_Init
</UL>

<P><STRONG><a name="[d0aba4]"></a>AddLoopBuf</STRONG> (Thumb, 52 bytes, Stack size 12 bytes, loopbuf.o(i.AddLoopBuf))
<BR><BR>[Stack]<UL><LI>Max Depth = 12<LI>Call Chain = AddLoopBuf
</UL>
<BR>[Called By]<UL><LI><a href="#[d06c98]">&gt;&gt;</a>&nbsp;&nbsp;&nbsp;USART1_RxTxISRHandler
<LI><a href="#[d0abe0]">&gt;&gt;</a>&nbsp;&nbsp;&nbsp;Uart1CharSend
</UL>

<P><STRONG><a name="[d0bbd0]"></a>App_BlinkTaskCreate</STRONG> (Thumb, 554 bytes, Stack size 32 bytes, soft.o(i.App_BlinkTaskCreate))
<BR><BR>[Stack]<UL><LI>Max Depth = 152 + Unknown Stack Size
<LI>Call Chain = App_BlinkTaskCreate &rArr; OSTaskCreateExt &rArr; OS_TCBInit &rArr; OSTaskCreateHook
</UL>
<BR>[Calls]<UL><LI><a href="#[d05e4c]">&gt;&gt;</a>&nbsp;&nbsp;&nbsp;OSTaskCreate
<LI><a href="#[d05f3c]">&gt;&gt;</a>&nbsp;&nbsp;&nbsp;OSSemCreate
<LI><a href="#[d0b978]">&gt;&gt;</a>&nbsp;&nbsp;&nbsp;OSTaskNameSet
<LI><a href="#[d0b9b4]">&gt;&gt;</a>&nbsp;&nbsp;&nbsp;OSTaskCreateExt
</UL>
<BR>[Called By]<UL><LI><a href="#[d0bf18]">&gt;&gt;</a>&nbsp;&nbsp;&nbsp;App_TaskCreate
</UL>

<P><STRONG><a name="[1890c84]"></a>App_TCBInitHook</STRONG> (Thumb, 2 bytes, Stack size 0 bytes, os_apphooks.o(i.App_TCBInitHook))
<BR><BR>[Called By]<UL><LI><a href="#[1890edc]">&gt;&gt;</a>&nbsp;&nbsp;&nbsp;OSTCBInitHook
</UL>

<P><STRONG><a name="[1890c48]"></a>App_TaskCreateHook</STRONG> (Thumb, 2 bytes, Stack size 0 bytes, os_apphooks.o(i.App_TaskCreateHook))
<BR><BR>[Called By]<UL><LI><a href="#[1890ea0]">&gt;&gt;</a>&nbsp;&nbsp;&nbsp;OSTaskCreateHook
</UL>

<P><STRONG><a name="[1890bd0]"></a>App_TaskIdleHook</STRONG> (Thumb, 2 bytes, Stack size 0 bytes, os_apphooks.o(i.App_TaskIdleHook))
<BR><BR>[Called By]<UL><LI><a href="#[1890e28]">&gt;&gt;</a>&nbsp;&nbsp;&nbsp;OSTaskIdleHook
</UL>

<P><STRONG><a name="[1890b94]"></a>App_TaskStatHook</STRONG> (Thumb, 2 bytes, Stack size 0 bytes, os_apphooks.o(i.App_TaskStatHook))
<BR><BR>[Called By]<UL><LI><a href="#[1890dec]">&gt;&gt;</a>&nbsp;&nbsp;&nbsp;OSTaskStatHook
</UL>

<P><STRONG><a name="[1890b58]"></a>App_TaskSwHook</STRONG> (Thumb, 2 bytes, Stack size 0 bytes, os_apphooks.o(i.App_TaskSwHook))
<BR><BR>[Called By]<UL><LI><a href="#[1890d74]">&gt;&gt;</a>&nbsp;&nbsp;&nbsp;OSTaskSwHook
</UL>

<P><STRONG><a name="[1890b1c]"></a>App_TimeTickHook</STRONG> (Thumb, 2 bytes, Stack size 0 bytes, os_apphooks.o(i.App_TimeTickHook))
<BR><BR>[Called By]<UL><LI><a href="#[1890d38]">&gt;&gt;</a>&nbsp;&nbsp;&nbsp;OSTimeTickHook
</UL>

<P><STRONG><a name="[d57114]"></a>BKP_ClearFlag</STRONG> (Thumb, 16 bytes, Stack size 0 bytes, stm32f10x_bkp.o(i.BKP_ClearFlag))
<BR><BR>[Called By]<UL><LI><a href="#[d0bae0]">&gt;&gt;</a>&nbsp;&nbsp;&nbsp;IspMarkLoad
</UL>

<P><STRONG><a name="[d570d8]"></a>BKP_ReadBackupRegister</STRONG> (Thumb, 12 bytes, Stack size 0 bytes, stm32f10x_bkp.o(i.BKP_ReadBackupRegister))
<BR><BR>[Called By]<UL><LI><a href="#[d0bae0]">&gt;&gt;</a>&nbsp;&nbsp;&nbsp;IspMarkLoad
</UL>

<P><STRONG><a name="[d5709c]"></a>BKP_WriteBackupRegister</STRONG> (Thumb, 10 bytes, Stack size 0 bytes, stm32f10x_bkp.o(i.BKP_WriteBackupRegister))
<BR><BR>[Called By]<UL><LI><a href="#[d0bae0]">&gt;&gt;</a>&nbsp;&nbsp;&nbsp;IspMarkLoad
<LI><a href="#[d57204]">&gt;&gt;</a>&nbsp;&nbsp;&nbsp;IspMarkWrite
</UL>

<P><STRONG><a name="[d0710c]"></a>BusFault_Handler</STRONG> (Thumb, 4 bytes, Stack size 0 bytes, stm32f10x_it.o(i.BusFault_Handler))
<BR>[Address Reference Count : 1]<UL><LI> startup_stm32f10x_ld.o(RESET)
</UL>
<P><STRONG><a name="[d033e0]"></a>CHECK_AD590OneTCCheckUseADS8328</STRONG> (Thumb, 206 bytes, Stack size 64 bytes, user.o(i.CHECK_AD590OneTCCheckUseADS8328))
<BR><BR>[Stack]<UL><LI>Max Depth = 128<LI>Call Chain = CHECK_AD590OneTCCheckUseADS8328 &rArr; ADS8328_DataConvert &rArr; ADS8328_ReadWord
</UL>
<BR>[Calls]<UL><LI><a href="#[d028dc]">&gt;&gt;</a>&nbsp;&nbsp;&nbsp;__aeabi_ui2f
<LI><a href="#[d02954]">&gt;&gt;</a>&nbsp;&nbsp;&nbsp;__aeabi_fmul
<LI><a href="#[d02990]">&gt;&gt;</a>&nbsp;&nbsp;&nbsp;__aeabi_fdiv
<LI><a href="#[d029cc]">&gt;&gt;</a>&nbsp;&nbsp;&nbsp;__aeabi_fadd
<LI><a href="#[d030d4]">&gt;&gt;</a>&nbsp;&nbsp;&nbsp;ADS8328_DataConvert
</UL>
<BR>[Called By]<UL><LI><a href="#[d05c30]">&gt;&gt;</a>&nbsp;&nbsp;&nbsp;TaskTs
</UL>

<P><STRONG><a name="[d033a4]"></a>CHECK_SelectChannel</STRONG> (Thumb, 104 bytes, Stack size 16 bytes, user.o(i.CHECK_SelectChannel))
<BR><BR>[Stack]<UL><LI>Max Depth = 16<LI>Call Chain = CHECK_SelectChannel
</UL>
<BR>[Calls]<UL><LI><a href="#[d0c620]">&gt;&gt;</a>&nbsp;&nbsp;&nbsp;GPIO_SetBits
<LI><a href="#[d0c65c]">&gt;&gt;</a>&nbsp;&nbsp;&nbsp;GPIO_ResetBits
</UL>
<BR>[Called By]<UL><LI><a href="#[d05c30]">&gt;&gt;</a>&nbsp;&nbsp;&nbsp;TaskTs
</UL>

<P><STRONG><a name="[d03368]"></a>CheckAdrressKey</STRONG> (Thumb, 116 bytes, Stack size 8 bytes, user.o(i.CheckAdrressKey))
<BR><BR>[Stack]<UL><LI>Max Depth = 8<LI>Call Chain = CheckAdrressKey
</UL>
<BR>[Calls]<UL><LI><a href="#[d02eb8]">&gt;&gt;</a>&nbsp;&nbsp;&nbsp;GPIO_ReadInputData
</UL>
<BR>[Called By]<UL><LI><a href="#[d05d98]">&gt;&gt;</a>&nbsp;&nbsp;&nbsp;TaskModbus
</UL>

<P><STRONG><a name="[d0ab68]"></a>ClearLoopBuf</STRONG> (Thumb, 10 bytes, Stack size 0 bytes, loopbuf.o(i.ClearLoopBuf))
<BR><BR>[Called By]<UL><LI><a href="#[d02fe4]">&gt;&gt;</a>&nbsp;&nbsp;&nbsp;Default_ParamInit
<LI><a href="#[d0ac1c]">&gt;&gt;</a>&nbsp;&nbsp;&nbsp;Uart1BufInit
</UL>

<P><STRONG><a name="[d070d0]"></a>DebugMon_Handler</STRONG> (Thumb, 2 bytes, Stack size 0 bytes, stm32f10x_it.o(i.DebugMon_Handler))
<BR>[Address Reference Count : 1]<UL><LI> startup_stm32f10x_ld.o(RESET)
</UL>
<P><STRONG><a name="[d02fe4]"></a>Default_ParamInit</STRONG> (Thumb, 466 bytes, Stack size 24 bytes, parameter.o(i.Default_ParamInit))
<BR><BR>[Stack]<UL><LI>Max Depth = 160<LI>Call Chain = Default_ParamInit &rArr; __aeabi_dmul &rArr; _double_epilogue &rArr; _double_round
</UL>
<BR>[Calls]<UL><LI><a href="#[d02abc]">&gt;&gt;</a>&nbsp;&nbsp;&nbsp;__aeabi_d2f
<LI><a href="#[d0ab68]">&gt;&gt;</a>&nbsp;&nbsp;&nbsp;ClearLoopBuf
<LI><a href="#[d57f24]">&gt;&gt;</a>&nbsp;&nbsp;&nbsp;PID_ParaInit
<LI><a href="#[d57f60]">&gt;&gt;</a>&nbsp;&nbsp;&nbsp;PID_BufInit
<LI><a href="#[18ebbe4]">&gt;&gt;</a>&nbsp;&nbsp;&nbsp;__aeabi_ui2d
<LI><a href="#[18ebc20]">&gt;&gt;</a>&nbsp;&nbsp;&nbsp;__aeabi_i2f
<LI><a href="#[18ebc5c]">&gt;&gt;</a>&nbsp;&nbsp;&nbsp;__aeabi_dmul
</UL>
<BR>[Called By]<UL><LI><a href="#[d05d98]">&gt;&gt;</a>&nbsp;&nbsp;&nbsp;TaskModbus
</UL>

<P><STRONG><a name="[d02fa8]"></a>Default_ParamInit0</STRONG> (Thumb, 2 bytes, Stack size 0 bytes, parameter.o(i.Default_ParamInit0))
<BR><BR>[Called By]<UL><LI><a href="#[d05d98]">&gt;&gt;</a>&nbsp;&nbsp;&nbsp;TaskModbus
</UL>

<P><STRONG><a name="[d02f6c]"></a>Default_ParamInit1</STRONG> (Thumb, 2 bytes, Stack size 0 bytes, parameter.o(i.Default_ParamInit1))
<BR><BR>[Called By]<UL><LI><a href="#[d05d98]">&gt;&gt;</a>&nbsp;&nbsp;&nbsp;TaskModbus
</UL>

<P><STRONG><a name="[d02f30]"></a>Default_ParamInit2</STRONG> (Thumb, 2 bytes, Stack size 0 bytes, parameter.o(i.Default_ParamInit2))
<BR><BR>[Called By]<UL><LI><a href="#[d05d98]">&gt;&gt;</a>&nbsp;&nbsp;&nbsp;TaskModbus
</UL>

<P><STRONG><a name="[d52d94]"></a>GPIO_Init</STRONG> (Thumb, 268 bytes, Stack size 20 bytes, stm32f10x_gpio.o(i.GPIO_Init))
<BR><BR>[Stack]<UL><LI>Max Depth = 20<LI>Call Chain = GPIO_Init
</UL>
<BR>[Called By]<UL><LI><a href="#[d0bb58]">&gt;&gt;</a>&nbsp;&nbsp;&nbsp;InitGpio
</UL>

<P><STRONG><a name="[d02eb8]"></a>GPIO_ReadInputData</STRONG> (Thumb, 8 bytes, Stack size 0 bytes, stm32f10x_gpio.o(i.GPIO_ReadInputData))
<BR><BR>[Called By]<UL><LI><a href="#[d030d4]">&gt;&gt;</a>&nbsp;&nbsp;&nbsp;ADS8328_DataConvert
<LI><a href="#[d03368]">&gt;&gt;</a>&nbsp;&nbsp;&nbsp;CheckAdrressKey
<LI><a href="#[d588fc]">&gt;&gt;</a>&nbsp;&nbsp;&nbsp;ADS8328_ReadWord
</UL>

<P><STRONG><a name="[d53dfc]"></a>GPIO_ReadInputDataBit</STRONG> (Thumb, 18 bytes, Stack size 0 bytes, stm32f10x_gpio.o(i.GPIO_ReadInputDataBit))
<BR><BR>[Called By]<UL><LI><a href="#[d54090]">&gt;&gt;</a>&nbsp;&nbsp;&nbsp;SendByte
<LI><a href="#[d541f8]">&gt;&gt;</a>&nbsp;&nbsp;&nbsp;RcvByte
</UL>

<P><STRONG><a name="[d0c65c]"></a>GPIO_ResetBits</STRONG> (Thumb, 4 bytes, Stack size 0 bytes, stm32f10x_gpio.o(i.GPIO_ResetBits))
<BR><BR>[Called By]<UL><LI><a href="#[d030d4]">&gt;&gt;</a>&nbsp;&nbsp;&nbsp;ADS8328_DataConvert
<LI><a href="#[d03110]">&gt;&gt;</a>&nbsp;&nbsp;&nbsp;VirtualPwmOutPin
<LI><a href="#[d033a4]">&gt;&gt;</a>&nbsp;&nbsp;&nbsp;CHECK_SelectChannel
<LI><a href="#[d05d20]">&gt;&gt;</a>&nbsp;&nbsp;&nbsp;TaskStatus
<LI><a href="#[d06c98]">&gt;&gt;</a>&nbsp;&nbsp;&nbsp;USART1_RxTxISRHandler
<LI><a href="#[d0abe0]">&gt;&gt;</a>&nbsp;&nbsp;&nbsp;Uart1CharSend
<LI><a href="#[d0c698]">&gt;&gt;</a>&nbsp;&nbsp;&nbsp;StepMoterPulseHandler
<LI><a href="#[d0c74c]">&gt;&gt;</a>&nbsp;&nbsp;&nbsp;StepMotRun6
<LI><a href="#[d0c788]">&gt;&gt;</a>&nbsp;&nbsp;&nbsp;StepMotRun5
<LI><a href="#[d0c7c4]">&gt;&gt;</a>&nbsp;&nbsp;&nbsp;StepMotRun4
<LI><a href="#[d0c800]">&gt;&gt;</a>&nbsp;&nbsp;&nbsp;StepMotRun3
<LI><a href="#[d0c83c]">&gt;&gt;</a>&nbsp;&nbsp;&nbsp;StepMotRun2
<LI><a href="#[d0c878]">&gt;&gt;</a>&nbsp;&nbsp;&nbsp;StepMotRun1
<LI><a href="#[d0c8b4]">&gt;&gt;</a>&nbsp;&nbsp;&nbsp;StepMotInit
<LI><a href="#[d54018]">&gt;&gt;</a>&nbsp;&nbsp;&nbsp;Stop
<LI><a href="#[d54054]">&gt;&gt;</a>&nbsp;&nbsp;&nbsp;Start
<LI><a href="#[d54090]">&gt;&gt;</a>&nbsp;&nbsp;&nbsp;SendByte
<LI><a href="#[d540cc]">&gt;&gt;</a>&nbsp;&nbsp;&nbsp;SendAck
<LI><a href="#[d541f8]">&gt;&gt;</a>&nbsp;&nbsp;&nbsp;RcvByte
<LI><a href="#[d588c0]">&gt;&gt;</a>&nbsp;&nbsp;&nbsp;ADS8328_WriteWord
<LI><a href="#[d588fc]">&gt;&gt;</a>&nbsp;&nbsp;&nbsp;ADS8328_ReadWord
</UL>

<P><STRONG><a name="[d0c620]"></a>GPIO_SetBits</STRONG> (Thumb, 4 bytes, Stack size 0 bytes, stm32f10x_gpio.o(i.GPIO_SetBits))
<BR><BR>[Called By]<UL><LI><a href="#[d030d4]">&gt;&gt;</a>&nbsp;&nbsp;&nbsp;ADS8328_DataConvert
<LI><a href="#[d03110]">&gt;&gt;</a>&nbsp;&nbsp;&nbsp;VirtualPwmOutPin
<LI><a href="#[d033a4]">&gt;&gt;</a>&nbsp;&nbsp;&nbsp;CHECK_SelectChannel
<LI><a href="#[d05d20]">&gt;&gt;</a>&nbsp;&nbsp;&nbsp;TaskStatus
<LI><a href="#[d06c98]">&gt;&gt;</a>&nbsp;&nbsp;&nbsp;USART1_RxTxISRHandler
<LI><a href="#[d0c698]">&gt;&gt;</a>&nbsp;&nbsp;&nbsp;StepMoterPulseHandler
<LI><a href="#[d0c74c]">&gt;&gt;</a>&nbsp;&nbsp;&nbsp;StepMotRun6
<LI><a href="#[d0c788]">&gt;&gt;</a>&nbsp;&nbsp;&nbsp;StepMotRun5
<LI><a href="#[d0c7c4]">&gt;&gt;</a>&nbsp;&nbsp;&nbsp;StepMotRun4
<LI><a href="#[d0c800]">&gt;&gt;</a>&nbsp;&nbsp;&nbsp;StepMotRun3
<LI><a href="#[d0c83c]">&gt;&gt;</a>&nbsp;&nbsp;&nbsp;StepMotRun2
<LI><a href="#[d0c878]">&gt;&gt;</a>&nbsp;&nbsp;&nbsp;StepMotRun1
<LI><a href="#[d54018]">&gt;&gt;</a>&nbsp;&nbsp;&nbsp;Stop
<LI><a href="#[d54054]">&gt;&gt;</a>&nbsp;&nbsp;&nbsp;Start
<LI><a href="#[d54090]">&gt;&gt;</a>&nbsp;&nbsp;&nbsp;SendByte
<LI><a href="#[d540cc]">&gt;&gt;</a>&nbsp;&nbsp;&nbsp;SendAck
<LI><a href="#[d541f8]">&gt;&gt;</a>&nbsp;&nbsp;&nbsp;RcvByte
<LI><a href="#[d588c0]">&gt;&gt;</a>&nbsp;&nbsp;&nbsp;ADS8328_WriteWord
<LI><a href="#[d588fc]">&gt;&gt;</a>&nbsp;&nbsp;&nbsp;ADS8328_ReadWord
</UL>

<P><STRONG><a name="[18ea474]"></a>GetCRC_Checksum4</STRONG> (Thumb, 46 bytes, Stack size 16 bytes, modbusprocess.o(i.GetCRC_Checksum4))
<BR><BR>[Stack]<UL><LI>Max Depth = 16<LI>Call Chain = GetCRC_Checksum4
</UL>
<BR>[Called By]<UL><LI><a href="#[18ea1a4]">&gt;&gt;</a>&nbsp;&nbsp;&nbsp;_SendModbusPark
<LI><a href="#[18ea3fc]">&gt;&gt;</a>&nbsp;&nbsp;&nbsp;ModbusRecvProcess
</UL>

<P><STRONG><a name="[d0ab2c]"></a>GetLoopbuf</STRONG> (Thumb, 60 bytes, Stack size 12 bytes, loopbuf.o(i.GetLoopbuf))
<BR><BR>[Stack]<UL><LI>Max Depth = 12<LI>Call Chain = GetLoopbuf
</UL>
<BR>[Called By]<UL><LI><a href="#[d06c98]">&gt;&gt;</a>&nbsp;&nbsp;&nbsp;USART1_RxTxISRHandler
<LI><a href="#[d0abe0]">&gt;&gt;</a>&nbsp;&nbsp;&nbsp;Uart1CharSend
</UL>

<P><STRONG><a name="[d02e7c]"></a>GetModbusPark</STRONG> (Thumb, 116 bytes, Stack size 8 bytes, modbusrecv.o(i.GetModbusPark))
<BR><BR>[Stack]<UL><LI>Max Depth = 168 + Unknown Stack Size
<LI>Call Chain = GetModbusPark &rArr; ModbusRecvProcess &rArr; _ModbusParameterProcess &rArr; ModbusWriteWord &rArr; _SendModbusPark &rArr; _SendStringUartx &rArr; Uart1CharSend &rArr; OSTimeDly &rArr; OS_Sched
</UL>
<BR>[Calls]<UL><LI><a href="#[18ea3fc]">&gt;&gt;</a>&nbsp;&nbsp;&nbsp;ModbusRecvProcess
</UL>
<BR>[Called By]<UL><LI><a href="#[d05d98]">&gt;&gt;</a>&nbsp;&nbsp;&nbsp;TaskModbus
</UL>

<P><STRONG><a name="[d54270]"></a>GetSlaAdr</STRONG> (Thumb, 12 bytes, Stack size 0 bytes, at24c1024.o(i.GetSlaAdr))
<BR><BR>[Called By]<UL><LI><a href="#[d541bc]">&gt;&gt;</a>&nbsp;&nbsp;&nbsp;ReadByteEE
</UL>

<P><STRONG><a name="[d07094]"></a>HardFault_Handler</STRONG> (Thumb, 4 bytes, Stack size 0 bytes, stm32f10x_it.o(i.HardFault_Handler))
<BR>[Address Reference Count : 1]<UL><LI> startup_stm32f10x_ld.o(RESET)
</UL>
<P><STRONG><a name="[d0bb58]"></a>InitGpio</STRONG> (Thumb, 376 bytes, Stack size 8 bytes, hd_159.o(i.InitGpio))
<BR><BR>[Stack]<UL><LI>Max Depth = 28<LI>Call Chain = InitGpio &rArr; GPIO_Init
</UL>
<BR>[Calls]<UL><LI><a href="#[d52ce0]">&gt;&gt;</a>&nbsp;&nbsp;&nbsp;RCC_APB2PeriphClockCmd
<LI><a href="#[d52d94]">&gt;&gt;</a>&nbsp;&nbsp;&nbsp;GPIO_Init
</UL>
<BR>[Called By]<UL><LI><a href="#[d0bedc]">&gt;&gt;</a>&nbsp;&nbsp;&nbsp;App_TaskStart
</UL>

<P><STRONG><a name="[d0bb1c]"></a>InitUSART1</STRONG> (Thumb, 106 bytes, Stack size 32 bytes, hd_159.o(i.InitUSART1))
<BR><BR>[Stack]<UL><LI>Max Depth = 108 + Unknown Stack Size
<LI>Call Chain = InitUSART1 &rArr; USART_Init &rArr; RCC_GetClocksFreq
</UL>
<BR>[Calls]<UL><LI><a href="#[d0aa3c]">&gt;&gt;</a>&nbsp;&nbsp;&nbsp;USART_ITConfig
<LI><a href="#[d0ac1c]">&gt;&gt;</a>&nbsp;&nbsp;&nbsp;Uart1BufInit
<LI><a href="#[d52b00]">&gt;&gt;</a>&nbsp;&nbsp;&nbsp;USART_Init
<LI><a href="#[d52b78]">&gt;&gt;</a>&nbsp;&nbsp;&nbsp;USART_Cmd
<LI><a href="#[d52ce0]">&gt;&gt;</a>&nbsp;&nbsp;&nbsp;RCC_APB2PeriphClockCmd
<LI><a href="#[d52d1c]">&gt;&gt;</a>&nbsp;&nbsp;&nbsp;NVIC_Init
<LI><a href="#[d52e48]">&gt;&gt;</a>&nbsp;&nbsp;&nbsp;USART1_TxIntEn
</UL>
<BR>[Called By]<UL><LI><a href="#[d0bedc]">&gt;&gt;</a>&nbsp;&nbsp;&nbsp;App_TaskStart
</UL>

<P><STRONG><a name="[d0c5e4]"></a>Init_Tim3</STRONG> (Thumb, 96 bytes, Stack size 24 bytes, hd_159.o(i.Init_Tim3))
<BR><BR>[Stack]<UL><LI>Max Depth = 40<LI>Call Chain = Init_Tim3 &rArr; NVIC_Init
</UL>
<BR>[Calls]<UL><LI><a href="#[d52bf0]">&gt;&gt;</a>&nbsp;&nbsp;&nbsp;TIM_TimeBaseInit
<LI><a href="#[d52c2c]">&gt;&gt;</a>&nbsp;&nbsp;&nbsp;TIM_SetCounter
<LI><a href="#[d52c68]">&gt;&gt;</a>&nbsp;&nbsp;&nbsp;TIM_ITConfig
<LI><a href="#[d52ca4]">&gt;&gt;</a>&nbsp;&nbsp;&nbsp;TIM_Cmd
<LI><a href="#[d52d1c]">&gt;&gt;</a>&nbsp;&nbsp;&nbsp;NVIC_Init
<LI><a href="#[d57024]">&gt;&gt;</a>&nbsp;&nbsp;&nbsp;RCC_APB1PeriphClockCmd
</UL>
<BR>[Called By]<UL><LI><a href="#[d0c8b4]">&gt;&gt;</a>&nbsp;&nbsp;&nbsp;StepMotInit
</UL>

<P><STRONG><a name="[d0bae0]"></a>IspMarkLoad</STRONG> (Thumb, 74 bytes, Stack size 16 bytes, jump.o(i.IspMarkLoad))
<BR><BR>[Stack]<UL><LI>Max Depth = 32<LI>Call Chain = IspMarkLoad &rArr; JumpAppAdr
</UL>
<BR>[Calls]<UL><LI><a href="#[d57024]">&gt;&gt;</a>&nbsp;&nbsp;&nbsp;RCC_APB1PeriphClockCmd
<LI><a href="#[d57060]">&gt;&gt;</a>&nbsp;&nbsp;&nbsp;PWR_BackupAccessCmd
<LI><a href="#[d5709c]">&gt;&gt;</a>&nbsp;&nbsp;&nbsp;BKP_WriteBackupRegister
<LI><a href="#[d570d8]">&gt;&gt;</a>&nbsp;&nbsp;&nbsp;BKP_ReadBackupRegister
<LI><a href="#[d57114]">&gt;&gt;</a>&nbsp;&nbsp;&nbsp;BKP_ClearFlag
<LI><a href="#[d571c8]">&gt;&gt;</a>&nbsp;&nbsp;&nbsp;JumpAppAdr
</UL>
<BR>[Called By]<UL><LI><a href="#[d0bc0c]">&gt;&gt;</a>&nbsp;&nbsp;&nbsp;main
</UL>

<P><STRONG><a name="[d57204]"></a>IspMarkWrite</STRONG> (Thumb, 24 bytes, Stack size 8 bytes, jump.o(i.IspMarkWrite))
<BR><BR>[Stack]<UL><LI>Max Depth = 8<LI>Call Chain = IspMarkWrite
</UL>
<BR>[Calls]<UL><LI><a href="#[d5709c]">&gt;&gt;</a>&nbsp;&nbsp;&nbsp;BKP_WriteBackupRegister
</UL>
<BR>[Called By]<UL><LI><a href="#[d5718c]">&gt;&gt;</a>&nbsp;&nbsp;&nbsp;ModbusCommand1
</UL>

<P><STRONG><a name="[d571c8]"></a>JumpAppAdr</STRONG> (Thumb, 22 bytes, Stack size 16 bytes, jump.o(i.JumpAppAdr))
<BR><BR>[Stack]<UL><LI>Max Depth = 16<LI>Call Chain = JumpAppAdr
</UL>
<BR>[Calls]<UL><LI><a href="#[d56fe8]">&gt;&gt;</a>&nbsp;&nbsp;&nbsp;__set_MSP
</UL>
<BR>[Called By]<UL><LI><a href="#[d0bae0]">&gt;&gt;</a>&nbsp;&nbsp;&nbsp;IspMarkLoad
</UL>

<P><STRONG><a name="[d02e04]"></a>Load_Param</STRONG> (Thumb, 84 bytes, Stack size 16 bytes, parameter.o(i.Load_Param))
<BR><BR>[Stack]<UL><LI>Max Depth = 72<LI>Call Chain = Load_Param &rArr; ReadByteEE &rArr; i2RcvChar &rArr; SendByte
</UL>
<BR>[Calls]<UL><LI><a href="#[d02bac]">&gt;&gt;</a>&nbsp;&nbsp;&nbsp;_Param_SwapMemery
<LI><a href="#[d541bc]">&gt;&gt;</a>&nbsp;&nbsp;&nbsp;ReadByteEE
<LI><a href="#[18ebcd4]">&gt;&gt;</a>&nbsp;&nbsp;&nbsp;_GetParamCheck
</UL>
<BR>[Called By]<UL><LI><a href="#[d05d98]">&gt;&gt;</a>&nbsp;&nbsp;&nbsp;TaskModbus
</UL>

<P><STRONG><a name="[d07058]"></a>MemManage_Handler</STRONG> (Thumb, 4 bytes, Stack size 0 bytes, stm32f10x_it.o(i.MemManage_Handler))
<BR>[Address Reference Count : 1]<UL><LI> startup_stm32f10x_ld.o(RESET)
</UL>
<P><STRONG><a name="[d5718c]"></a>ModbusCommand1</STRONG> (Thumb, 260 bytes, Stack size 8 bytes, jump.o(i.ModbusCommand1))
<BR><BR>[Stack]<UL><LI>Max Depth = 32 + Unknown Stack Size
<LI>Call Chain = ModbusCommand1 &rArr; OSTimeDly &rArr; OS_Sched
</UL>
<BR>[Calls]<UL><LI><a href="#[d0aaf0]">&gt;&gt;</a>&nbsp;&nbsp;&nbsp;OSTimeDly
<LI><a href="#[d57150]">&gt;&gt;</a>&nbsp;&nbsp;&nbsp;SoftReset
<LI><a href="#[d57204]">&gt;&gt;</a>&nbsp;&nbsp;&nbsp;IspMarkWrite
</UL>
<BR>[Called By]<UL><LI><a href="#[18ea30c]">&gt;&gt;</a>&nbsp;&nbsp;&nbsp;_ModbusParameterProcess
</UL>

<P><STRONG><a name="[d0332c]"></a>ModbusCommand2</STRONG> (Thumb, 136 bytes, Stack size 16 bytes, user.o(i.ModbusCommand2))
<BR><BR>[Stack]<UL><LI>Max Depth = 88 + Unknown Stack Size
<LI>Call Chain = ModbusCommand2 &rArr; OSSemPost &rArr; OS_EventTaskRdy &rArr; OS_EventTaskRemoveMulti
</UL>
<BR>[Calls]<UL><LI><a href="#[d02d14]">&gt;&gt;</a>&nbsp;&nbsp;&nbsp;OSSemPost
<LI><a href="#[d02d50]">&gt;&gt;</a>&nbsp;&nbsp;&nbsp;OSSemPend
<LI><a href="#[d032f0]">&gt;&gt;</a>&nbsp;&nbsp;&nbsp;MotorsRun
</UL>
<BR>[Called By]<UL><LI><a href="#[18ea30c]">&gt;&gt;</a>&nbsp;&nbsp;&nbsp;_ModbusParameterProcess
</UL>

<P><STRONG><a name="[d02dc8]"></a>ModbusInit</STRONG> (Thumb, 40 bytes, Stack size 0 bytes, modbusrecv.o(i.ModbusInit))
<BR><BR>[Called By]<UL><LI><a href="#[d05d98]">&gt;&gt;</a>&nbsp;&nbsp;&nbsp;TaskModbus
</UL>

<P><STRONG><a name="[18ea438]"></a>ModbusReadWord</STRONG> (Thumb, 84 bytes, Stack size 40 bytes, modbusprocess.o(i.ModbusReadWord))
<BR><BR>[Stack]<UL><LI>Max Depth = 120 + Unknown Stack Size
<LI>Call Chain = ModbusReadWord &rArr; _SendModbusPark &rArr; _SendStringUartx &rArr; Uart1CharSend &rArr; OSTimeDly &rArr; OS_Sched
</UL>
<BR>[Calls]<UL><LI><a href="#[18ea1a4]">&gt;&gt;</a>&nbsp;&nbsp;&nbsp;_SendModbusPark
<LI><a href="#[18ea384]">&gt;&gt;</a>&nbsp;&nbsp;&nbsp;_MakeReadRegRespone
</UL>
<BR>[Called By]<UL><LI><a href="#[18ea30c]">&gt;&gt;</a>&nbsp;&nbsp;&nbsp;_ModbusParameterProcess
</UL>

<P><STRONG><a name="[18ea3fc]"></a>ModbusRecvProcess</STRONG> (Thumb, 102 bytes, Stack size 24 bytes, modbusprocess.o(i.ModbusRecvProcess))
<BR><BR>[Stack]<UL><LI>Max Depth = 160 + Unknown Stack Size
<LI>Call Chain = ModbusRecvProcess &rArr; _ModbusParameterProcess &rArr; ModbusWriteWord &rArr; _SendModbusPark &rArr; _SendStringUartx &rArr; Uart1CharSend &rArr; OSTimeDly &rArr; OS_Sched
</UL>
<BR>[Calls]<UL><LI><a href="#[18ea168]">&gt;&gt;</a>&nbsp;&nbsp;&nbsp;_SendStringUartx
<LI><a href="#[18ea30c]">&gt;&gt;</a>&nbsp;&nbsp;&nbsp;_ModbusParameterProcess
<LI><a href="#[18ea474]">&gt;&gt;</a>&nbsp;&nbsp;&nbsp;GetCRC_Checksum4
</UL>
<BR>[Called By]<UL><LI><a href="#[d02e7c]">&gt;&gt;</a>&nbsp;&nbsp;&nbsp;GetModbusPark
</UL>

<P><STRONG><a name="[d52d58]"></a>ModbusRxISRHandler</STRONG> (Thumb, 142 bytes, Stack size 0 bytes, modbusrecv.o(i.ModbusRxISRHandler))
<BR><BR>[Called By]<UL><LI><a href="#[d06c98]">&gt;&gt;</a>&nbsp;&nbsp;&nbsp;USART1_RxTxISRHandler
</UL>

<P><STRONG><a name="[d02d8c]"></a>ModbusTimeHandler</STRONG> (Thumb, 136 bytes, Stack size 0 bytes, modbusrecv.o(i.ModbusTimeHandler))
<BR><BR>[Called By]<UL><LI><a href="#[d05d98]">&gt;&gt;</a>&nbsp;&nbsp;&nbsp;TaskModbus
</UL>

<P><STRONG><a name="[18ea3c0]"></a>ModbusWriteWord</STRONG> (Thumb, 88 bytes, Stack size 40 bytes, modbusprocess.o(i.ModbusWriteWord))
<BR><BR>[Stack]<UL><LI>Max Depth = 120 + Unknown Stack Size
<LI>Call Chain = ModbusWriteWord &rArr; _SendModbusPark &rArr; _SendStringUartx &rArr; Uart1CharSend &rArr; OSTimeDly &rArr; OS_Sched
</UL>
<BR>[Calls]<UL><LI><a href="#[18ea1a4]">&gt;&gt;</a>&nbsp;&nbsp;&nbsp;_SendModbusPark
<LI><a href="#[18ea1e0]">&gt;&gt;</a>&nbsp;&nbsp;&nbsp;_PlaceModbusFloat
<LI><a href="#[18ea348]">&gt;&gt;</a>&nbsp;&nbsp;&nbsp;_MakeWriteRegRespone
</UL>
<BR>[Called By]<UL><LI><a href="#[18ea30c]">&gt;&gt;</a>&nbsp;&nbsp;&nbsp;_ModbusParameterProcess
</UL>

<P><STRONG><a name="[d032f0]"></a>MotorsRun</STRONG> (Thumb, 72 bytes, Stack size 16 bytes, user.o(i.MotorsRun))
<BR><BR>[Stack]<UL><LI>Max Depth = 32<LI>Call Chain = MotorsRun &rArr; StepMotRun6
</UL>
<BR>[Calls]<UL><LI><a href="#[d0c74c]">&gt;&gt;</a>&nbsp;&nbsp;&nbsp;StepMotRun6
<LI><a href="#[d0c788]">&gt;&gt;</a>&nbsp;&nbsp;&nbsp;StepMotRun5
<LI><a href="#[d0c7c4]">&gt;&gt;</a>&nbsp;&nbsp;&nbsp;StepMotRun4
<LI><a href="#[d0c800]">&gt;&gt;</a>&nbsp;&nbsp;&nbsp;StepMotRun3
<LI><a href="#[d0c83c]">&gt;&gt;</a>&nbsp;&nbsp;&nbsp;StepMotRun2
<LI><a href="#[d0c878]">&gt;&gt;</a>&nbsp;&nbsp;&nbsp;StepMotRun1
</UL>
<BR>[Called By]<UL><LI><a href="#[d0332c]">&gt;&gt;</a>&nbsp;&nbsp;&nbsp;ModbusCommand2
<LI><a href="#[d05ce4]">&gt;&gt;</a>&nbsp;&nbsp;&nbsp;TaskStepMotor
</UL>

<P><STRONG><a name="[d032b4]"></a>MotorsToPosition</STRONG> (Thumb, 132 bytes, Stack size 16 bytes, user.o(i.MotorsToPosition))
<BR><BR>[Stack]<UL><LI>Max Depth = 32<LI>Call Chain = MotorsToPosition &rArr; StepMotRun6
</UL>
<BR>[Calls]<UL><LI><a href="#[d0c74c]">&gt;&gt;</a>&nbsp;&nbsp;&nbsp;StepMotRun6
<LI><a href="#[d0c788]">&gt;&gt;</a>&nbsp;&nbsp;&nbsp;StepMotRun5
<LI><a href="#[d0c7c4]">&gt;&gt;</a>&nbsp;&nbsp;&nbsp;StepMotRun4
<LI><a href="#[d0c800]">&gt;&gt;</a>&nbsp;&nbsp;&nbsp;StepMotRun3
<LI><a href="#[d0c83c]">&gt;&gt;</a>&nbsp;&nbsp;&nbsp;StepMotRun2
<LI><a href="#[d0c878]">&gt;&gt;</a>&nbsp;&nbsp;&nbsp;StepMotRun1
</UL>
<BR>[Called By]<UL><LI><a href="#[d05ca8]">&gt;&gt;</a>&nbsp;&nbsp;&nbsp;TaskSyncUp
<LI><a href="#[d05ce4]">&gt;&gt;</a>&nbsp;&nbsp;&nbsp;TaskStepMotor
</UL>

<P><STRONG><a name="[d0701c]"></a>NMI_Handler</STRONG> (Thumb, 2 bytes, Stack size 0 bytes, stm32f10x_it.o(i.NMI_Handler))
<BR>[Address Reference Count : 1]<UL><LI> startup_stm32f10x_ld.o(RESET)
</UL>
<P><STRONG><a name="[d52d1c]"></a>NVIC_Init</STRONG> (Thumb, 102 bytes, Stack size 16 bytes, misc.o(i.NVIC_Init))
<BR><BR>[Stack]<UL><LI>Max Depth = 16<LI>Call Chain = NVIC_Init
</UL>
<BR>[Called By]<UL><LI><a href="#[d0bb1c]">&gt;&gt;</a>&nbsp;&nbsp;&nbsp;InitUSART1
<LI><a href="#[d0c5e4]">&gt;&gt;</a>&nbsp;&nbsp;&nbsp;Init_Tim3
</UL>

<P><STRONG><a name="[d0baa4]"></a>NVIC_PriorityGroupConfig</STRONG> (Thumb, 10 bytes, Stack size 0 bytes, misc.o(i.NVIC_PriorityGroupConfig))
<BR><BR>[Called By]<UL><LI><a href="#[d0bedc]">&gt;&gt;</a>&nbsp;&nbsp;&nbsp;App_TaskStart
</UL>

<P><STRONG><a name="[189282c]"></a>OSDebugInit</STRONG> (Thumb, 118 bytes, Stack size 0 bytes, os_dbg.o(i.OSDebugInit))
<BR><BR>[Called By]<UL><LI><a href="#[d0ba68]">&gt;&gt;</a>&nbsp;&nbsp;&nbsp;OSInit
</UL>

<P><STRONG><a name="[188cbd4]"></a>OSEventNameSet</STRONG> (Thumb, 98 bytes, Stack size 24 bytes, os_core.o(i.OSEventNameSet))
<BR><BR>[Stack]<UL><LI>Max Depth = 24 + Unknown Stack Size
<LI>Call Chain = OSEventNameSet
</UL>
<BR>[Calls]<UL><LI><a href="#[d0aa78]">&gt;&gt;</a>&nbsp;&nbsp;&nbsp;OS_CPU_SR_Save
<LI><a href="#[d0aab4]">&gt;&gt;</a>&nbsp;&nbsp;&nbsp;OS_CPU_SR_Restore
</UL>
<BR>[Called By]<UL><LI><a href="#[188c670]">&gt;&gt;</a>&nbsp;&nbsp;&nbsp;OSTmr_Init
</UL>

<P><STRONG><a name="[d0ba68]"></a>OSInit</STRONG> (Thumb, 56 bytes, Stack size 8 bytes, os_core.o(i.OSInit))
<BR><BR>[Stack]<UL><LI>Max Depth = 184 + Unknown Stack Size
<LI>Call Chain = OSInit &rArr; OSTmr_Init &rArr; OSTmr_InitTask &rArr; OSTaskCreateExt &rArr; OS_TCBInit &rArr; OSTaskCreateHook
</UL>
<BR>[Calls]<UL><LI><a href="#[188c5bc]">&gt;&gt;</a>&nbsp;&nbsp;&nbsp;OS_QInit
<LI><a href="#[188c5f8]">&gt;&gt;</a>&nbsp;&nbsp;&nbsp;OS_MemInit
<LI><a href="#[188c634]">&gt;&gt;</a>&nbsp;&nbsp;&nbsp;OS_FlagInit
<LI><a href="#[188c670]">&gt;&gt;</a>&nbsp;&nbsp;&nbsp;OSTmr_Init
<LI><a href="#[188d660]">&gt;&gt;</a>&nbsp;&nbsp;&nbsp;OS_InitTaskStat
<LI><a href="#[188d69c]">&gt;&gt;</a>&nbsp;&nbsp;&nbsp;OS_InitTaskIdle
<LI><a href="#[188d6d8]">&gt;&gt;</a>&nbsp;&nbsp;&nbsp;OS_InitTCBList
<LI><a href="#[188d714]">&gt;&gt;</a>&nbsp;&nbsp;&nbsp;OS_InitRdyList
<LI><a href="#[188d750]">&gt;&gt;</a>&nbsp;&nbsp;&nbsp;OS_InitMisc
<LI><a href="#[188d78c]">&gt;&gt;</a>&nbsp;&nbsp;&nbsp;OS_InitEventList
<LI><a href="#[1890f18]">&gt;&gt;</a>&nbsp;&nbsp;&nbsp;OSInitHookEnd
<LI><a href="#[1890f54]">&gt;&gt;</a>&nbsp;&nbsp;&nbsp;OSInitHookBegin
<LI><a href="#[189282c]">&gt;&gt;</a>&nbsp;&nbsp;&nbsp;OSDebugInit
</UL>
<BR>[Called By]<UL><LI><a href="#[d0bc0c]">&gt;&gt;</a>&nbsp;&nbsp;&nbsp;main
</UL>

<P><STRONG><a name="[1890f54]"></a>OSInitHookBegin</STRONG> (Thumb, 8 bytes, Stack size 0 bytes, os_cpu_c.o(i.OSInitHookBegin))
<BR><BR>[Called By]<UL><LI><a href="#[d0ba68]">&gt;&gt;</a>&nbsp;&nbsp;&nbsp;OSInit
</UL>

<P><STRONG><a name="[1890f18]"></a>OSInitHookEnd</STRONG> (Thumb, 2 bytes, Stack size 0 bytes, os_cpu_c.o(i.OSInitHookEnd))
<BR><BR>[Called By]<UL><LI><a href="#[d0ba68]">&gt;&gt;</a>&nbsp;&nbsp;&nbsp;OSInit
</UL>

<P><STRONG><a name="[d06dc4]"></a>OSIntExit</STRONG> (Thumb, 112 bytes, Stack size 8 bytes, os_core.o(i.OSIntExit))
<BR><BR>[Stack]<UL><LI>Max Depth = 8 + Unknown Stack Size
<LI>Call Chain = OSIntExit
</UL>
<BR>[Calls]<UL><LI><a href="#[d0aa78]">&gt;&gt;</a>&nbsp;&nbsp;&nbsp;OS_CPU_SR_Save
<LI><a href="#[d0aab4]">&gt;&gt;</a>&nbsp;&nbsp;&nbsp;OS_CPU_SR_Restore
<LI><a href="#[188d624]">&gt;&gt;</a>&nbsp;&nbsp;&nbsp;OS_SchedNew
<LI><a href="#[189093c]">&gt;&gt;</a>&nbsp;&nbsp;&nbsp;OSIntCtxSw
</UL>
<BR>[Called By]<UL><LI><a href="#[d06c98]">&gt;&gt;</a>&nbsp;&nbsp;&nbsp;USART1_RxTxISRHandler
<LI><a href="#[d06fa4]">&gt;&gt;</a>&nbsp;&nbsp;&nbsp;SysTick_Handler
</UL>

<P><STRONG><a name="[188cb20]"></a>OSSchedLock</STRONG> (Thumb, 50 bytes, Stack size 8 bytes, os_core.o(i.OSSchedLock))
<BR><BR>[Stack]<UL><LI>Max Depth = 8 + Unknown Stack Size
<LI>Call Chain = OSSchedLock
</UL>
<BR>[Calls]<UL><LI><a href="#[d0aa78]">&gt;&gt;</a>&nbsp;&nbsp;&nbsp;OS_CPU_SR_Save
<LI><a href="#[d0aab4]">&gt;&gt;</a>&nbsp;&nbsp;&nbsp;OS_CPU_SR_Restore
</UL>
<BR>[Called By]<UL><LI><a href="#[18f156c]">&gt;&gt;</a>&nbsp;&nbsp;&nbsp;OSTmr_Task
</UL>

<P><STRONG><a name="[188cae4]"></a>OSSchedUnlock</STRONG> (Thumb, 82 bytes, Stack size 8 bytes, os_core.o(i.OSSchedUnlock))
<BR><BR>[Stack]<UL><LI>Max Depth = 16 + Unknown Stack Size
<LI>Call Chain = OSSchedUnlock &rArr; OS_Sched
</UL>
<BR>[Calls]<UL><LI><a href="#[d0aa78]">&gt;&gt;</a>&nbsp;&nbsp;&nbsp;OS_CPU_SR_Save
<LI><a href="#[d0aab4]">&gt;&gt;</a>&nbsp;&nbsp;&nbsp;OS_CPU_SR_Restore
<LI><a href="#[188c850]">&gt;&gt;</a>&nbsp;&nbsp;&nbsp;OS_Sched
</UL>
<BR>[Called By]<UL><LI><a href="#[18f156c]">&gt;&gt;</a>&nbsp;&nbsp;&nbsp;OSTmr_Task
</UL>

<P><STRONG><a name="[d05f3c]"></a>OSSemCreate</STRONG> (Thumb, 72 bytes, Stack size 16 bytes, os_sem.o(i.OSSemCreate))
<BR><BR>[Stack]<UL><LI>Max Depth = 16 + Unknown Stack Size
<LI>Call Chain = OSSemCreate
</UL>
<BR>[Calls]<UL><LI><a href="#[d0aa78]">&gt;&gt;</a>&nbsp;&nbsp;&nbsp;OS_CPU_SR_Save
<LI><a href="#[d0aab4]">&gt;&gt;</a>&nbsp;&nbsp;&nbsp;OS_CPU_SR_Restore
<LI><a href="#[188c904]">&gt;&gt;</a>&nbsp;&nbsp;&nbsp;OS_EventWaitListInit
</UL>
<BR>[Called By]<UL><LI><a href="#[d05ce4]">&gt;&gt;</a>&nbsp;&nbsp;&nbsp;TaskStepMotor
<LI><a href="#[d0bbd0]">&gt;&gt;</a>&nbsp;&nbsp;&nbsp;App_BlinkTaskCreate
<LI><a href="#[188c670]">&gt;&gt;</a>&nbsp;&nbsp;&nbsp;OSTmr_Init
</UL>

<P><STRONG><a name="[d02d50]"></a>OSSemPend</STRONG> (Thumb, 234 bytes, Stack size 24 bytes, os_sem.o(i.OSSemPend))
<BR><BR>[Stack]<UL><LI>Max Depth = 32 + Unknown Stack Size
<LI>Call Chain = OSSemPend &rArr; OS_Sched
</UL>
<BR>[Calls]<UL><LI><a href="#[d0aa78]">&gt;&gt;</a>&nbsp;&nbsp;&nbsp;OS_CPU_SR_Save
<LI><a href="#[d0aab4]">&gt;&gt;</a>&nbsp;&nbsp;&nbsp;OS_CPU_SR_Restore
<LI><a href="#[188c850]">&gt;&gt;</a>&nbsp;&nbsp;&nbsp;OS_Sched
<LI><a href="#[188c97c]">&gt;&gt;</a>&nbsp;&nbsp;&nbsp;OS_EventTaskWait
<LI><a href="#[188c9f4]">&gt;&gt;</a>&nbsp;&nbsp;&nbsp;OS_EventTaskRemove
</UL>
<BR>[Called By]<UL><LI><a href="#[d0332c]">&gt;&gt;</a>&nbsp;&nbsp;&nbsp;ModbusCommand2
<LI><a href="#[d05ca8]">&gt;&gt;</a>&nbsp;&nbsp;&nbsp;TaskSyncUp
<LI><a href="#[d05ce4]">&gt;&gt;</a>&nbsp;&nbsp;&nbsp;TaskStepMotor
<LI><a href="#[d05e10]">&gt;&gt;</a>&nbsp;&nbsp;&nbsp;TaskHeat
<LI><a href="#[18f156c]">&gt;&gt;</a>&nbsp;&nbsp;&nbsp;OSTmr_Task
</UL>

<P><STRONG><a name="[d02d14]"></a>OSSemPost</STRONG> (Thumb, 94 bytes, Stack size 16 bytes, os_sem.o(i.OSSemPost))
<BR><BR>[Stack]<UL><LI>Max Depth = 72 + Unknown Stack Size
<LI>Call Chain = OSSemPost &rArr; OS_EventTaskRdy &rArr; OS_EventTaskRemoveMulti
</UL>
<BR>[Calls]<UL><LI><a href="#[d0aa78]">&gt;&gt;</a>&nbsp;&nbsp;&nbsp;OS_CPU_SR_Save
<LI><a href="#[d0aab4]">&gt;&gt;</a>&nbsp;&nbsp;&nbsp;OS_CPU_SR_Restore
<LI><a href="#[188c850]">&gt;&gt;</a>&nbsp;&nbsp;&nbsp;OS_Sched
<LI><a href="#[188ca30]">&gt;&gt;</a>&nbsp;&nbsp;&nbsp;OS_EventTaskRdy
</UL>
<BR>[Called By]<UL><LI><a href="#[d0332c]">&gt;&gt;</a>&nbsp;&nbsp;&nbsp;ModbusCommand2
<LI><a href="#[d05c6c]">&gt;&gt;</a>&nbsp;&nbsp;&nbsp;TaskTimePr
<LI><a href="#[d05ca8]">&gt;&gt;</a>&nbsp;&nbsp;&nbsp;TaskSyncUp
<LI><a href="#[d05ce4]">&gt;&gt;</a>&nbsp;&nbsp;&nbsp;TaskStepMotor
<LI><a href="#[1890ae0]">&gt;&gt;</a>&nbsp;&nbsp;&nbsp;OSTmrSignal
</UL>

<P><STRONG><a name="[d0ba2c]"></a>OSStart</STRONG> (Thumb, 48 bytes, Stack size 8 bytes, os_core.o(i.OSStart))
<BR><BR>[Stack]<UL><LI>Max Depth = 8 + Unknown Stack Size
<LI>Call Chain = OSStart
</UL>
<BR>[Calls]<UL><LI><a href="#[188d624]">&gt;&gt;</a>&nbsp;&nbsp;&nbsp;OS_SchedNew
<LI><a href="#[18909b4]">&gt;&gt;</a>&nbsp;&nbsp;&nbsp;OSStartHighRdy
</UL>
<BR>[Called By]<UL><LI><a href="#[d0bc0c]">&gt;&gt;</a>&nbsp;&nbsp;&nbsp;main
</UL>

<P><STRONG><a name="[d0b9f0]"></a>OSStatInit</STRONG> (Thumb, 62 bytes, Stack size 8 bytes, os_core.o(i.OSStatInit))
<BR><BR>[Stack]<UL><LI>Max Depth = 32 + Unknown Stack Size
<LI>Call Chain = OSStatInit &rArr; OSTimeDly &rArr; OS_Sched
</UL>
<BR>[Calls]<UL><LI><a href="#[d0aa78]">&gt;&gt;</a>&nbsp;&nbsp;&nbsp;OS_CPU_SR_Save
<LI><a href="#[d0aab4]">&gt;&gt;</a>&nbsp;&nbsp;&nbsp;OS_CPU_SR_Restore
<LI><a href="#[d0aaf0]">&gt;&gt;</a>&nbsp;&nbsp;&nbsp;OSTimeDly
</UL>
<BR>[Called By]<UL><LI><a href="#[d0bedc]">&gt;&gt;</a>&nbsp;&nbsp;&nbsp;App_TaskStart
</UL>

<P><STRONG><a name="[1890edc]"></a>OSTCBInitHook</STRONG> (Thumb, 12 bytes, Stack size 8 bytes, os_cpu_c.o(i.OSTCBInitHook))
<BR><BR>[Stack]<UL><LI>Max Depth = 8<LI>Call Chain = OSTCBInitHook
</UL>
<BR>[Calls]<UL><LI><a href="#[1890c84]">&gt;&gt;</a>&nbsp;&nbsp;&nbsp;App_TCBInitHook
</UL>
<BR>[Called By]<UL><LI><a href="#[188c7d8]">&gt;&gt;</a>&nbsp;&nbsp;&nbsp;OS_TCBInit
</UL>

<P><STRONG><a name="[d05e4c]"></a>OSTaskCreate</STRONG> (Thumb, 156 bytes, Stack size 48 bytes, os_task.o(i.OSTaskCreate))
<BR><BR>[Stack]<UL><LI>Max Depth = 104 + Unknown Stack Size
<LI>Call Chain = OSTaskCreate &rArr; OS_TCBInit &rArr; OSTaskCreateHook
</UL>
<BR>[Calls]<UL><LI><a href="#[d0aa78]">&gt;&gt;</a>&nbsp;&nbsp;&nbsp;OS_CPU_SR_Save
<LI><a href="#[d0aab4]">&gt;&gt;</a>&nbsp;&nbsp;&nbsp;OS_CPU_SR_Restore
<LI><a href="#[188c7d8]">&gt;&gt;</a>&nbsp;&nbsp;&nbsp;OS_TCBInit
<LI><a href="#[188c850]">&gt;&gt;</a>&nbsp;&nbsp;&nbsp;OS_Sched
<LI><a href="#[1890db0]">&gt;&gt;</a>&nbsp;&nbsp;&nbsp;OSTaskStkInit
</UL>
<BR>[Called By]<UL><LI><a href="#[d0bbd0]">&gt;&gt;</a>&nbsp;&nbsp;&nbsp;App_BlinkTaskCreate
</UL>

<P><STRONG><a name="[d0b9b4]"></a>OSTaskCreateExt</STRONG> (Thumb, 182 bytes, Stack size 64 bytes, os_task.o(i.OSTaskCreateExt))
<BR><BR>[Stack]<UL><LI>Max Depth = 120 + Unknown Stack Size
<LI>Call Chain = OSTaskCreateExt &rArr; OS_TCBInit &rArr; OSTaskCreateHook
</UL>
<BR>[Calls]<UL><LI><a href="#[d0aa78]">&gt;&gt;</a>&nbsp;&nbsp;&nbsp;OS_CPU_SR_Save
<LI><a href="#[d0aab4]">&gt;&gt;</a>&nbsp;&nbsp;&nbsp;OS_CPU_SR_Restore
<LI><a href="#[188c7d8]">&gt;&gt;</a>&nbsp;&nbsp;&nbsp;OS_TCBInit
<LI><a href="#[188c850]">&gt;&gt;</a>&nbsp;&nbsp;&nbsp;OS_Sched
<LI><a href="#[1890db0]">&gt;&gt;</a>&nbsp;&nbsp;&nbsp;OSTaskStkInit
<LI><a href="#[18f3510]">&gt;&gt;</a>&nbsp;&nbsp;&nbsp;OS_TaskStkClr
</UL>
<BR>[Called By]<UL><LI><a href="#[d0bbd0]">&gt;&gt;</a>&nbsp;&nbsp;&nbsp;App_BlinkTaskCreate
<LI><a href="#[d0bc0c]">&gt;&gt;</a>&nbsp;&nbsp;&nbsp;main
<LI><a href="#[188d660]">&gt;&gt;</a>&nbsp;&nbsp;&nbsp;OS_InitTaskStat
<LI><a href="#[188d69c]">&gt;&gt;</a>&nbsp;&nbsp;&nbsp;OS_InitTaskIdle
<LI><a href="#[18f15e4]">&gt;&gt;</a>&nbsp;&nbsp;&nbsp;OSTmr_InitTask
</UL>

<P><STRONG><a name="[1890ea0]"></a>OSTaskCreateHook</STRONG> (Thumb, 12 bytes, Stack size 8 bytes, os_cpu_c.o(i.OSTaskCreateHook))
<BR><BR>[Stack]<UL><LI>Max Depth = 8<LI>Call Chain = OSTaskCreateHook
</UL>
<BR>[Calls]<UL><LI><a href="#[1890c48]">&gt;&gt;</a>&nbsp;&nbsp;&nbsp;App_TaskCreateHook
</UL>
<BR>[Called By]<UL><LI><a href="#[188c7d8]">&gt;&gt;</a>&nbsp;&nbsp;&nbsp;OS_TCBInit
</UL>

<P><STRONG><a name="[1890e28]"></a>OSTaskIdleHook</STRONG> (Thumb, 8 bytes, Stack size 8 bytes, os_cpu_c.o(i.OSTaskIdleHook))
<BR><BR>[Stack]<UL><LI>Max Depth = 8<LI>Call Chain = OSTaskIdleHook
</UL>
<BR>[Calls]<UL><LI><a href="#[1890bd0]">&gt;&gt;</a>&nbsp;&nbsp;&nbsp;App_TaskIdleHook
</UL>
<BR>[Called By]<UL><LI><a href="#[188c79c]">&gt;&gt;</a>&nbsp;&nbsp;&nbsp;OS_TaskIdle
</UL>

<P><STRONG><a name="[d0b978]"></a>OSTaskNameSet</STRONG> (Thumb, 118 bytes, Stack size 24 bytes, os_task.o(i.OSTaskNameSet))
<BR><BR>[Stack]<UL><LI>Max Depth = 24 + Unknown Stack Size
<LI>Call Chain = OSTaskNameSet
</UL>
<BR>[Calls]<UL><LI><a href="#[d0aa78]">&gt;&gt;</a>&nbsp;&nbsp;&nbsp;OS_CPU_SR_Save
<LI><a href="#[d0aab4]">&gt;&gt;</a>&nbsp;&nbsp;&nbsp;OS_CPU_SR_Restore
</UL>
<BR>[Called By]<UL><LI><a href="#[d0bbd0]">&gt;&gt;</a>&nbsp;&nbsp;&nbsp;App_BlinkTaskCreate
<LI><a href="#[d0bc0c]">&gt;&gt;</a>&nbsp;&nbsp;&nbsp;main
<LI><a href="#[188d660]">&gt;&gt;</a>&nbsp;&nbsp;&nbsp;OS_InitTaskStat
<LI><a href="#[188d69c]">&gt;&gt;</a>&nbsp;&nbsp;&nbsp;OS_InitTaskIdle
<LI><a href="#[18f15e4]">&gt;&gt;</a>&nbsp;&nbsp;&nbsp;OSTmr_InitTask
</UL>

<P><STRONG><a name="[1890dec]"></a>OSTaskStatHook</STRONG> (Thumb, 8 bytes, Stack size 8 bytes, os_cpu_c.o(i.OSTaskStatHook))
<BR><BR>[Stack]<UL><LI>Max Depth = 8<LI>Call Chain = OSTaskStatHook
</UL>
<BR>[Calls]<UL><LI><a href="#[1890b94]">&gt;&gt;</a>&nbsp;&nbsp;&nbsp;App_TaskStatHook
</UL>
<BR>[Called By]<UL><LI><a href="#[188c760]">&gt;&gt;</a>&nbsp;&nbsp;&nbsp;OS_TaskStat
</UL>

<P><STRONG><a name="[188c6e8]"></a>OSTaskStkChk</STRONG> (Thumb, 152 bytes, Stack size 32 bytes, os_task.o(i.OSTaskStkChk))
<BR><BR>[Stack]<UL><LI>Max Depth = 32 + Unknown Stack Size
<LI>Call Chain = OSTaskStkChk
</UL>
<BR>[Calls]<UL><LI><a href="#[d0aa78]">&gt;&gt;</a>&nbsp;&nbsp;&nbsp;OS_CPU_SR_Save
<LI><a href="#[d0aab4]">&gt;&gt;</a>&nbsp;&nbsp;&nbsp;OS_CPU_SR_Restore
</UL>
<BR>[Called By]<UL><LI><a href="#[188c724]">&gt;&gt;</a>&nbsp;&nbsp;&nbsp;OS_TaskStatStkChk
</UL>

<P><STRONG><a name="[1890db0]"></a>OSTaskStkInit</STRONG> (Thumb, 154 bytes, Stack size 16 bytes, os_cpu_c.o(i.OSTaskStkInit))
<BR><BR>[Stack]<UL><LI>Max Depth = 16<LI>Call Chain = OSTaskStkInit
</UL>
<BR>[Called By]<UL><LI><a href="#[d05e4c]">&gt;&gt;</a>&nbsp;&nbsp;&nbsp;OSTaskCreate
<LI><a href="#[d0b9b4]">&gt;&gt;</a>&nbsp;&nbsp;&nbsp;OSTaskCreateExt
</UL>

<P><STRONG><a name="[188c6ac]"></a>OSTaskSuspend</STRONG> (Thumb, 180 bytes, Stack size 24 bytes, os_task.o(i.OSTaskSuspend))
<BR><BR>[Stack]<UL><LI>Max Depth = 32 + Unknown Stack Size
<LI>Call Chain = OSTaskSuspend &rArr; OS_Sched
</UL>
<BR>[Calls]<UL><LI><a href="#[d0aa78]">&gt;&gt;</a>&nbsp;&nbsp;&nbsp;OS_CPU_SR_Save
<LI><a href="#[d0aab4]">&gt;&gt;</a>&nbsp;&nbsp;&nbsp;OS_CPU_SR_Restore
<LI><a href="#[188c850]">&gt;&gt;</a>&nbsp;&nbsp;&nbsp;OS_Sched
</UL>
<BR>[Called By]<UL><LI><a href="#[188c760]">&gt;&gt;</a>&nbsp;&nbsp;&nbsp;OS_TaskStat
</UL>

<P><STRONG><a name="[1890d74]"></a>OSTaskSwHook</STRONG> (Thumb, 8 bytes, Stack size 8 bytes, os_cpu_c.o(i.OSTaskSwHook))
<BR><BR>[Stack]<UL><LI>Max Depth = 8<LI>Call Chain = OSTaskSwHook
</UL>
<BR>[Calls]<UL><LI><a href="#[1890b58]">&gt;&gt;</a>&nbsp;&nbsp;&nbsp;App_TaskSwHook
</UL>
<BR>[Address Reference Count : 1]<UL><LI> os_cpu_a.o(.text)
</UL>
<P><STRONG><a name="[d0aaf0]"></a>OSTimeDly</STRONG> (Thumb, 106 bytes, Stack size 16 bytes, os_time.o(i.OSTimeDly))
<BR><BR>[Stack]<UL><LI>Max Depth = 24 + Unknown Stack Size
<LI>Call Chain = OSTimeDly &rArr; OS_Sched
</UL>
<BR>[Calls]<UL><LI><a href="#[d0aa78]">&gt;&gt;</a>&nbsp;&nbsp;&nbsp;OS_CPU_SR_Save
<LI><a href="#[d0aab4]">&gt;&gt;</a>&nbsp;&nbsp;&nbsp;OS_CPU_SR_Restore
<LI><a href="#[188c850]">&gt;&gt;</a>&nbsp;&nbsp;&nbsp;OS_Sched
</UL>
<BR>[Called By]<UL><LI><a href="#[d05bf4]">&gt;&gt;</a>&nbsp;&nbsp;&nbsp;TaskVirPwm
<LI><a href="#[d05c30]">&gt;&gt;</a>&nbsp;&nbsp;&nbsp;TaskTs
<LI><a href="#[d05c6c]">&gt;&gt;</a>&nbsp;&nbsp;&nbsp;TaskTimePr
<LI><a href="#[d05ca8]">&gt;&gt;</a>&nbsp;&nbsp;&nbsp;TaskSyncUp
<LI><a href="#[d05ce4]">&gt;&gt;</a>&nbsp;&nbsp;&nbsp;TaskStepMotor
<LI><a href="#[d05d20]">&gt;&gt;</a>&nbsp;&nbsp;&nbsp;TaskStatus
<LI><a href="#[d05d5c]">&gt;&gt;</a>&nbsp;&nbsp;&nbsp;TaskRecv
<LI><a href="#[d05d98]">&gt;&gt;</a>&nbsp;&nbsp;&nbsp;TaskModbus
<LI><a href="#[d05dd4]">&gt;&gt;</a>&nbsp;&nbsp;&nbsp;TaskInput1
<LI><a href="#[d05e10]">&gt;&gt;</a>&nbsp;&nbsp;&nbsp;TaskHeat
<LI><a href="#[d0abe0]">&gt;&gt;</a>&nbsp;&nbsp;&nbsp;Uart1CharSend
<LI><a href="#[d0b93c]">&gt;&gt;</a>&nbsp;&nbsp;&nbsp;OSTimeDlyHMSM
<LI><a href="#[d0b9f0]">&gt;&gt;</a>&nbsp;&nbsp;&nbsp;OSStatInit
<LI><a href="#[d5718c]">&gt;&gt;</a>&nbsp;&nbsp;&nbsp;ModbusCommand1
<LI><a href="#[188c760]">&gt;&gt;</a>&nbsp;&nbsp;&nbsp;OS_TaskStat
</UL>

<P><STRONG><a name="[d0b93c]"></a>OSTimeDlyHMSM</STRONG> (Thumb, 124 bytes, Stack size 24 bytes, os_time.o(i.OSTimeDlyHMSM))
<BR><BR>[Stack]<UL><LI>Max Depth = 48 + Unknown Stack Size
<LI>Call Chain = OSTimeDlyHMSM &rArr; OSTimeDly &rArr; OS_Sched
</UL>
<BR>[Calls]<UL><LI><a href="#[d0aaf0]">&gt;&gt;</a>&nbsp;&nbsp;&nbsp;OSTimeDly
</UL>
<BR>[Called By]<UL><LI><a href="#[d060e0]">&gt;&gt;</a>&nbsp;&nbsp;&nbsp;uctsk_Blink
<LI><a href="#[d0611c]">&gt;&gt;</a>&nbsp;&nbsp;&nbsp;MyTASK
<LI><a href="#[d0bedc]">&gt;&gt;</a>&nbsp;&nbsp;&nbsp;App_TaskStart
</UL>

<P><STRONG><a name="[d06d4c]"></a>OSTimeTick</STRONG> (Thumb, 208 bytes, Stack size 16 bytes, os_core.o(i.OSTimeTick))
<BR><BR>[Stack]<UL><LI>Max Depth = 104 + Unknown Stack Size
<LI>Call Chain = OSTimeTick &rArr; OSTimeTickHook &rArr; OSTmrSignal &rArr; OSSemPost &rArr; OS_EventTaskRdy &rArr; OS_EventTaskRemoveMulti
</UL>
<BR>[Calls]<UL><LI><a href="#[d0aa78]">&gt;&gt;</a>&nbsp;&nbsp;&nbsp;OS_CPU_SR_Save
<LI><a href="#[d0aab4]">&gt;&gt;</a>&nbsp;&nbsp;&nbsp;OS_CPU_SR_Restore
<LI><a href="#[1890d38]">&gt;&gt;</a>&nbsp;&nbsp;&nbsp;OSTimeTickHook
</UL>
<BR>[Called By]<UL><LI><a href="#[d06fa4]">&gt;&gt;</a>&nbsp;&nbsp;&nbsp;SysTick_Handler
</UL>

<P><STRONG><a name="[1890d38]"></a>OSTimeTickHook</STRONG> (Thumb, 34 bytes, Stack size 8 bytes, os_cpu_c.o(i.OSTimeTickHook))
<BR><BR>[Stack]<UL><LI>Max Depth = 88 + Unknown Stack Size
<LI>Call Chain = OSTimeTickHook &rArr; OSTmrSignal &rArr; OSSemPost &rArr; OS_EventTaskRdy &rArr; OS_EventTaskRemoveMulti
</UL>
<BR>[Calls]<UL><LI><a href="#[1890ae0]">&gt;&gt;</a>&nbsp;&nbsp;&nbsp;OSTmrSignal
<LI><a href="#[1890b1c]">&gt;&gt;</a>&nbsp;&nbsp;&nbsp;App_TimeTickHook
</UL>
<BR>[Called By]<UL><LI><a href="#[d06d4c]">&gt;&gt;</a>&nbsp;&nbsp;&nbsp;OSTimeTick
</UL>

<P><STRONG><a name="[1890ae0]"></a>OSTmrSignal</STRONG> (Thumb, 16 bytes, Stack size 8 bytes, os_tmr.o(i.OSTmrSignal))
<BR><BR>[Stack]<UL><LI>Max Depth = 80 + Unknown Stack Size
<LI>Call Chain = OSTmrSignal &rArr; OSSemPost &rArr; OS_EventTaskRdy &rArr; OS_EventTaskRemoveMulti
</UL>
<BR>[Calls]<UL><LI><a href="#[d02d14]">&gt;&gt;</a>&nbsp;&nbsp;&nbsp;OSSemPost
</UL>
<BR>[Called By]<UL><LI><a href="#[1890d38]">&gt;&gt;</a>&nbsp;&nbsp;&nbsp;OSTimeTickHook
</UL>

<P><STRONG><a name="[188c670]"></a>OSTmr_Init</STRONG> (Thumb, 168 bytes, Stack size 24 bytes, os_tmr.o(i.OSTmr_Init))
<BR><BR>[Stack]<UL><LI>Max Depth = 176 + Unknown Stack Size
<LI>Call Chain = OSTmr_Init &rArr; OSTmr_InitTask &rArr; OSTaskCreateExt &rArr; OS_TCBInit &rArr; OSTaskCreateHook
</UL>
<BR>[Calls]<UL><LI><a href="#[d05f3c]">&gt;&gt;</a>&nbsp;&nbsp;&nbsp;OSSemCreate
<LI><a href="#[188c8c8]">&gt;&gt;</a>&nbsp;&nbsp;&nbsp;OS_MemClr
<LI><a href="#[188cbd4]">&gt;&gt;</a>&nbsp;&nbsp;&nbsp;OSEventNameSet
<LI><a href="#[18f15e4]">&gt;&gt;</a>&nbsp;&nbsp;&nbsp;OSTmr_InitTask
</UL>
<BR>[Called By]<UL><LI><a href="#[d0ba68]">&gt;&gt;</a>&nbsp;&nbsp;&nbsp;OSInit
</UL>

<P><STRONG><a name="[d0b900]"></a>OS_CPU_SysTickInit</STRONG> (Thumb, 88 bytes, Stack size 0 bytes, os_cpu_c.o(i.OS_CPU_SysTickInit))
<BR><BR>[Called By]<UL><LI><a href="#[d0bedc]">&gt;&gt;</a>&nbsp;&nbsp;&nbsp;App_TaskStart
</UL>

<P><STRONG><a name="[188ca30]"></a>OS_EventTaskRdy</STRONG> (Thumb, 150 bytes, Stack size 36 bytes, os_core.o(i.OS_EventTaskRdy))
<BR><BR>[Stack]<UL><LI>Max Depth = 56<LI>Call Chain = OS_EventTaskRdy &rArr; OS_EventTaskRemoveMulti
</UL>
<BR>[Calls]<UL><LI><a href="#[188c9b8]">&gt;&gt;</a>&nbsp;&nbsp;&nbsp;OS_EventTaskRemoveMulti
<LI><a href="#[188c9f4]">&gt;&gt;</a>&nbsp;&nbsp;&nbsp;OS_EventTaskRemove
</UL>
<BR>[Called By]<UL><LI><a href="#[d02d14]">&gt;&gt;</a>&nbsp;&nbsp;&nbsp;OSSemPost
</UL>

<P><STRONG><a name="[188c9f4]"></a>OS_EventTaskRemove</STRONG> (Thumb, 48 bytes, Stack size 8 bytes, os_core.o(i.OS_EventTaskRemove))
<BR><BR>[Stack]<UL><LI>Max Depth = 8<LI>Call Chain = OS_EventTaskRemove
</UL>
<BR>[Called By]<UL><LI><a href="#[d02d50]">&gt;&gt;</a>&nbsp;&nbsp;&nbsp;OSSemPend
<LI><a href="#[188ca30]">&gt;&gt;</a>&nbsp;&nbsp;&nbsp;OS_EventTaskRdy
</UL>

<P><STRONG><a name="[188c9b8]"></a>OS_EventTaskRemoveMulti</STRONG> (Thumb, 78 bytes, Stack size 20 bytes, os_core.o(i.OS_EventTaskRemoveMulti))
<BR><BR>[Stack]<UL><LI>Max Depth = 20<LI>Call Chain = OS_EventTaskRemoveMulti
</UL>
<BR>[Called By]<UL><LI><a href="#[188ca30]">&gt;&gt;</a>&nbsp;&nbsp;&nbsp;OS_EventTaskRdy
</UL>

<P><STRONG><a name="[188c97c]"></a>OS_EventTaskWait</STRONG> (Thumb, 120 bytes, Stack size 8 bytes, os_core.o(i.OS_EventTaskWait))
<BR><BR>[Stack]<UL><LI>Max Depth = 8<LI>Call Chain = OS_EventTaskWait
</UL>
<BR>[Called By]<UL><LI><a href="#[d02d50]">&gt;&gt;</a>&nbsp;&nbsp;&nbsp;OSSemPend
</UL>

<P><STRONG><a name="[188c904]"></a>OS_EventWaitListInit</STRONG> (Thumb, 26 bytes, Stack size 0 bytes, os_core.o(i.OS_EventWaitListInit))
<BR><BR>[Called By]<UL><LI><a href="#[d05f3c]">&gt;&gt;</a>&nbsp;&nbsp;&nbsp;OSSemCreate
</UL>

<P><STRONG><a name="[188c634]"></a>OS_FlagInit</STRONG> (Thumb, 74 bytes, Stack size 24 bytes, os_flag.o(i.OS_FlagInit))
<BR><BR>[Stack]<UL><LI>Max Depth = 24<LI>Call Chain = OS_FlagInit
</UL>
<BR>[Calls]<UL><LI><a href="#[188c8c8]">&gt;&gt;</a>&nbsp;&nbsp;&nbsp;OS_MemClr
</UL>
<BR>[Called By]<UL><LI><a href="#[d0ba68]">&gt;&gt;</a>&nbsp;&nbsp;&nbsp;OSInit
</UL>

<P><STRONG><a name="[188c8c8]"></a>OS_MemClr</STRONG> (Thumb, 18 bytes, Stack size 0 bytes, os_core.o(i.OS_MemClr))
<BR><BR>[Called By]<UL><LI><a href="#[188c5bc]">&gt;&gt;</a>&nbsp;&nbsp;&nbsp;OS_QInit
<LI><a href="#[188c5f8]">&gt;&gt;</a>&nbsp;&nbsp;&nbsp;OS_MemInit
<LI><a href="#[188c634]">&gt;&gt;</a>&nbsp;&nbsp;&nbsp;OS_FlagInit
<LI><a href="#[188c670]">&gt;&gt;</a>&nbsp;&nbsp;&nbsp;OSTmr_Init
<LI><a href="#[188d6d8]">&gt;&gt;</a>&nbsp;&nbsp;&nbsp;OS_InitTCBList
<LI><a href="#[188d78c]">&gt;&gt;</a>&nbsp;&nbsp;&nbsp;OS_InitEventList
</UL>

<P><STRONG><a name="[188c5f8]"></a>OS_MemInit</STRONG> (Thumb, 74 bytes, Stack size 16 bytes, os_mem.o(i.OS_MemInit))
<BR><BR>[Stack]<UL><LI>Max Depth = 16<LI>Call Chain = OS_MemInit
</UL>
<BR>[Calls]<UL><LI><a href="#[188c8c8]">&gt;&gt;</a>&nbsp;&nbsp;&nbsp;OS_MemClr
</UL>
<BR>[Called By]<UL><LI><a href="#[d0ba68]">&gt;&gt;</a>&nbsp;&nbsp;&nbsp;OSInit
</UL>

<P><STRONG><a name="[188c5bc]"></a>OS_QInit</STRONG> (Thumb, 72 bytes, Stack size 24 bytes, os_q.o(i.OS_QInit))
<BR><BR>[Stack]<UL><LI>Max Depth = 24<LI>Call Chain = OS_QInit
</UL>
<BR>[Calls]<UL><LI><a href="#[188c8c8]">&gt;&gt;</a>&nbsp;&nbsp;&nbsp;OS_MemClr
</UL>
<BR>[Called By]<UL><LI><a href="#[d0ba68]">&gt;&gt;</a>&nbsp;&nbsp;&nbsp;OSInit
</UL>

<P><STRONG><a name="[188c850]"></a>OS_Sched</STRONG> (Thumb, 88 bytes, Stack size 8 bytes, os_core.o(i.OS_Sched))
<BR><BR>[Stack]<UL><LI>Max Depth = 8 + Unknown Stack Size
<LI>Call Chain = OS_Sched
</UL>
<BR>[Calls]<UL><LI><a href="#[d0aa78]">&gt;&gt;</a>&nbsp;&nbsp;&nbsp;OS_CPU_SR_Save
<LI><a href="#[d0aab4]">&gt;&gt;</a>&nbsp;&nbsp;&nbsp;OS_CPU_SR_Restore
<LI><a href="#[188d624]">&gt;&gt;</a>&nbsp;&nbsp;&nbsp;OS_SchedNew
<LI><a href="#[1890978]">&gt;&gt;</a>&nbsp;&nbsp;&nbsp;OSCtxSw
</UL>
<BR>[Called By]<UL><LI><a href="#[d02d14]">&gt;&gt;</a>&nbsp;&nbsp;&nbsp;OSSemPost
<LI><a href="#[d02d50]">&gt;&gt;</a>&nbsp;&nbsp;&nbsp;OSSemPend
<LI><a href="#[d05e4c]">&gt;&gt;</a>&nbsp;&nbsp;&nbsp;OSTaskCreate
<LI><a href="#[d0aaf0]">&gt;&gt;</a>&nbsp;&nbsp;&nbsp;OSTimeDly
<LI><a href="#[d0b9b4]">&gt;&gt;</a>&nbsp;&nbsp;&nbsp;OSTaskCreateExt
<LI><a href="#[188c6ac]">&gt;&gt;</a>&nbsp;&nbsp;&nbsp;OSTaskSuspend
<LI><a href="#[188cae4]">&gt;&gt;</a>&nbsp;&nbsp;&nbsp;OSSchedUnlock
</UL>

<P><STRONG><a name="[188c7d8]"></a>OS_TCBInit</STRONG> (Thumb, 346 bytes, Stack size 48 bytes, os_core.o(i.OS_TCBInit))
<BR><BR>[Stack]<UL><LI>Max Depth = 56 + Unknown Stack Size
<LI>Call Chain = OS_TCBInit &rArr; OSTaskCreateHook
</UL>
<BR>[Calls]<UL><LI><a href="#[d0aa78]">&gt;&gt;</a>&nbsp;&nbsp;&nbsp;OS_CPU_SR_Save
<LI><a href="#[d0aab4]">&gt;&gt;</a>&nbsp;&nbsp;&nbsp;OS_CPU_SR_Restore
<LI><a href="#[1890ea0]">&gt;&gt;</a>&nbsp;&nbsp;&nbsp;OSTaskCreateHook
<LI><a href="#[1890edc]">&gt;&gt;</a>&nbsp;&nbsp;&nbsp;OSTCBInitHook
</UL>
<BR>[Called By]<UL><LI><a href="#[d05e4c]">&gt;&gt;</a>&nbsp;&nbsp;&nbsp;OSTaskCreate
<LI><a href="#[d0b9b4]">&gt;&gt;</a>&nbsp;&nbsp;&nbsp;OSTaskCreateExt
</UL>

<P><STRONG><a name="[188c79c]"></a>OS_TaskIdle</STRONG> (Thumb, 36 bytes, Stack size 16 bytes, os_core.o(i.OS_TaskIdle))
<BR><BR>[Stack]<UL><LI>Max Depth = 24 + Unknown Stack Size
<LI>Call Chain = OS_TaskIdle &rArr; OSTaskIdleHook
</UL>
<BR>[Calls]<UL><LI><a href="#[d0aa78]">&gt;&gt;</a>&nbsp;&nbsp;&nbsp;OS_CPU_SR_Save
<LI><a href="#[d0aab4]">&gt;&gt;</a>&nbsp;&nbsp;&nbsp;OS_CPU_SR_Restore
<LI><a href="#[1890e28]">&gt;&gt;</a>&nbsp;&nbsp;&nbsp;OSTaskIdleHook
</UL>
<BR>[Address Reference Count : 1]<UL><LI> os_core.o(i.OS_InitTaskIdle)
</UL>
<P><STRONG><a name="[188c760]"></a>OS_TaskStat</STRONG> (Thumb, 120 bytes, Stack size 16 bytes, os_core.o(i.OS_TaskStat))
[...]
</UL>
<BR>[Called By]<UL><LI><a href="#[d06c98]">&gt;&gt;</a>&nbsp;&nbsp;&nbsp;USART1_RxTxISRHandler
</UL>

<P><STRONG><a name="[d52b78]"></a>USART_Cmd</STRONG> (Thumb, 24 bytes, Stack size 0 bytes, stm32f10x_usart.o(i.USART_Cmd))
<BR><BR>[Called By]<UL><LI><a href="#[d0bb1c]">&gt;&gt;</a>&nbsp;&nbsp;&nbsp;InitUSART1
</UL>

<P><STRONG><a name="[d52b3c]"></a>USART_GetITStatus</STRONG> (Thumb, 84 bytes, Stack size 16 bytes, stm32f10x_usart.o(i.USART_GetITStatus))
<BR><BR>[Stack]<UL><LI>Max Depth = 16<LI>Call Chain = USART_GetITStatus
</UL>
<BR>[Called By]<UL><LI><a href="#[d06c98]">&gt;&gt;</a>&nbsp;&nbsp;&nbsp;USART1_RxTxISRHandler
</UL>

<P><STRONG><a name="[d0aa3c]"></a>USART_ITConfig</STRONG> (Thumb, 72 bytes, Stack size 20 bytes, stm32f10x_usart.o(i.USART_ITConfig))
<BR><BR>[Stack]<UL><LI>Max Depth = 20<LI>Call Chain = USART_ITConfig
</UL>
<BR>[Called By]<UL><LI><a href="#[d06c98]">&gt;&gt;</a>&nbsp;&nbsp;&nbsp;USART1_RxTxISRHandler
<LI><a href="#[d0abe0]">&gt;&gt;</a>&nbsp;&nbsp;&nbsp;Uart1CharSend
<LI><a href="#[d0bb1c]">&gt;&gt;</a>&nbsp;&nbsp;&nbsp;InitUSART1
<LI><a href="#[d52e48]">&gt;&gt;</a>&nbsp;&nbsp;&nbsp;USART1_TxIntEn
</UL>

<P><STRONG><a name="[d52b00]"></a>USART_Init</STRONG> (Thumb, 210 bytes, Stack size 56 bytes, stm32f10x_usart.o(i.USART_Init))
<BR><BR>[Stack]<UL><LI>Max Depth = 76<LI>Call Chain = USART_Init &rArr; RCC_GetClocksFreq
</UL>
<BR>[Calls]<UL><LI><a href="#[17b9d44]">&gt;&gt;</a>&nbsp;&nbsp;&nbsp;RCC_GetClocksFreq
</UL>
<BR>[Called By]<UL><LI><a href="#[d0bb1c]">&gt;&gt;</a>&nbsp;&nbsp;&nbsp;InitUSART1
</UL>

<P><STRONG><a name="[d52ac4]"></a>USART_ReceiveData</STRONG> (Thumb, 10 bytes, Stack size 0 bytes, stm32f10x_usart.o(i.USART_ReceiveData))
<BR><BR>[Called By]<UL><LI><a href="#[d06c98]">&gt;&gt;</a>&nbsp;&nbsp;&nbsp;USART1_RxTxISRHandler
</UL>

<P><STRONG><a name="[d0aa00]"></a>USART_SendData</STRONG> (Thumb, 8 bytes, Stack size 0 bytes, stm32f10x_usart.o(i.USART_SendData))
<BR><BR>[Called By]<UL><LI><a href="#[d06c98]">&gt;&gt;</a>&nbsp;&nbsp;&nbsp;USART1_RxTxISRHandler
<LI><a href="#[d0abe0]">&gt;&gt;</a>&nbsp;&nbsp;&nbsp;Uart1CharSend
</UL>

<P><STRONG><a name="[d0ac1c]"></a>Uart1BufInit</STRONG> (Thumb, 42 bytes, Stack size 8 bytes, uart.o(i.Uart1BufInit))
<BR><BR>[Stack]<UL><LI>Max Depth = 8 + Unknown Stack Size
<LI>Call Chain = Uart1BufInit
</UL>
<BR>[Calls]<UL><LI><a href="#[d0aa78]">&gt;&gt;</a>&nbsp;&nbsp;&nbsp;OS_CPU_SR_Save
<LI><a href="#[d0aab4]">&gt;&gt;</a>&nbsp;&nbsp;&nbsp;OS_CPU_SR_Restore
<LI><a href="#[d0ab68]">&gt;&gt;</a>&nbsp;&nbsp;&nbsp;ClearLoopBuf
</UL>
<BR>[Called By]<UL><LI><a href="#[d0bb1c]">&gt;&gt;</a>&nbsp;&nbsp;&nbsp;InitUSART1
</UL>

<P><STRONG><a name="[d0abe0]"></a>Uart1CharSend</STRONG> (Thumb, 154 bytes, Stack size 24 bytes, uart.o(i.Uart1CharSend))
<BR><BR>[Stack]<UL><LI>Max Depth = 48 + Unknown Stack Size
<LI>Call Chain = Uart1CharSend &rArr; OSTimeDly &rArr; OS_Sched
</UL>
<BR>[Calls]<UL><LI><a href="#[d0aa00]">&gt;&gt;</a>&nbsp;&nbsp;&nbsp;USART_SendData
<LI><a href="#[d0aa3c]">&gt;&gt;</a>&nbsp;&nbsp;&nbsp;USART_ITConfig
<LI><a href="#[d0aa78]">&gt;&gt;</a>&nbsp;&nbsp;&nbsp;OS_CPU_SR_Save
<LI><a href="#[d0aab4]">&gt;&gt;</a>&nbsp;&nbsp;&nbsp;OS_CPU_SR_Restore
<LI><a href="#[d0aaf0]">&gt;&gt;</a>&nbsp;&nbsp;&nbsp;OSTimeDly
<LI><a href="#[d0ab2c]">&gt;&gt;</a>&nbsp;&nbsp;&nbsp;GetLoopbuf
<LI><a href="#[d0aba4]">&gt;&gt;</a>&nbsp;&nbsp;&nbsp;AddLoopBuf
<LI><a href="#[d0c65c]">&gt;&gt;</a>&nbsp;&nbsp;&nbsp;GPIO_ResetBits
</UL>
<BR>[Called By]<UL><LI><a href="#[d0b8c4]">&gt;&gt;</a>&nbsp;&nbsp;&nbsp;SendText_UART1
<LI><a href="#[18ea168]">&gt;&gt;</a>&nbsp;&nbsp;&nbsp;_SendStringUartx
</UL>

<P><STRONG><a name="[d06e00]"></a>UsageFault_Handler</STRONG> (Thumb, 4 bytes, Stack size 0 bytes, stm32f10x_it.o(i.UsageFault_Handler))
<BR>[Address Reference Count : 1]<UL><LI> startup_stm32f10x_ld.o(RESET)
</UL>
<P><STRONG><a name="[d03110]"></a>VirtualPwmOutPin</STRONG> (Thumb, 162 bytes, Stack size 16 bytes, user.o(i.VirtualPwmOutPin))
<BR><BR>[Stack]<UL><LI>Max Depth = 16<LI>Call Chain = VirtualPwmOutPin
</UL>
<BR>[Calls]<UL><LI><a href="#[d0c620]">&gt;&gt;</a>&nbsp;&nbsp;&nbsp;GPIO_SetBits
<LI><a href="#[d0c65c]">&gt;&gt;</a>&nbsp;&nbsp;&nbsp;GPIO_ResetBits
</UL>
<BR>[Called By]<UL><LI><a href="#[d05bf4]">&gt;&gt;</a>&nbsp;&nbsp;&nbsp;TaskVirPwm
</UL>

<P><STRONG><a name="[18ebcd4]"></a>_GetParamCheck</STRONG> (Thumb, 26 bytes, Stack size 8 bytes, parameter.o(i._GetParamCheck))
<BR><BR>[Stack]<UL><LI>Max Depth = 8<LI>Call Chain = _GetParamCheck
</UL>
<BR>[Called By]<UL><LI><a href="#[d02e04]">&gt;&gt;</a>&nbsp;&nbsp;&nbsp;Load_Param
</UL>

<P><STRONG><a name="[18ea384]"></a>_MakeReadRegRespone</STRONG> (Thumb, 30 bytes, Stack size 0 bytes, modbusprocess.o(i._MakeReadRegRespone))
<BR><BR>[Called By]<UL><LI><a href="#[18ea438]">&gt;&gt;</a>&nbsp;&nbsp;&nbsp;ModbusReadWord
</UL>

<P><STRONG><a name="[18ea348]"></a>_MakeWriteRegRespone</STRONG> (Thumb, 20 bytes, Stack size 0 bytes, modbusprocess.o(i._MakeWriteRegRespone))
<BR><BR>[Called By]<UL><LI><a href="#[18ea3c0]">&gt;&gt;</a>&nbsp;&nbsp;&nbsp;ModbusWriteWord
</UL>

<P><STRONG><a name="[18ea30c]"></a>_ModbusParameterProcess</STRONG> (Thumb, 100 bytes, Stack size 16 bytes, modbusprocess.o(i._ModbusParameterProcess))
<BR><BR>[Stack]<UL><LI>Max Depth = 136 + Unknown Stack Size
<LI>Call Chain = _ModbusParameterProcess &rArr; ModbusWriteWord &rArr; _SendModbusPark &rArr; _SendStringUartx &rArr; Uart1CharSend &rArr; OSTimeDly &rArr; OS_Sched
</UL>
<BR>[Calls]<UL><LI><a href="#[d0332c]">&gt;&gt;</a>&nbsp;&nbsp;&nbsp;ModbusCommand2
<LI><a href="#[d5718c]">&gt;&gt;</a>&nbsp;&nbsp;&nbsp;ModbusCommand1
<LI><a href="#[18ea258]">&gt;&gt;</a>&nbsp;&nbsp;&nbsp;_ModbusWriteBit
<LI><a href="#[18ea2d0]">&gt;&gt;</a>&nbsp;&nbsp;&nbsp;_ModbusReadBit
<LI><a href="#[18ea3c0]">&gt;&gt;</a>&nbsp;&nbsp;&nbsp;ModbusWriteWord
<LI><a href="#[18ea438]">&gt;&gt;</a>&nbsp;&nbsp;&nbsp;ModbusReadWord
</UL>
<BR>[Called By]<UL><LI><a href="#[18ea3fc]">&gt;&gt;</a>&nbsp;&nbsp;&nbsp;ModbusRecvProcess
</UL>

<P><STRONG><a name="[18ea2d0]"></a>_ModbusReadBit</STRONG> (Thumb, 28 bytes, Stack size 16 bytes, modbusprocess.o(i._ModbusReadBit))
<BR><BR>[Stack]<UL><LI>Max Depth = 16<LI>Call Chain = _ModbusReadBit
</UL>
<BR>[Called By]<UL><LI><a href="#[18ea30c]">&gt;&gt;</a>&nbsp;&nbsp;&nbsp;_ModbusParameterProcess
</UL>

<P><STRONG><a name="[18ea258]"></a>_ModbusWriteBit</STRONG> (Thumb, 28 bytes, Stack size 16 bytes, modbusprocess.o(i._ModbusWriteBit))
<BR><BR>[Stack]<UL><LI>Max Depth = 16<LI>Call Chain = _ModbusWriteBit
</UL>
<BR>[Called By]<UL><LI><a href="#[18ea30c]">&gt;&gt;</a>&nbsp;&nbsp;&nbsp;_ModbusParameterProcess
</UL>

<P><STRONG><a name="[d02bac]"></a>_Param_SwapMemery</STRONG> (Thumb, 6 bytes, Stack size 0 bytes, parameter.o(i._Param_SwapMemery))
<BR><BR>[Called By]<UL><LI><a href="#[d02e04]">&gt;&gt;</a>&nbsp;&nbsp;&nbsp;Load_Param
</UL>

<P><STRONG><a name="[18ea1e0]"></a>_PlaceModbusFloat</STRONG> (Thumb, 40 bytes, Stack size 12 bytes, modbusprocess.o(i._PlaceModbusFloat))
<BR><BR>[Stack]<UL><LI>Max Depth = 12<LI>Call Chain = _PlaceModbusFloat
</UL>
<BR>[Called By]<UL><LI><a href="#[18ea3c0]">&gt;&gt;</a>&nbsp;&nbsp;&nbsp;ModbusWriteWord
</UL>

<P><STRONG><a name="[18ea1a4]"></a>_SendModbusPark</STRONG> (Thumb, 38 bytes, Stack size 16 bytes, modbusprocess.o(i._SendModbusPark))
<BR><BR>[Stack]<UL><LI>Max Depth = 80 + Unknown Stack Size
<LI>Call Chain = _SendModbusPark &rArr; _SendStringUartx &rArr; Uart1CharSend &rArr; OSTimeDly &rArr; OS_Sched
</UL>
<BR>[Calls]<UL><LI><a href="#[18ea168]">&gt;&gt;</a>&nbsp;&nbsp;&nbsp;_SendStringUartx
<LI><a href="#[18ea474]">&gt;&gt;</a>&nbsp;&nbsp;&nbsp;GetCRC_Checksum4
</UL>
<BR>[Called By]<UL><LI><a href="#[18ea3c0]">&gt;&gt;</a>&nbsp;&nbsp;&nbsp;ModbusWriteWord
<LI><a href="#[18ea438]">&gt;&gt;</a>&nbsp;&nbsp;&nbsp;ModbusReadWord
</UL>

<P><STRONG><a name="[18ea168]"></a>_SendStringUartx</STRONG> (Thumb, 26 bytes, Stack size 16 bytes, modbusprocess.o(i._SendStringUartx))
<BR><BR>[Stack]<UL><LI>Max Depth = 64 + Unknown Stack Size
<LI>Call Chain = _SendStringUartx &rArr; Uart1CharSend &rArr; OSTimeDly &rArr; OS_Sched
</UL>
<BR>[Calls]<UL><LI><a href="#[d0abe0]">&gt;&gt;</a>&nbsp;&nbsp;&nbsp;Uart1CharSend
</UL>
<BR>[Called By]<UL><LI><a href="#[18ea1a4]">&gt;&gt;</a>&nbsp;&nbsp;&nbsp;_SendModbusPark
<LI><a href="#[18ea3fc]">&gt;&gt;</a>&nbsp;&nbsp;&nbsp;ModbusRecvProcess
</UL>

<P><STRONG><a name="[18e7b34]"></a>__scatterload_copy</STRONG> (Thumb, 14 bytes, Stack size unknown bytes, handlers.o(i.__scatterload_copy), UNUSED)

<P><STRONG><a name="[18e7af8]"></a>__scatterload_null</STRONG> (Thumb, 2 bytes, Stack size unknown bytes, handlers.o(i.__scatterload_null), UNUSED)

<P><STRONG><a name="[18e7abc]"></a>__scatterload_zeroinit</STRONG> (Thumb, 14 bytes, Stack size unknown bytes, handlers.o(i.__scatterload_zeroinit), UNUSED)

<P><STRONG><a name="[d58884]"></a>delay_us</STRONG> (Thumb, 24 bytes, Stack size 0 bytes, ads8328.o(i.delay_us))
<BR><BR>[Called By]<UL><LI><a href="#[d03098]">&gt;&gt;</a>&nbsp;&nbsp;&nbsp;ADS8328_Init
<LI><a href="#[d030d4]">&gt;&gt;</a>&nbsp;&nbsp;&nbsp;ADS8328_DataConvert
<LI><a href="#[d588fc]">&gt;&gt;</a>&nbsp;&nbsp;&nbsp;ADS8328_ReadWord
</UL>

<P><STRONG><a name="[d53fdc]"></a>i2RcvChar</STRONG> (Thumb, 122 bytes, Stack size 24 bytes, at24c1024.o(i.i2RcvChar))
<BR><BR>[Stack]<UL><LI>Max Depth = 40<LI>Call Chain = i2RcvChar &rArr; SendByte
</UL>
<BR>[Calls]<UL><LI><a href="#[d54018]">&gt;&gt;</a>&nbsp;&nbsp;&nbsp;Stop
<LI><a href="#[d54054]">&gt;&gt;</a>&nbsp;&nbsp;&nbsp;Start
<LI><a href="#[d54090]">&gt;&gt;</a>&nbsp;&nbsp;&nbsp;SendByte
<LI><a href="#[d540cc]">&gt;&gt;</a>&nbsp;&nbsp;&nbsp;SendAck
<LI><a href="#[d541f8]">&gt;&gt;</a>&nbsp;&nbsp;&nbsp;RcvByte
</UL>
<BR>[Called By]<UL><LI><a href="#[d541bc]">&gt;&gt;</a>&nbsp;&nbsp;&nbsp;ReadByteEE
</UL>

<P><STRONG><a name="[d0bc0c]"></a>main</STRONG> (Thumb, 74 bytes, Stack size 32 bytes, main.o(i.main))
<BR><BR>[Stack]<UL><LI>Max Depth = 216 + Unknown Stack Size
<LI>Call Chain = main &rArr; OSInit &rArr; OSTmr_Init &rArr; OSTmr_InitTask &rArr; OSTaskCreateExt &rArr; OS_TCBInit &rArr; OSTaskCreateHook
</UL>
<BR>[Calls]<UL><LI><a href="#[d0b978]">&gt;&gt;</a>&nbsp;&nbsp;&nbsp;OSTaskNameSet
<LI><a href="#[d0b9b4]">&gt;&gt;</a>&nbsp;&nbsp;&nbsp;OSTaskCreateExt
<LI><a href="#[d0ba2c]">&gt;&gt;</a>&nbsp;&nbsp;&nbsp;OSStart
<LI><a href="#[d0ba68]">&gt;&gt;</a>&nbsp;&nbsp;&nbsp;OSInit
<LI><a href="#[d0bae0]">&gt;&gt;</a>&nbsp;&nbsp;&nbsp;IspMarkLoad
<LI><a href="#[d0bb94]">&gt;&gt;</a>&nbsp;&nbsp;&nbsp;CPU_IntDis
</UL>
<BR>[Address Reference Count : 1]<UL><LI> entry7.o(.ARM.Collect$$$$00000007)
</UL>
<P><STRONG><a name="[d53e38]"></a>nop_</STRONG> (Thumb, 16 bytes, Stack size 0 bytes, at24c1024.o(i.nop_))
<BR><BR>[Called By]<UL><LI><a href="#[d54018]">&gt;&gt;</a>&nbsp;&nbsp;&nbsp;Stop
<LI><a href="#[d54054]">&gt;&gt;</a>&nbsp;&nbsp;&nbsp;Start
<LI><a href="#[d54090]">&gt;&gt;</a>&nbsp;&nbsp;&nbsp;SendByte
<LI><a href="#[d540cc]">&gt;&gt;</a>&nbsp;&nbsp;&nbsp;SendAck
<LI><a href="#[d541f8]">&gt;&gt;</a>&nbsp;&nbsp;&nbsp;RcvByte
</UL>
<P>
<H3>
Local Symbols
</H3>
<P><STRONG><a name="[d0bf18]"></a>App_TaskCreate</STRONG> (Thumb, 8 bytes, Stack size 8 bytes, main.o(i.App_TaskCreate))
<BR><BR>[Stack]<UL><LI>Max Depth = 160 + Unknown Stack Size
<LI>Call Chain = App_TaskCreate &rArr; App_BlinkTaskCreate &rArr; OSTaskCreateExt &rArr; OS_TCBInit &rArr; OSTaskCreateHook
</UL>
<BR>[Calls]<UL><LI><a href="#[d0bbd0]">&gt;&gt;</a>&nbsp;&nbsp;&nbsp;App_BlinkTaskCreate
</UL>
<BR>[Called By]<UL><LI><a href="#[d0bedc]">&gt;&gt;</a>&nbsp;&nbsp;&nbsp;App_TaskStart
</UL>

<P><STRONG><a name="[d0bedc]"></a>App_TaskStart</STRONG> (Thumb, 74 bytes, Stack size 8 bytes, main.o(i.App_TaskStart))
<BR><BR>[Stack]<UL><LI>Max Depth = 168 + Unknown Stack Size
<LI>Call Chain = App_TaskStart &rArr; App_TaskCreate &rArr; App_BlinkTaskCreate &rArr; OSTaskCreateExt &rArr; OS_TCBInit &rArr; OSTaskCreateHook
</UL>
<BR>[Calls]<UL><LI><a href="#[d0b8c4]">&gt;&gt;</a>&nbsp;&nbsp;&nbsp;SendText_UART1
<LI><a href="#[d0b900]">&gt;&gt;</a>&nbsp;&nbsp;&nbsp;OS_CPU_SysTickInit
<LI><a href="#[d0b93c]">&gt;&gt;</a>&nbsp;&nbsp;&nbsp;OSTimeDlyHMSM
<LI><a href="#[d0b9f0]">&gt;&gt;</a>&nbsp;&nbsp;&nbsp;OSStatInit
<LI><a href="#[d0baa4]">&gt;&gt;</a>&nbsp;&nbsp;&nbsp;NVIC_PriorityGroupConfig
<LI><a href="#[d0bb1c]">&gt;&gt;</a>&nbsp;&nbsp;&nbsp;InitUSART1
<LI><a href="#[d0bb58]">&gt;&gt;</a>&nbsp;&nbsp;&nbsp;InitGpio
<LI><a href="#[d0bea0]">&gt;&gt;</a>&nbsp;&nbsp;&nbsp;GPIO_Configuration
<LI><a href="#[d0bf18]">&gt;&gt;</a>&nbsp;&nbsp;&nbsp;App_TaskCreate
</UL>
<BR>[Address Reference Count : 1]<UL><LI> main.o(i.main)
</UL>
<P><STRONG><a name="[d0bea0]"></a>GPIO_Configuration</STRONG> (Thumb, 2 bytes, Stack size 0 bytes, main.o(i.GPIO_Configuration))
<BR><BR>[Called By]<UL><LI><a href="#[d0bedc]">&gt;&gt;</a>&nbsp;&nbsp;&nbsp;App_TaskStart
</UL>

<P><STRONG><a name="[d0611c]"></a>MyTASK</STRONG> (Thumb, 30 bytes, Stack size 8 bytes, soft.o(i.MyTASK))
<BR><BR>[Stack]<UL><LI>Max Depth = 56 + Unknown Stack Size
<LI>Call Chain = MyTASK &rArr; OSTimeDlyHMSM &rArr; OSTimeDly &rArr; OS_Sched
</UL>
<BR>[Calls]<UL><LI><a href="#[d0b93c]">&gt;&gt;</a>&nbsp;&nbsp;&nbsp;OSTimeDlyHMSM
</UL>
<BR>[Address Reference Count : 1]<UL><LI> soft.o(i.App_BlinkTaskCreate)
</UL>
<P><STRONG><a name="[d060e0]"></a>uctsk_Blink</STRONG> (Thumb, 30 bytes, Stack size 8 bytes, soft.o(i.uctsk_Blink))
<BR><BR>[Stack]<UL><LI>Max Depth = 56 + Unknown Stack Size
<LI>Call Chain = uctsk_Blink &rArr; OSTimeDlyHMSM &rArr; OSTimeDly &rArr; OS_Sched
</UL>
<BR>[Calls]<UL><LI><a href="#[d0b93c]">&gt;&gt;</a>&nbsp;&nbsp;&nbsp;OSTimeDlyHMSM
</UL>
<BR>[Address Reference Count : 1]<UL><LI> soft.o(i.App_BlinkTaskCreate)
</UL>
<P><STRONG><a name="[1894b54]"></a>SetSysClock</STRONG> (Thumb, 8 bytes, Stack size 8 bytes, system_stm32f10x.o(i.SetSysClock))
<BR><BR>[Stack]<UL><LI>Max Depth = 8<LI>Call Chain = SetSysClock
</UL>
<BR>[Calls]<UL><LI><a href="#[1894b18]">&gt;&gt;</a>&nbsp;&nbsp;&nbsp;SetSysClockTo72
</UL>
<BR>[Called By]<UL><LI><a href="#[1894848]">&gt;&gt;</a>&nbsp;&nbsp;&nbsp;SystemInit
</UL>

<P><STRONG><a name="[1894b18]"></a>SetSysClockTo72</STRONG> (Thumb, 240 bytes, Stack size 0 bytes, system_stm32f10x.o(i.SetSysClockTo72))
<BR><BR>[Called By]<UL><LI><a href="#[1894b54]">&gt;&gt;</a>&nbsp;&nbsp;&nbsp;SetSysClock
</UL>

<P><STRONG><a name="[188d78c]"></a>OS_InitEventList</STRONG> (Thumb, 84 bytes, Stack size 16 bytes, os_core.o(i.OS_InitEventList))
<BR><BR>[Stack]<UL><LI>Max Depth = 16<LI>Call Chain = OS_InitEventList
</UL>
<BR>[Calls]<UL><LI><a href="#[188c8c8]">&gt;&gt;</a>&nbsp;&nbsp;&nbsp;OS_MemClr
</UL>
<BR>[Called By]<UL><LI><a href="#[d0ba68]">&gt;&gt;</a>&nbsp;&nbsp;&nbsp;OSInit
</UL>

<P><STRONG><a name="[188d750]"></a>OS_InitMisc</STRONG> (Thumb, 44 bytes, Stack size 0 bytes, os_core.o(i.OS_InitMisc))
<BR><BR>[Called By]<UL><LI><a href="#[d0ba68]">&gt;&gt;</a>&nbsp;&nbsp;&nbsp;OSInit
</UL>

<P><STRONG><a name="[188d714]"></a>OS_InitRdyList</STRONG> (Thumb, 44 bytes, Stack size 0 bytes, os_core.o(i.OS_InitRdyList))
<BR><BR>[Called By]<UL><LI><a href="#[d0ba68]">&gt;&gt;</a>&nbsp;&nbsp;&nbsp;OSInit
</UL>

<P><STRONG><a name="[188d6d8]"></a>OS_InitTCBList</STRONG> (Thumb, 106 bytes, Stack size 16 bytes, os_core.o(i.OS_InitTCBList))
<BR><BR>[Stack]<UL><LI>Max Depth = 16<LI>Call Chain = OS_InitTCBList
</UL>
<BR>[Calls]<UL><LI><a href="#[188c8c8]">&gt;&gt;</a>&nbsp;&nbsp;&nbsp;OS_MemClr
</UL>
<BR>[Called By]<UL><LI><a href="#[d0ba68]">&gt;&gt;</a>&nbsp;&nbsp;&nbsp;OSInit
</UL>

<P><STRONG><a name="[188d69c]"></a>OS_InitTaskIdle</STRONG> (Thumb, 54 bytes, Stack size 32 bytes, os_core.o(i.OS_InitTaskIdle))
<BR><BR>[Stack]<UL><LI>Max Depth = 152 + Unknown Stack Size
<LI>Call Chain = OS_InitTaskIdle &rArr; OSTaskCreateExt &rArr; OS_TCBInit &rArr; OSTaskCreateHook
</UL>
<BR>[Calls]<UL><LI><a href="#[d0b978]">&gt;&gt;</a>&nbsp;&nbsp;&nbsp;OSTaskNameSet
<LI><a href="#[d0b9b4]">&gt;&gt;</a>&nbsp;&nbsp;&nbsp;OSTaskCreateExt
</UL>
<BR>[Called By]<UL><LI><a href="#[d0ba68]">&gt;&gt;</a>&nbsp;&nbsp;&nbsp;OSInit
</UL>

<P><STRONG><a name="[188d660]"></a>OS_InitTaskStat</STRONG> (Thumb, 54 bytes, Stack size 32 bytes, os_core.o(i.OS_InitTaskStat))
<BR><BR>[Stack]<UL><LI>Max Depth = 152 + Unknown Stack Size
<LI>Call Chain = OS_InitTaskStat &rArr; OSTaskCreateExt &rArr; OS_TCBInit &rArr; OSTaskCreateHook
</UL>
<BR>[Calls]<UL><LI><a href="#[d0b978]">&gt;&gt;</a>&nbsp;&nbsp;&nbsp;OSTaskNameSet
<LI><a href="#[d0b9b4]">&gt;&gt;</a>&nbsp;&nbsp;&nbsp;OSTaskCreateExt
</UL>
<BR>[Called By]<UL><LI><a href="#[d0ba68]">&gt;&gt;</a>&nbsp;&nbsp;&nbsp;OSInit
</UL>

<P><STRONG><a name="[188d624]"></a>OS_SchedNew</STRONG> (Thumb, 26 bytes, Stack size 0 bytes, os_core.o(i.OS_SchedNew))
<BR><BR>[Called By]<UL><LI><a href="#[d06dc4]">&gt;&gt;</a>&nbsp;&nbsp;&nbsp;OSIntExit
<LI><a href="#[d0ba2c]">&gt;&gt;</a>&nbsp;&nbsp;&nbsp;OSStart
<LI><a href="#[188c850]">&gt;&gt;</a>&nbsp;&nbsp;&nbsp;OS_Sched
</UL>

<P><STRONG><a name="[18f15e4]"></a>OSTmr_InitTask</STRONG> (Thumb, 54 bytes, Stack size 32 bytes, os_tmr.o(i.OSTmr_InitTask))
<BR><BR>[Stack]<UL><LI>Max Depth = 152 + Unknown Stack Size
<LI>Call Chain = OSTmr_InitTask &rArr; OSTaskCreateExt &rArr; OS_TCBInit &rArr; OSTaskCreateHook
</UL>
<BR>[Calls]<UL><LI><a href="#[d0b978]">&gt;&gt;</a>&nbsp;&nbsp;&nbsp;OSTaskNameSet
<LI><a href="#[d0b9b4]">&gt;&gt;</a>&nbsp;&nbsp;&nbsp;OSTaskCreateExt
</UL>
<BR>[Called By]<UL><LI><a href="#[188c670]">&gt;&gt;</a>&nbsp;&nbsp;&nbsp;OSTmr_Init
</UL>

<P><STRONG><a name="[18f15a8]"></a>OSTmr_Link</STRONG> (Thumb, 98 bytes, Stack size 16 bytes, os_tmr.o(i.OSTmr_Link))
<BR><BR>[Stack]<UL><LI>Max Depth = 16<LI>Call Chain = OSTmr_Link
</UL>
<BR>[Called By]<UL><LI><a href="#[18f156c]">&gt;&gt;</a>&nbsp;&nbsp;&nbsp;OSTmr_Task
</UL>

<P><STRONG><a name="[18f156c]"></a>OSTmr_Task</STRONG> (Thumb, 118 bytes, Stack size 32 bytes, os_tmr.o(i.OSTmr_Task))
<BR><BR>[Stack]<UL><LI>Max Depth = 64 + Unknown Stack Size
<LI>Call Chain = OSTmr_Task &rArr; OSSemPend &rArr; OS_Sched
</UL>
<BR>[Calls]<UL><LI><a href="#[d02d50]">&gt;&gt;</a>&nbsp;&nbsp;&nbsp;OSSemPend
<LI><a href="#[188cae4]">&gt;&gt;</a>&nbsp;&nbsp;&nbsp;OSSchedUnlock
<LI><a href="#[188cb20]">&gt;&gt;</a>&nbsp;&nbsp;&nbsp;OSSchedLock
<LI><a href="#[18f1530]">&gt;&gt;</a>&nbsp;&nbsp;&nbsp;OSTmr_Unlink
<LI><a href="#[18f15a8]">&gt;&gt;</a>&nbsp;&nbsp;&nbsp;OSTmr_Link
</UL>
<BR>[Address Reference Count : 1]<UL><LI> os_tmr.o(i.OSTmr_InitTask)
</UL>
<P><STRONG><a name="[18f1530]"></a>OSTmr_Unlink</STRONG> (Thumb, 62 bytes, Stack size 12 bytes, os_tmr.o(i.OSTmr_Unlink))
<BR><BR>[Stack]<UL><LI>Max Depth = 12<LI>Call Chain = OSTmr_Unlink
</UL>
<BR>[Called By]<UL><LI><a href="#[18f156c]">&gt;&gt;</a>&nbsp;&nbsp;&nbsp;OSTmr_Task
</UL>

<P><STRONG><a name="[18e940c]"></a>_float_addcore</STRONG> (Thumb, 122 bytes, Stack size 16 bytes, fadd.o(.text))
<BR><BR>[Stack]<UL><LI>Max Depth = 24<LI>Call Chain = _float_addcore &rArr; _float_epilogue
</UL>
<BR>[Calls]<UL><LI><a href="#[18e9358]">&gt;&gt;</a>&nbsp;&nbsp;&nbsp;_float_epilogue
</UL>
<BR>[Called By]<UL><LI><a href="#[d02918]">&gt;&gt;</a>&nbsp;&nbsp;&nbsp;__aeabi_fsub
<LI><a href="#[d029cc]">&gt;&gt;</a>&nbsp;&nbsp;&nbsp;__aeabi_fadd
<LI><a href="#[18e93d0]">&gt;&gt;</a>&nbsp;&nbsp;&nbsp;__aeabi_frsub
</UL>

<P><STRONG><a name="[18e9100]"></a>_double_addcore</STRONG> (Thumb, 270 bytes, Stack size 72 bytes, dadd.o(.text))
<BR><BR>[Stack]<UL><LI>Max Depth = 120<LI>Call Chain = _double_addcore &rArr; _double_epilogue &rArr; _double_round
</UL>
<BR>[Calls]<UL><LI><a href="#[18e82b4]">&gt;&gt;</a>&nbsp;&nbsp;&nbsp;__aeabi_llsr
<LI><a href="#[18e83e0]">&gt;&gt;</a>&nbsp;&nbsp;&nbsp;__aeabi_llsl
<LI><a href="#[18e9010]">&gt;&gt;</a>&nbsp;&nbsp;&nbsp;_double_epilogue
</UL>
<BR>[Called By]<UL><LI><a href="#[d02a44]">&gt;&gt;</a>&nbsp;&nbsp;&nbsp;__aeabi_dsub
<LI><a href="#[d02a80]">&gt;&gt;</a>&nbsp;&nbsp;&nbsp;__aeabi_dadd
<LI><a href="#[18e90c4]">&gt;&gt;</a>&nbsp;&nbsp;&nbsp;__aeabi_drsub
</UL>
<P>
<H3>
Undefined Global Symbols
</H3><HR></body></html>
